[    0.000000] microcode: microcode updated early to revision 0x2f, date = 2019-11-12
[    0.000000] Linux version 5.15.0-76-generic (buildd@lcy02-amd64-028) (gcc (Ubuntu 11.3.0-1ubuntu1~22.04.1) 11.3.0, GNU ld (GNU Binutils for Ubuntu) 2.38) #83-Ubuntu SMP Thu Jun 15 19:16:32 UTC 2023 (Ubuntu 5.15.0-76.83-generic 5.15.99)
[    0.000000] Command line: BOOT_IMAGE=/boot/vmlinuz-5.15.0-76-generic root=UUID=beaa96e2-7da7-4845-87b7-9dd4c2d329f2 ro quiet splash
[    0.000000] KERNEL supported cpus:
[    0.000000]   Intel GenuineIntel
[    0.000000]   AMD AuthenticAMD
[    0.000000]   Hygon HygonGenuine
[    0.000000]   Centaur CentaurHauls
[    0.000000]   zhaoxin   Shanghai  
[    0.000000] x86/fpu: Supporting XSAVE feature 0x001: 'x87 floating point registers'
[    0.000000] x86/fpu: Supporting XSAVE feature 0x002: 'SSE registers'
[    0.000000] x86/fpu: Supporting XSAVE feature 0x004: 'AVX registers'
[    0.000000] x86/fpu: xstate_offset[2]:  576, xstate_sizes[2]:  256
[    0.000000] x86/fpu: Enabled xstate features 0x7, context size is 832 bytes, using 'standard' format.
[    0.000000] signal: max sigframe size: 1776
[    0.000000] BIOS-provided physical RAM map:
[    0.000000] BIOS-e820: [mem 0x0000000000000000-0x0000000000057fff] usable
[    0.000000] BIOS-e820: [mem 0x0000000000058000-0x0000000000058fff] reserved
[    0.000000] BIOS-e820: [mem 0x0000000000059000-0x000000000009ffff] usable
[    0.000000] BIOS-e820: [mem 0x00000000000a0000-0x00000000000bffff] reserved
[    0.000000] BIOS-e820: [mem 0x0000000000100000-0x000000008ad00fff] usable
[    0.000000] BIOS-e820: [mem 0x000000008ad01000-0x000000008ad48fff] ACPI NVS
[    0.000000] BIOS-e820: [mem 0x000000008ad49000-0x000000008ad60fff] usable
[    0.000000] BIOS-e820: [mem 0x000000008ad61000-0x000000008ad8efff] ACPI data
[    0.000000] BIOS-e820: [mem 0x000000008ad8f000-0x000000008ae38fff] usable
[    0.000000] BIOS-e820: [mem 0x000000008ae39000-0x000000008ae8efff] reserved
[    0.000000] BIOS-e820: [mem 0x000000008ae8f000-0x000000008aecbfff] usable
[    0.000000] BIOS-e820: [mem 0x000000008aecc000-0x000000008aefefff] reserved
[    0.000000] BIOS-e820: [mem 0x000000008aeff000-0x000000008afa6fff] usable
[    0.000000] BIOS-e820: [mem 0x000000008afa7000-0x000000008afdefff] reserved
[    0.000000] BIOS-e820: [mem 0x000000008afdf000-0x000000008affffff] usable
[    0.000000] BIOS-e820: [mem 0x000000008b000000-0x000000008fffffff] reserved
[    0.000000] BIOS-e820: [mem 0x00000000e00f8000-0x00000000e00f8fff] reserved
[    0.000000] BIOS-e820: [mem 0x00000000fed1c000-0x00000000fed1ffff] reserved
[    0.000000] BIOS-e820: [mem 0x00000000ffd70000-0x00000000ffd9ffff] reserved
[    0.000000] BIOS-e820: [mem 0x0000000100000000-0x000000026effffff] usable
[    0.000000] NX (Execute Disable) protection: active
[    0.000000] e820: update [mem 0x74a2d810-0x74a2dcd2] usable ==> usable
[    0.000000] e820: update [mem 0x74a2d810-0x74a2dcd2] usable ==> usable
[    0.000000] extended physical RAM map:
[    0.000000] reserve setup_data: [mem 0x0000000000000000-0x0000000000057fff] usable
[    0.000000] reserve setup_data: [mem 0x0000000000058000-0x0000000000058fff] reserved
[    0.000000] reserve setup_data: [mem 0x0000000000059000-0x000000000009ffff] usable
[    0.000000] reserve setup_data: [mem 0x00000000000a0000-0x00000000000bffff] reserved
[    0.000000] reserve setup_data: [mem 0x0000000000100000-0x0000000074a2d80f] usable
[    0.000000] reserve setup_data: [mem 0x0000000074a2d810-0x0000000074a2dcd2] usable
[    0.000000] reserve setup_data: [mem 0x0000000074a2dcd3-0x000000008ad00fff] usable
[    0.000000] reserve setup_data: [mem 0x000000008ad01000-0x000000008ad48fff] ACPI NVS
[    0.000000] reserve setup_data: [mem 0x000000008ad49000-0x000000008ad60fff] usable
[    0.000000] reserve setup_data: [mem 0x000000008ad61000-0x000000008ad8efff] ACPI data
[    0.000000] reserve setup_data: [mem 0x000000008ad8f000-0x000000008ae38fff] usable
[    0.000000] reserve setup_data: [mem 0x000000008ae39000-0x000000008ae8efff] reserved
[    0.000000] reserve setup_data: [mem 0x000000008ae8f000-0x000000008aecbfff] usable
[    0.000000] reserve setup_data: [mem 0x000000008aecc000-0x000000008aefefff] reserved
[    0.000000] reserve setup_data: [mem 0x000000008aeff000-0x000000008afa6fff] usable
[    0.000000] reserve setup_data: [mem 0x000000008afa7000-0x000000008afdefff] reserved
[    0.000000] reserve setup_data: [mem 0x000000008afdf000-0x000000008affffff] usable
[    0.000000] reserve setup_data: [mem 0x000000008b000000-0x000000008fffffff] reserved
[    0.000000] reserve setup_data: [mem 0x00000000e00f8000-0x00000000e00f8fff] reserved
[    0.000000] reserve setup_data: [mem 0x00000000fed1c000-0x00000000fed1ffff] reserved
[    0.000000] reserve setup_data: [mem 0x00000000ffd70000-0x00000000ffd9ffff] reserved
[    0.000000] reserve setup_data: [mem 0x0000000100000000-0x000000026effffff] usable
[    0.000000] efi: EFI v1.10 by Apple
[    0.000000] efi: ACPI=0x8ad8e000 ACPI 2.0=0x8ad8e014 SMBIOS=0x8afad000 MOKvar=0x8ae39000 
[    0.000000] secureboot: Secure boot disabled
[    0.000000] SMBIOS 2.7 present.
[    0.000000] DMI: Apple Inc. MacBookPro12,1/Mac-E43C1C25D4880AD6, BIOS MBP121.88Z.0177.B00.1806051659 06/05/2018
[    0.000000] tsc: Fast TSC calibration using PIT
[    0.000000] tsc: Detected 2700.198 MHz processor
[    0.000150] e820: update [mem 0x00000000-0x00000fff] usable ==> reserved
[    0.000154] e820: remove [mem 0x000a0000-0x000fffff] usable
[    0.000164] last_pfn = 0x26f000 max_arch_pfn = 0x400000000
[    0.000301] x86/PAT: Configuration [0-7]: WB  WC  UC- UC  WB  WP  UC- WT  
[    0.000985] last_pfn = 0x8b000 max_arch_pfn = 0x400000000
[    0.012610] Using GB pages for direct mapping
[    0.013523] secureboot: Secure boot disabled
[    0.013524] RAMDISK: [mem 0x60284000-0x68437fff]
[    0.013529] ACPI: Early table checksum verification disabled
[    0.013533] ACPI: RSDP 0x000000008AD8E014 000024 (v02 APPLE )
[    0.013537] ACPI: XSDT 0x000000008AD8E1C0 00009C (v01 APPLE  Apple00  00000000      01000013)
[    0.013543] ACPI: FACP 0x000000008AD8C000 0000F4 (v05 APPLE  Apple00  00000000 Loki 0000005F)
[    0.013549] ACPI: DSDT 0x000000008AD7E000 0089FE (v03 APPLE  MacBookP 00010000 INTL 20140424)
[    0.013553] ACPI: FACS 0x000000008AD06000 000040
[    0.013556] ACPI: FACS 0x000000008AD06000 000040
[    0.013559] ACPI: HPET 0x000000008AD8B000 000038 (v01 APPLE  Apple00  00000001 Loki 0000005F)
[    0.013562] ACPI: APIC 0x000000008AD8A000 0000BC (v02 APPLE  Apple00  00000001 Loki 0000005F)
[    0.013566] ACPI: SBST 0x000000008AD88000 000030 (v01 APPLE  Apple00  00000001 Loki 0000005F)
[    0.013569] ACPI: ECDT 0x000000008AD87000 000053 (v01 APPLE  Apple00  00000001 Loki 0000005F)
[    0.013572] ACPI: SSDT 0x000000008AD7D000 00010B (v01 APPLE  SataAhci 00001000 INTL 20140424)
[    0.013576] ACPI: SSDT 0x000000008AD7C000 000024 (v01 APPLE  SmcDppt  00001000 INTL 20140424)
[    0.013579] ACPI: SSDT 0x000000008AD7B000 000032 (v01 APPLE  SsdtS3   00001000 INTL 20140424)
[    0.013583] ACPI: SSDT 0x000000008AD78000 002B50 (v01 APPLE  PcieTbt  00001000 INTL 20140424)
[    0.013586] ACPI: SSDT 0x000000008AD6B000 0000B8 (v01 APPLE  Sdxc     00001000 INTL 20140424)
[    0.013590] ACPI: SSDT 0x000000008AD6A000 000A74 (v02 APPLE  Xhci     00001000 INTL 20140424)
[    0.013593] ACPI: SSDT 0x000000008AD63000 000618 (v01 PmRef  Cpu0Ist  00003000 INTL 20140424)
[    0.013597] ACPI: SSDT 0x000000008AD62000 000C17 (v01 CpuRef CpuSsdt  00003000 INTL 20140424)
[    0.013600] ACPI: DMAR 0x000000008AD61000 000088 (v01 APPLE  BDW      00000001 INTL 00000001)
[    0.013604] ACPI: MCFG 0x000000008AD89000 00003C (v01 APPLE  Apple00  00000001 Loki 0000005F)
[    0.013607] ACPI: Reserving FACP table memory at [mem 0x8ad8c000-0x8ad8c0f3]
[    0.013608] ACPI: Reserving DSDT table memory at [mem 0x8ad7e000-0x8ad869fd]
[    0.013609] ACPI: Reserving FACS table memory at [mem 0x8ad06000-0x8ad0603f]
[    0.013611] ACPI: Reserving FACS table memory at [mem 0x8ad06000-0x8ad0603f]
[    0.013612] ACPI: Reserving HPET table memory at [mem 0x8ad8b000-0x8ad8b037]
[    0.013613] ACPI: Reserving APIC table memory at [mem 0x8ad8a000-0x8ad8a0bb]
[    0.013614] ACPI: Reserving SBST table memory at [mem 0x8ad88000-0x8ad8802f]
[    0.013615] ACPI: Reserving ECDT table memory at [mem 0x8ad87000-0x8ad87052]
[    0.013616] ACPI: Reserving SSDT table memory at [mem 0x8ad7d000-0x8ad7d10a]
[    0.013617] ACPI: Reserving SSDT table memory at [mem 0x8ad7c000-0x8ad7c023]
[    0.013618] ACPI: Reserving SSDT table memory at [mem 0x8ad7b000-0x8ad7b031]
[    0.013619] ACPI: Reserving SSDT table memory at [mem 0x8ad78000-0x8ad7ab4f]
[    0.013620] ACPI: Reserving SSDT table memory at [mem 0x8ad6b000-0x8ad6b0b7]
[    0.013621] ACPI: Reserving SSDT table memory at [mem 0x8ad6a000-0x8ad6aa73]
[    0.013622] ACPI: Reserving SSDT table memory at [mem 0x8ad63000-0x8ad63617]
[    0.013623] ACPI: Reserving SSDT table memory at [mem 0x8ad62000-0x8ad62c16]
[    0.013624] ACPI: Reserving DMAR table memory at [mem 0x8ad61000-0x8ad61087]
[    0.013625] ACPI: Reserving MCFG table memory at [mem 0x8ad89000-0x8ad8903b]
[    0.013634] ACPI: DMI detected to setup _OSI("Darwin"): Apple hardware
[    0.013747] No NUMA configuration found
[    0.013748] Faking a node at [mem 0x0000000000000000-0x000000026effffff]
[    0.013759] NODE_DATA(0) allocated [mem 0x26efd6000-0x26effffff]
[    0.014167] Zone ranges:
[    0.014168]   DMA      [mem 0x0000000000001000-0x0000000000ffffff]
[    0.014170]   DMA32    [mem 0x0000000001000000-0x00000000ffffffff]
[    0.014172]   Normal   [mem 0x0000000100000000-0x000000026effffff]
[    0.014174]   Device   empty
[    0.014175] Movable zone start for each node
[    0.014178] Early memory node ranges
[    0.014179]   node   0: [mem 0x0000000000001000-0x0000000000057fff]
[    0.014180]   node   0: [mem 0x0000000000059000-0x000000000009ffff]
[    0.014181]   node   0: [mem 0x0000000000100000-0x000000008ad00fff]
[    0.014183]   node   0: [mem 0x000000008ad49000-0x000000008ad60fff]
[    0.014184]   node   0: [mem 0x000000008ad8f000-0x000000008ae38fff]
[    0.014185]   node   0: [mem 0x000000008ae8f000-0x000000008aecbfff]
[    0.014186]   node   0: [mem 0x000000008aeff000-0x000000008afa6fff]
[    0.014187]   node   0: [mem 0x000000008afdf000-0x000000008affffff]
[    0.014188]   node   0: [mem 0x0000000100000000-0x000000026effffff]
[    0.014190] Initmem setup node 0 [mem 0x0000000000001000-0x000000026effffff]
[    0.014195] On node 0, zone DMA: 1 pages in unavailable ranges
[    0.014197] On node 0, zone DMA: 1 pages in unavailable ranges
[    0.014242] On node 0, zone DMA: 96 pages in unavailable ranges
[    0.020608] On node 0, zone DMA32: 72 pages in unavailable ranges
[    0.020615] On node 0, zone DMA32: 46 pages in unavailable ranges
[    0.020618] On node 0, zone DMA32: 86 pages in unavailable ranges
[    0.020621] On node 0, zone DMA32: 51 pages in unavailable ranges
[    0.020623] On node 0, zone DMA32: 56 pages in unavailable ranges
[    0.037845] On node 0, zone Normal: 20480 pages in unavailable ranges
[    0.037897] On node 0, zone Normal: 4096 pages in unavailable ranges
[    0.037905] Reserving Intel graphics memory at [mem 0x8c000000-0x8fffffff]
[    0.038057] ACPI: PM-Timer IO Port: 0x1808
[    0.038066] ACPI: LAPIC_NMI (acpi_id[0x01] high edge lint[0x1])
[    0.038068] ACPI: LAPIC_NMI (acpi_id[0x02] high edge lint[0x1])
[    0.038069] ACPI: LAPIC_NMI (acpi_id[0x03] high edge lint[0x1])
[    0.038070] ACPI: LAPIC_NMI (acpi_id[0x04] high edge lint[0x1])
[    0.038071] ACPI: LAPIC_NMI (acpi_id[0x05] high edge lint[0x1])
[    0.038072] ACPI: LAPIC_NMI (acpi_id[0x06] high edge lint[0x1])
[    0.038073] ACPI: LAPIC_NMI (acpi_id[0x07] high edge lint[0x1])
[    0.038074] ACPI: LAPIC_NMI (acpi_id[0x08] high edge lint[0x1])
[    0.038085] IOAPIC[0]: apic_id 2, version 32, address 0xfec00000, GSI 0-39
[    0.038088] ACPI: INT_SRC_OVR (bus 0 bus_irq 0 global_irq 2 dfl dfl)
[    0.038090] ACPI: INT_SRC_OVR (bus 0 bus_irq 9 global_irq 9 high level)
[    0.038094] ACPI: Using ACPI (MADT) for SMP configuration information
[    0.038096] ACPI: HPET id: 0x8086a201 base: 0xfed00000
[    0.038100] TSC deadline timer available
[    0.038101] smpboot: Allowing 4 CPUs, 0 hotplug CPUs
[    0.038122] PM: hibernation: Registered nosave memory: [mem 0x00000000-0x00000fff]
[    0.038124] PM: hibernation: Registered nosave memory: [mem 0x00058000-0x00058fff]
[    0.038127] PM: hibernation: Registered nosave memory: [mem 0x000a0000-0x000bffff]
[    0.038128] PM: hibernation: Registered nosave memory: [mem 0x000c0000-0x000fffff]
[    0.038129] PM: hibernation: Registered nosave memory: [mem 0x74a2d000-0x74a2dfff]
[    0.038132] PM: hibernation: Registered nosave memory: [mem 0x74a2d000-0x74a2dfff]
[    0.038134] PM: hibernation: Registered nosave memory: [mem 0x8ad01000-0x8ad48fff]
[    0.038136] PM: hibernation: Registered nosave memory: [mem 0x8ad61000-0x8ad8efff]
[    0.038137] PM: hibernation: Registered nosave memory: [mem 0x8ae39000-0x8ae8efff]
[    0.038139] PM: hibernation: Registered nosave memory: [mem 0x8aecc000-0x8aefefff]
[    0.038141] PM: hibernation: Registered nosave memory: [mem 0x8afa7000-0x8afdefff]
[    0.038143] PM: hibernation: Registered nosave memory: [mem 0x8b000000-0x8fffffff]
[    0.038144] PM: hibernation: Registered nosave memory: [mem 0x90000000-0xe00f7fff]
[    0.038146] PM: hibernation: Registered nosave memory: [mem 0xe00f8000-0xe00f8fff]
[    0.038146] PM: hibernation: Registered nosave memory: [mem 0xe00f9000-0xfed1bfff]
[    0.038147] PM: hibernation: Registered nosave memory: [mem 0xfed1c000-0xfed1ffff]
[    0.038148] PM: hibernation: Registered nosave memory: [mem 0xfed20000-0xffd6ffff]
[    0.038149] PM: hibernation: Registered nosave memory: [mem 0xffd70000-0xffd9ffff]
[    0.038150] PM: hibernation: Registered nosave memory: [mem 0xffda0000-0xffffffff]
[    0.038152] [mem 0x90000000-0xe00f7fff] available for PCI devices
[    0.038155] Booting paravirtualized kernel on bare hardware
[    0.038157] clocksource: refined-jiffies: mask: 0xffffffff max_cycles: 0xffffffff, max_idle_ns: 7645519600211568 ns
[    0.038165] setup_percpu: NR_CPUS:8192 nr_cpumask_bits:4 nr_cpu_ids:4 nr_node_ids:1
[    0.038419] percpu: Embedded 60 pages/cpu s208896 r8192 d28672 u524288
[    0.038427] pcpu-alloc: s208896 r8192 d28672 u524288 alloc=1*2097152
[    0.038429] pcpu-alloc: [0] 0 1 2 3 
[    0.038462] Built 1 zonelists, mobility grouping on.  Total pages: 2039629
[    0.038464] Policy zone: Normal
[    0.038465] Kernel command line: BOOT_IMAGE=/boot/vmlinuz-5.15.0-76-generic root=UUID=beaa96e2-7da7-4845-87b7-9dd4c2d329f2 ro quiet splash
[    0.038538] Unknown kernel command line parameters "splash BOOT_IMAGE=/boot/vmlinuz-5.15.0-76-generic", will be passed to user space.
[    0.039125] Dentry cache hash table entries: 1048576 (order: 11, 8388608 bytes, linear)
[    0.039421] Inode-cache hash table entries: 524288 (order: 10, 4194304 bytes, linear)
[    0.039472] mem auto-init: stack:off, heap alloc:on, heap free:off
[    0.071711] Memory: 7523328K/8288668K available (16393K kernel code, 4383K rwdata, 10844K rodata, 3248K init, 18832K bss, 765080K reserved, 0K cma-reserved)
[    0.072350] SLUB: HWalign=64, Order=0-3, MinObjects=0, CPUs=4, Nodes=1
[    0.072377] Kernel/User page tables isolation: enabled
[    0.072395] ftrace: allocating 50600 entries in 198 pages
[    0.097808] ftrace: allocated 198 pages with 4 groups
[    0.097966] rcu: Hierarchical RCU implementation.
[    0.097968] rcu: 	RCU restricting CPUs from NR_CPUS=8192 to nr_cpu_ids=4.
[    0.097970] 	Rude variant of Tasks RCU enabled.
[    0.097970] 	Tracing variant of Tasks RCU enabled.
[    0.097971] rcu: RCU calculated value of scheduler-enlistment delay is 25 jiffies.
[    0.097972] rcu: Adjusting geometry for rcu_fanout_leaf=16, nr_cpu_ids=4
[    0.103012] NR_IRQS: 524544, nr_irqs: 728, preallocated irqs: 16
[    0.103236] random: crng init done
[    0.103264] Console: colour dummy device 80x25
[    0.103281] printk: console [tty0] enabled
[    0.103301] ACPI: Core revision 20210730
[    0.103392] hpet: HPET dysfunctional in PC10. Force disabled.
[    0.103394] APIC: Switch to symmetric I/O mode setup
[    0.103396] DMAR: Host address width 39
[    0.103397] DMAR: DRHD base: 0x000000fed90000 flags: 0x0
[    0.103402] DMAR: dmar0: reg_base_addr fed90000 ver 1:0 cap 1c0000c40660462 ecap 7e1ff0505e
[    0.103405] DMAR: DRHD base: 0x000000fed91000 flags: 0x1
[    0.103408] DMAR: dmar1: reg_base_addr fed91000 ver 1:0 cap d2008c20660462 ecap f010da
[    0.103410] DMAR: RMRR base: 0x0000008b800000 end: 0x0000008fffffff
[    0.103413] DMAR-IR: IOAPIC id 2 under DRHD base  0xfed91000 IOMMU 1
[    0.103414] DMAR-IR: HPET id 0 under DRHD base 0xfed91000
[    0.103416] DMAR-IR: x2apic is disabled because BIOS sets x2apic opt out bit.
[    0.103416] DMAR-IR: Use 'intremap=no_x2apic_optout' to override the BIOS setting.
[    0.104010] DMAR-IR: Enabled IRQ remapping in xapic mode
[    0.104013] x2apic: IRQ remapping doesn't support X2APIC mode
[    0.104512] clocksource: tsc-early: mask: 0xffffffffffffffff max_cycles: 0x26ebf95e1d1, max_idle_ns: 440795213616 ns
[    0.104520] Calibrating delay loop (skipped), value calculated using timer frequency.. 5400.39 BogoMIPS (lpj=10800792)
[    0.104523] pid_max: default: 32768 minimum: 301
[    0.108516] LSM: Security Framework initializing
[    0.108516] landlock: Up and running.
[    0.108516] Yama: becoming mindful.
[    0.108516] AppArmor: AppArmor initialized
[    0.108516] Mount-cache hash table entries: 16384 (order: 5, 131072 bytes, linear)
[    0.108516] Mountpoint-cache hash table entries: 16384 (order: 5, 131072 bytes, linear)
[    0.108516] CPU0: Thermal monitoring enabled (TM1)
[    0.108516] process: using mwait in idle threads
[    0.108516] Last level iTLB entries: 4KB 64, 2MB 8, 4MB 8
[    0.108516] Last level dTLB entries: 4KB 64, 2MB 0, 4MB 0, 1GB 4
[    0.108516] Spectre V1 : Mitigation: usercopy/swapgs barriers and __user pointer sanitization
[    0.108516] Spectre V2 : Mitigation: Retpolines
[    0.108516] Spectre V2 : Spectre v2 / SpectreRSB mitigation: Filling RSB on context switch
[    0.108516] Spectre V2 : Spectre v2 / SpectreRSB : Filling RSB on VMEXIT
[    0.108516] Spectre V2 : Enabling Restricted Speculation for firmware calls
[    0.108516] Spectre V2 : mitigation: Enabling conditional Indirect Branch Prediction Barrier
[    0.108516] Spectre V2 : User space: Mitigation: STIBP via seccomp and prctl
[    0.108516] Speculative Store Bypass: Mitigation: Speculative Store Bypass disabled via prctl and seccomp
[    0.108516] MDS: Mitigation: Clear CPU buffers
[    0.108516] MMIO Stale Data: Unknown: No mitigations
[    0.108516] SRBDS: Mitigation: Microcode
[    0.108516] Freeing SMP alternatives memory: 44K
[    0.108516] smpboot: Estimated ratio of average max frequency by base frequency (times 1024): 1175
[    0.108516] smpboot: CPU0: Intel(R) Core(TM) i5-5257U CPU @ 2.70GHz (family: 0x6, model: 0x3d, stepping: 0x4)
[    0.108516] Performance Events: PEBS fmt2+, Broadwell events, 16-deep LBR, full-width counters, Intel PMU driver.
[    0.108516] ... version:                3
[    0.108516] ... bit width:              48
[    0.108516] ... generic registers:      4
[    0.108516] ... value mask:             0000ffffffffffff
[    0.108516] ... max period:             00007fffffffffff
[    0.108516] ... fixed-purpose events:   3
[    0.108516] ... event mask:             000000070000000f
[    0.108516] rcu: Hierarchical SRCU implementation.
[    0.108516] NMI watchdog: Enabled. Permanently consumes one hw-PMU counter.
[    0.108516] smp: Bringing up secondary CPUs ...
[    0.108516] x86: Booting SMP configuration:
[    0.108516] .... node  #0, CPUs:      #1 #2
[    0.109053] MDS CPU bug present and SMT on, data leak possible. See https://www.kernel.org/doc/html/latest/admin-guide/hw-vuln/mds.html for more details.
[    0.109053]  #3
[    0.109053] smp: Brought up 1 node, 4 CPUs
[    0.109053] smpboot: Max logical packages: 1
[    0.109053] smpboot: Total of 4 processors activated (21601.58 BogoMIPS)
[    0.110465] devtmpfs: initialized
[    0.110465] x86/mm: Memory block size: 128MB
[    0.110465] ACPI: PM: Registering ACPI NVS region [mem 0x8ad01000-0x8ad48fff] (294912 bytes)
[    0.110465] clocksource: jiffies: mask: 0xffffffff max_cycles: 0xffffffff, max_idle_ns: 7645041785100000 ns
[    0.110465] futex hash table entries: 1024 (order: 4, 65536 bytes, linear)
[    0.112531] pinctrl core: initialized pinctrl subsystem
[    0.112632] PM: RTC time: 04:37:28, date: 2023-07-24
[    0.112756] NET: Registered PF_NETLINK/PF_ROUTE protocol family
[    0.112927] DMA: preallocated 1024 KiB GFP_KERNEL pool for atomic allocations
[    0.113023] DMA: preallocated 1024 KiB GFP_KERNEL|GFP_DMA pool for atomic allocations
[    0.113120] DMA: preallocated 1024 KiB GFP_KERNEL|GFP_DMA32 pool for atomic allocations
[    0.113127] audit: initializing netlink subsys (disabled)
[    0.113138] audit: type=2000 audit(1690173448.008:1): state=initialized audit_enabled=0 res=1
[    0.113138] thermal_sys: Registered thermal governor 'fair_share'
[    0.113138] thermal_sys: Registered thermal governor 'bang_bang'
[    0.113138] thermal_sys: Registered thermal governor 'step_wise'
[    0.113138] thermal_sys: Registered thermal governor 'user_space'
[    0.113138] thermal_sys: Registered thermal governor 'power_allocator'
[    0.113138] EISA bus registered
[    0.113138] cpuidle: using governor ladder
[    0.113138] cpuidle: using governor menu
[    0.113138] ACPI: bus type PCI registered
[    0.113138] acpiphp: ACPI Hot Plug PCI Controller Driver version: 0.5
[    0.113138] PCI: MMCONFIG for domain 0000 [bus 00-9b] at [mem 0xe0000000-0xe9bfffff] (base 0xe0000000)
[    0.113138] PCI: not using MMCONFIG
[    0.113138] PCI: Using configuration type 1 for base access
[    0.113138] ENERGY_PERF_BIAS: Set to 'normal', was 'performance'
[    0.113851] kprobes: kprobe jump-optimization is enabled. All kprobes are optimized if possible.
[    0.113855] HugeTLB registered 1.00 GiB page size, pre-allocated 0 pages
[    0.113855] HugeTLB registered 2.00 MiB page size, pre-allocated 0 pages
[    0.113855] ACPI: Disabled all _OSI OS vendors
[    0.113855] ACPI: Added _OSI(Module Device)
[    0.113855] ACPI: Added _OSI(Processor Device)
[    0.113855] ACPI: Added _OSI(3.0 _SCP Extensions)
[    0.113855] ACPI: Added _OSI(Processor Aggregator Device)
[    0.113855] ACPI: Added _OSI(Linux-Dell-Video)
[    0.113855] ACPI: Added _OSI(Linux-Lenovo-NV-HDMI-Audio)
[    0.113855] ACPI: Added _OSI(Linux-HPI-Hybrid-Graphics)
[    0.113855] ACPI: Added _OSI(Darwin)
[    0.127225] ACPI: 9 ACPI AML tables successfully acquired and loaded
[    0.127882] ACPI: EC: EC started
[    0.127883] ACPI: EC: interrupt blocked
[    0.129712] ACPI: EC: EC_CMD/EC_SC=0x66, EC_DATA=0x62
[    0.129714] ACPI: EC: Boot ECDT EC used to handle transactions
[    0.129958] ACPI: BIOS _OSI(Darwin) query honored via DMI
[    0.130450] ACPI: [Firmware Bug]: BIOS _OSI(Linux) query ignored
[    0.130549] ACPI Error: Needed type [Reference], found [Integer] 00000000a5fb97a1 (20210730/exresop-66)
[    0.130549] fbcon: Taking over console
[    0.130549] ACPI Error: AE_AML_OPERAND_TYPE, While resolving operands for [Store] (20210730/dswexec-431)

[    0.130549] No Local Variables are initialized for Method [_PDC]

[    0.130549] Initialized Arguments for Method [_PDC]:  (1 arguments defined for method invocation)
[    0.130549]   Arg0:   000000000dabee6a <Obj>           Buffer(12) 01 00 00 00 01 00 00 00

[    0.130549] ACPI Error: Aborting method \_PR.CPU0._PDC due to previous error (AE_AML_OPERAND_TYPE) (20210730/psparse-529)
[    0.130549] ACPI: Dynamic OEM Table Load:
[    0.130549] ACPI: SSDT 0xFFFF8EA280CF4800 00067C (v01 PmRef  ApIst    00003000 INTL 20140424)
[    0.133327] ACPI: Dynamic OEM Table Load:
[    0.133332] ACPI: SSDT 0xFFFF8EA2801F4E00 000119 (v01 PmRef  ApCst    00003000 INTL 20140424)
[    0.134711] ACPI: Interpreter enabled
[    0.134738] ACPI: PM: (supports S0 S3 S4 S5)
[    0.134740] ACPI: Using IOAPIC for interrupt routing
[    0.134766] PCI: MMCONFIG for domain 0000 [bus 00-9b] at [mem 0xe0000000-0xe9bfffff] (base 0xe0000000)
[    0.135298] PCI: MMCONFIG at [mem 0xe0000000-0xe9bfffff] reserved in ACPI motherboard resources
[    0.135310] PCI: Using host bridge windows from ACPI; if necessary, use "pci=nocrs" and report a bug
[    0.135312] PCI: Using E820 reservations for host bridge windows
[    0.135557] ACPI: Enabled 7 GPEs in block 00 to 7F
[    0.146312] ACPI: PCI Root Bridge [PCI0] (domain 0000 [bus 00-ff])
[    0.146319] acpi PNP0A08:00: _OSC: OS assumes control of [PCIeHotplug SHPCHotplug AER PCIeCapability LTR DPC]
[    0.146336] acpi PNP0A08:00: [Firmware Info]: MMCONFIG for domain 0000 [bus 00-9b] only partially covers this bridge
[    0.146652] PCI host bridge to bus 0000:00
[    0.146656] pci_bus 0000:00: root bus resource [bus 00-ff]
[    0.146657] pci_bus 0000:00: root bus resource [io  0x0000-0x0cf7 window]
[    0.146659] pci_bus 0000:00: root bus resource [io  0x0d00-0xffff window]
[    0.146661] pci_bus 0000:00: root bus resource [mem 0x000a0000-0x000fffff window]
[    0.146662] pci_bus 0000:00: root bus resource [mem 0x90000000-0xfeafffff window]
[    0.146663] pci_bus 0000:00: root bus resource [mem 0xfed40000-0xfed44fff window]
[    0.146732] pci 0000:00:00.0: [8086:1604] type 00 class 0x060000
[    0.146859] pci 0000:00:02.0: [8086:162b] type 00 class 0x030000
[    0.146867] pci 0000:00:02.0: reg 0x10: [mem 0xc0000000-0xc0ffffff 64bit]
[    0.146873] pci 0000:00:02.0: reg 0x18: [mem 0xb0000000-0xbfffffff 64bit pref]
[    0.146878] pci 0000:00:02.0: reg 0x20: [io  0x3000-0x303f]
[    0.146889] pci 0000:00:02.0: BAR 2: assigned to efifb
[    0.146890] pci 0000:00:02.0: DMAR: Disabling IOMMU for graphics on this chipset
[    0.146894] pci 0000:00:02.0: Video device with shadowed ROM at [mem 0x000c0000-0x000dffff]
[    0.147059] pci 0000:00:03.0: [8086:160c] type 00 class 0x040300
[    0.147068] pci 0000:00:03.0: reg 0x10: [mem 0xc1810000-0xc1813fff 64bit]
[    0.147264] pci 0000:00:14.0: [8086:9cb1] type 00 class 0x0c0330
[    0.147279] pci 0000:00:14.0: reg 0x10: [mem 0xc1800000-0xc180ffff 64bit]
[    0.147330] pci 0000:00:14.0: PME# supported from D3hot D3cold
[    0.147687] pci 0000:00:15.0: [8086:9ce0] type 00 class 0x080102
[    0.147704] pci 0000:00:15.0: reg 0x10: [mem 0xc181a000-0xc181afff]
[    0.147873] pci 0000:00:15.4: [8086:9ce6] type 00 class 0x0c8000
[    0.147889] pci 0000:00:15.4: reg 0x10: [mem 0xc1819000-0xc1819fff]
[    0.148094] pci 0000:00:16.0: [8086:9cba] type 00 class 0x078000
[    0.148112] pci 0000:00:16.0: reg 0x10: [mem 0xc181b100-0xc181b11f 64bit]
[    0.148174] pci 0000:00:16.0: PME# supported from D0 D3hot D3cold
[    0.148282] pci 0000:00:1b.0: [8086:9ca0] type 00 class 0x040300
[    0.148297] pci 0000:00:1b.0: reg 0x10: [mem 0xc1814000-0xc1817fff 64bit]
[    0.148348] pci 0000:00:1b.0: PME# supported from D0 D3hot D3cold
[    0.148446] pci 0000:00:1c.0: [8086:9c90] type 01 class 0x060400
[    0.148520] pci 0000:00:1c.0: PME# supported from D0 D3hot D3cold
[    0.148699] pci 0000:00:1c.1: [8086:9c92] type 01 class 0x060400
[    0.148777] pci 0000:00:1c.1: PME# supported from D0 D3hot D3cold
[    0.148958] pci 0000:00:1c.2: [8086:9c94] type 01 class 0x060400
[    0.149036] pci 0000:00:1c.2: PME# supported from D0 D3hot D3cold
[    0.149223] pci 0000:00:1c.4: [8086:9c98] type 01 class 0x060400
[    0.149292] pci 0000:00:1c.4: PME# supported from D0 D3hot D3cold
[    0.149487] pci 0000:00:1c.5: [8086:9c9a] type 01 class 0x060400
[    0.149566] pci 0000:00:1c.5: PME# supported from D0 D3hot D3cold
[    0.149752] pci 0000:00:1f.0: [8086:9cc3] type 00 class 0x060100
[    0.149952] pci 0000:00:1f.3: [8086:9ca2] type 00 class 0x0c0500
[    0.149967] pci 0000:00:1f.3: reg 0x10: [mem 0xc181b000-0xc181b0ff 64bit]
[    0.149985] pci 0000:00:1f.3: reg 0x20: [io  0xefa0-0xefbf]
[    0.150083] pci 0000:00:1f.6: [8086:9ca4] type 00 class 0x118000
[    0.150110] pci 0000:00:1f.6: reg 0x10: [mem 0xc1818000-0xc1818fff 64bit]
[    0.150289] pci 0000:00:1c.0: PCI bridge to [bus 01]
[    0.150364] pci 0000:02:00.0: [14e4:1570] type 00 class 0x048000
[    0.150387] pci 0000:02:00.0: reg 0x10: [mem 0xc1700000-0xc170ffff 64bit]
[    0.150402] pci 0000:02:00.0: reg 0x18: [mem 0xa0000000-0xafffffff 64bit pref]
[    0.150417] pci 0000:02:00.0: reg 0x20: [mem 0xc1600000-0xc16fffff 64bit]
[    0.150515] pci 0000:02:00.0: supports D1
[    0.150516] pci 0000:02:00.0: PME# supported from D0 D3hot
[    0.150657] pci 0000:00:1c.1: PCI bridge to [bus 02]
[    0.150662] pci 0000:00:1c.1:   bridge window [mem 0xc1600000-0xc17fffff]
[    0.150666] pci 0000:00:1c.1:   bridge window [mem 0xa0000000-0xafffffff 64bit pref]
[    0.150782] pci 0000:03:00.0: [14e4:43ba] type 00 class 0x028000
[    0.150824] pci 0000:03:00.0: reg 0x10: [mem 0xc1400000-0xc1407fff 64bit]
[    0.150851] pci 0000:03:00.0: reg 0x18: [mem 0xc1000000-0xc13fffff 64bit]
[    0.151081] pci 0000:03:00.0: supports D1 D2
[    0.151082] pci 0000:03:00.0: PME# supported from D0 D1 D2 D3hot D3cold
[    0.151364] pci 0000:00:1c.2: PCI bridge to [bus 03]
[    0.151368] pci 0000:00:1c.2:   bridge window [mem 0xc1000000-0xc14fffff]
[    0.151440] pci 0000:05:00.0: [8086:156d] type 01 class 0x060400
[    0.151495] pci 0000:05:00.0: enabling Extended Tags
[    0.151581] pci 0000:05:00.0: supports D1 D2
[    0.151582] pci 0000:05:00.0: PME# supported from D0 D1 D2 D3hot D3cold
[    0.160545] pci 0000:00:1c.4: PCI bridge to [bus 05-9b]
[    0.160548] pci 0000:00:1c.4:   bridge window [io  0x4000-0x6fff]
[    0.160551] pci 0000:00:1c.4:   bridge window [mem 0xc1900000-0xcd9fffff]
[    0.160555] pci 0000:00:1c.4:   bridge window [mem 0xcda00000-0xd99fffff 64bit pref]
[    0.160714] pci 0000:06:00.0: [8086:156d] type 01 class 0x060400
[    0.160774] pci 0000:06:00.0: enabling Extended Tags
[    0.160862] pci 0000:06:00.0: supports D1 D2
[    0.160863] pci 0000:06:00.0: PME# supported from D0 D1 D2 D3hot D3cold
[    0.161024] pci 0000:06:03.0: [8086:156d] type 01 class 0x060400
[    0.161082] pci 0000:06:03.0: enabling Extended Tags
[    0.161173] pci 0000:06:03.0: supports D1 D2
[    0.161174] pci 0000:06:03.0: PME# supported from D0 D1 D2 D3hot D3cold
[    0.161332] pci 0000:06:04.0: [8086:156d] type 01 class 0x060400
[    0.161391] pci 0000:06:04.0: enabling Extended Tags
[    0.161482] pci 0000:06:04.0: supports D1 D2
[    0.161483] pci 0000:06:04.0: PME# supported from D0 D1 D2 D3hot D3cold
[    0.161636] pci 0000:06:05.0: [8086:156d] type 01 class 0x060400
[    0.161694] pci 0000:06:05.0: enabling Extended Tags
[    0.161785] pci 0000:06:05.0: supports D1 D2
[    0.161786] pci 0000:06:05.0: PME# supported from D0 D1 D2 D3hot D3cold
[    0.161941] pci 0000:06:06.0: [8086:156d] type 01 class 0x060400
[    0.161999] pci 0000:06:06.0: enabling Extended Tags
[    0.162091] pci 0000:06:06.0: supports D1 D2
[    0.162092] pci 0000:06:06.0: PME# supported from D0 D1 D2 D3hot D3cold
[    0.162235] pci 0000:05:00.0: PCI bridge to [bus 06-6b]
[    0.162242] pci 0000:05:00.0:   bridge window [io  0x4000-0x5fff]
[    0.162246] pci 0000:05:00.0:   bridge window [mem 0xc1900000-0xc99fffff]
[    0.162251] pci 0000:05:00.0:   bridge window [mem 0xcda00000-0xd59fffff 64bit pref]
[    0.162339] pci 0000:07:00.0: [8086:156c] type 00 class 0x088000
[    0.162363] pci 0000:07:00.0: reg 0x10: [mem 0xc1900000-0xc193ffff]
[    0.162376] pci 0000:07:00.0: reg 0x14: [mem 0xc1940000-0xc1940fff]
[    0.162442] pci 0000:07:00.0: enabling Extended Tags
[    0.162557] pci 0000:07:00.0: supports D1 D2
[    0.162558] pci 0000:07:00.0: PME# supported from D0 D1 D2 D3hot D3cold
[    0.172538] pci 0000:06:00.0: PCI bridge to [bus 07]
[    0.172547] pci 0000:06:00.0:   bridge window [mem 0xc1900000-0xc19fffff]
[    0.172629] pci 0000:06:03.0: PCI bridge to [bus 08-38]
[    0.172636] pci 0000:06:03.0:   bridge window [io  0x4000-0x4fff]
[    0.172639] pci 0000:06:03.0:   bridge window [mem 0xc1a00000-0xc59fffff]
[    0.172645] pci 0000:06:03.0:   bridge window [mem 0xcda00000-0xd19fffff 64bit pref]
[    0.172718] pci 0000:06:04.0: PCI bridge to [bus 39]
[    0.172803] pci 0000:06:05.0: PCI bridge to [bus 3a-6a]
[    0.172810] pci 0000:06:05.0:   bridge window [io  0x5000-0x5fff]
[    0.172813] pci 0000:06:05.0:   bridge window [mem 0xc5a00000-0xc99fffff]
[    0.172819] pci 0000:06:05.0:   bridge window [mem 0xd1a00000-0xd59fffff 64bit pref]
[    0.172862] pci 0000:06:06.0: PCI bridge to [bus 6b]
[    0.173104] pci 0000:04:00.0: [144d:a801] type 00 class 0x010601
[    0.173160] pci 0000:04:00.0: reg 0x24: [mem 0xc1500000-0xc1501fff]
[    0.173291] pci 0000:04:00.0: 16.000 Gb/s available PCIe bandwidth, limited by 5.0 GT/s PCIe x4 link at 0000:00:1c.5 (capable of 31.504 Gb/s with 8.0 GT/s PCIe x4 link)
[    0.173634] pci 0000:00:1c.5: PCI bridge to [bus 04]
[    0.173638] pci 0000:00:1c.5:   bridge window [mem 0xc1500000-0xc15fffff]
[    0.174917] ACPI: PCI: Interrupt link LNKA configured for IRQ 0
[    0.174919] ACPI: PCI: Interrupt link LNKA disabled
[    0.174969] ACPI: PCI: Interrupt link LNKB configured for IRQ 0
[    0.174971] ACPI: PCI: Interrupt link LNKB disabled
[    0.175019] ACPI: PCI: Interrupt link LNKC configured for IRQ 0
[    0.175020] ACPI: PCI: Interrupt link LNKC disabled
[    0.175068] ACPI: PCI: Interrupt link LNKD configured for IRQ 0
[    0.175069] ACPI: PCI: Interrupt link LNKD disabled
[    0.175117] ACPI: PCI: Interrupt link LNKE configured for IRQ 0
[    0.175118] ACPI: PCI: Interrupt link LNKE disabled
[    0.175166] ACPI: PCI: Interrupt link LNKF configured for IRQ 0
[    0.175167] ACPI: PCI: Interrupt link LNKF disabled
[    0.175215] ACPI: PCI: Interrupt link LNKG configured for IRQ 0
[    0.175216] ACPI: PCI: Interrupt link LNKG disabled
[    0.175264] ACPI: PCI: Interrupt link LNKH configured for IRQ 0
[    0.175265] ACPI: PCI: Interrupt link LNKH disabled
[    0.175503] ACPI: EC: interrupt unblocked
[    0.175505] ACPI: EC: event unblocked
[    0.175512] ACPI: EC: EC_CMD/EC_SC=0x66, EC_DATA=0x62
[    0.175513] ACPI: EC: GPE=0x4e
[    0.175515] ACPI: \_SB_.PCI0.LPCB.EC__: Boot ECDT EC initialization complete
[    0.175517] ACPI: \_SB_.PCI0.LPCB.EC__: EC: Used to handle transactions and events
[    0.175604] iommu: Default domain type: Translated 
[    0.175604] iommu: DMA domain TLB invalidation policy: lazy mode 
[    0.175604] SCSI subsystem initialized
[    0.175604] libata version 3.00 loaded.
[    0.175604] pci 0000:00:02.0: vgaarb: setting as boot VGA device
[    0.175604] pci 0000:00:02.0: vgaarb: VGA device added: decodes=io+mem,owns=io+mem,locks=none
[    0.175604] pci 0000:00:02.0: vgaarb: bridge control possible
[    0.175604] vgaarb: loaded
[    0.175604] ACPI: bus type USB registered
[    0.175604] usbcore: registered new interface driver usbfs
[    0.175604] usbcore: registered new interface driver hub
[    0.175604] usbcore: registered new device driver usb
[    0.175604] pps_core: LinuxPPS API ver. 1 registered
[    0.175604] pps_core: Software ver. 5.3.6 - Copyright 2005-2007 Rodolfo Giometti <giometti@linux.it>
[    0.175604] PTP clock support registered
[    0.175604] EDAC MC: Ver: 3.0.0
[    0.175604] Registered efivars operations
[    0.175604] NetLabel: Initializing
[    0.175604] NetLabel:  domain hash size = 128
[    0.175604] NetLabel:  protocols = UNLABELED CIPSOv4 CALIPSO
[    0.175604] NetLabel:  unlabeled traffic allowed by default
[    0.176519] PCI: Using ACPI for IRQ routing
[    0.180793] PCI: pci_cache_line_size set to 64 bytes
[    0.180893] e820: reserve RAM buffer [mem 0x00058000-0x0005ffff]
[    0.180895] e820: reserve RAM buffer [mem 0x74a2d810-0x77ffffff]
[    0.180896] e820: reserve RAM buffer [mem 0x8ad01000-0x8bffffff]
[    0.180898] e820: reserve RAM buffer [mem 0x8ad61000-0x8bffffff]
[    0.180900] e820: reserve RAM buffer [mem 0x8ae39000-0x8bffffff]
[    0.180901] e820: reserve RAM buffer [mem 0x8aecc000-0x8bffffff]
[    0.180903] e820: reserve RAM buffer [mem 0x8afa7000-0x8bffffff]
[    0.180904] e820: reserve RAM buffer [mem 0x8b000000-0x8bffffff]
[    0.180905] e820: reserve RAM buffer [mem 0x26f000000-0x26fffffff]
[    0.181886] clocksource: Switched to clocksource tsc-early
[    0.190440] VFS: Disk quotas dquot_6.6.0
[    0.190464] VFS: Dquot-cache hash table entries: 512 (order 0, 4096 bytes)
[    0.190622] AppArmor: AppArmor Filesystem Enabled
[    0.190652] pnp: PnP ACPI init
[    0.190940] system 00:00: [mem 0xfed00000-0xfed03fff] has been reserved
[    0.191014] system 00:01: [io  0xffff] has been reserved
[    0.191018] system 00:01: [io  0x1800-0x187f] has been reserved
[    0.191021] system 00:01: [io  0x0800-0x087f] has been reserved
[    0.192610] system 00:03: [mem 0xfed1c000-0xfed1ffff] has been reserved
[    0.192614] system 00:03: [mem 0xfed10000-0xfed17fff] has been reserved
[    0.192618] system 00:03: [mem 0xfed18000-0xfed18fff] has been reserved
[    0.192620] system 00:03: [mem 0xfed19000-0xfed19fff] has been reserved
[    0.192624] system 00:03: [mem 0xe0000000-0xefffffff] could not be reserved
[    0.192627] system 00:03: [mem 0xfed20000-0xfed3ffff] has been reserved
[    0.192630] system 00:03: [mem 0xfed90000-0xfed93fff] could not be reserved
[    0.192633] system 00:03: [mem 0xfed45000-0xfed8ffff] has been reserved
[    0.192641] system 00:03: [mem 0xff000000-0xffffffff] could not be reserved
[    0.192644] system 00:03: [mem 0xfee00000-0xfeefffff] has been reserved
[    0.192745] system 00:04: [mem 0x20000000-0x201fffff] could not be reserved
[    0.192748] system 00:04: [mem 0x40000000-0x401fffff] could not be reserved
[    0.192980] pnp: PnP ACPI: found 5 devices
[    0.194663] pci 0000:00:02.0: assigning 3 device properties
[    0.194681] pci 0000:07:00.0: assigning 8 device properties
[    0.194695] pci 0000:00:1b.0: assigning 4 device properties
[    0.199182] clocksource: acpi_pm: mask: 0xffffff max_cycles: 0xffffff, max_idle_ns: 2085701024 ns
[    0.199241] NET: Registered PF_INET protocol family
[    0.199352] IP idents hash table entries: 131072 (order: 8, 1048576 bytes, linear)
[    0.200598] tcp_listen_portaddr_hash hash table entries: 4096 (order: 4, 65536 bytes, linear)
[    0.200632] Table-perturb hash table entries: 65536 (order: 6, 262144 bytes, linear)
[    0.200691] TCP established hash table entries: 65536 (order: 7, 524288 bytes, linear)
[    0.200836] TCP bind hash table entries: 65536 (order: 8, 1048576 bytes, linear)
[    0.200906] TCP: Hash tables configured (established 65536 bind 65536)
[    0.200973] MPTCP token hash table entries: 8192 (order: 5, 196608 bytes, linear)
[    0.201018] UDP hash table entries: 4096 (order: 5, 131072 bytes, linear)
[    0.201043] UDP-Lite hash table entries: 4096 (order: 5, 131072 bytes, linear)
[    0.201088] NET: Registered PF_UNIX/PF_LOCAL protocol family
[    0.201093] NET: Registered PF_XDP protocol family
[    0.201101] pci 0000:06:00.0: bridge window [io  0x1000-0x0fff] to [bus 07] add_size 1000
[    0.201105] pci 0000:06:00.0: bridge window [mem 0x00100000-0x000fffff 64bit pref] to [bus 07] add_size 200000 add_align 100000
[    0.201109] pci 0000:06:04.0: bridge window [io  0x1000-0x0fff] to [bus 39] add_size 1000
[    0.201110] pci 0000:06:04.0: bridge window [mem 0x00100000-0x000fffff 64bit pref] to [bus 39] add_size 200000 add_align 100000
[    0.201112] pci 0000:06:04.0: bridge window [mem 0x00100000-0x000fffff] to [bus 39] add_size 200000 add_align 100000
[    0.201115] pci 0000:06:06.0: bridge window [io  0x1000-0x0fff] to [bus 6b] add_size 1000
[    0.201116] pci 0000:06:06.0: bridge window [mem 0x00100000-0x000fffff 64bit pref] to [bus 6b] add_size 200000 add_align 100000
[    0.201118] pci 0000:06:06.0: bridge window [mem 0x00100000-0x000fffff] to [bus 6b] add_size 200000 add_align 100000
[    0.201125] pci 0000:00:1c.0: PCI bridge to [bus 01]
[    0.201136] pci 0000:00:1c.1: PCI bridge to [bus 02]
[    0.201140] pci 0000:00:1c.1:   bridge window [mem 0xc1600000-0xc17fffff]
[    0.201144] pci 0000:00:1c.1:   bridge window [mem 0xa0000000-0xafffffff 64bit pref]
[    0.201149] pci 0000:00:1c.2: PCI bridge to [bus 03]
[    0.201152] pci 0000:00:1c.2:   bridge window [mem 0xc1000000-0xc14fffff]
[    0.201164] pci 0000:06:00.0: BAR 15: no space for [mem size 0x00200000 64bit pref]
[    0.201166] pci 0000:06:00.0: BAR 15: failed to assign [mem size 0x00200000 64bit pref]
[    0.201168] pci 0000:06:04.0: BAR 14: no space for [mem size 0x00200000]
[    0.201169] pci 0000:06:04.0: BAR 14: failed to assign [mem size 0x00200000]
[    0.201171] pci 0000:06:04.0: BAR 15: no space for [mem size 0x00200000 64bit pref]
[    0.201172] pci 0000:06:04.0: BAR 15: failed to assign [mem size 0x00200000 64bit pref]
[    0.201174] pci 0000:06:06.0: BAR 14: no space for [mem size 0x00200000]
[    0.201175] pci 0000:06:06.0: BAR 14: failed to assign [mem size 0x00200000]
[    0.201177] pci 0000:06:06.0: BAR 15: no space for [mem size 0x00200000 64bit pref]
[    0.201178] pci 0000:06:06.0: BAR 15: failed to assign [mem size 0x00200000 64bit pref]
[    0.201180] pci 0000:06:00.0: BAR 13: no space for [io  size 0x1000]
[    0.201181] pci 0000:06:00.0: BAR 13: failed to assign [io  size 0x1000]
[    0.201182] pci 0000:06:04.0: BAR 13: no space for [io  size 0x1000]
[    0.201183] pci 0000:06:04.0: BAR 13: failed to assign [io  size 0x1000]
[    0.201185] pci 0000:06:06.0: BAR 13: no space for [io  size 0x1000]
[    0.201186] pci 0000:06:06.0: BAR 13: failed to assign [io  size 0x1000]
[    0.201188] pci 0000:06:06.0: BAR 14: no space for [mem size 0x00200000]
[    0.201190] pci 0000:06:06.0: BAR 14: failed to assign [mem size 0x00200000]
[    0.201192] pci 0000:06:06.0: BAR 15: no space for [mem size 0x00200000 64bit pref]
[    0.201193] pci 0000:06:06.0: BAR 15: failed to assign [mem size 0x00200000 64bit pref]
[    0.201195] pci 0000:06:06.0: BAR 13: no space for [io  size 0x1000]
[    0.201196] pci 0000:06:06.0: BAR 13: failed to assign [io  size 0x1000]
[    0.201197] pci 0000:06:04.0: BAR 14: no space for [mem size 0x00200000]
[    0.201199] pci 0000:06:04.0: BAR 14: failed to assign [mem size 0x00200000]
[    0.201201] pci 0000:06:04.0: BAR 15: no space for [mem size 0x00200000 64bit pref]
[    0.201202] pci 0000:06:04.0: BAR 15: failed to assign [mem size 0x00200000 64bit pref]
[    0.201203] pci 0000:06:04.0: BAR 13: no space for [io  size 0x1000]
[    0.201205] pci 0000:06:04.0: BAR 13: failed to assign [io  size 0x1000]
[    0.201206] pci 0000:06:00.0: BAR 15: no space for [mem size 0x00200000 64bit pref]
[    0.201208] pci 0000:06:00.0: BAR 15: failed to assign [mem size 0x00200000 64bit pref]
[    0.201209] pci 0000:06:00.0: BAR 13: no space for [io  size 0x1000]
[    0.201210] pci 0000:06:00.0: BAR 13: failed to assign [io  size 0x1000]
[    0.201212] pci 0000:06:00.0: PCI bridge to [bus 07]
[    0.201217] pci 0000:06:00.0:   bridge window [mem 0xc1900000-0xc19fffff]
[    0.201226] pci 0000:06:03.0: PCI bridge to [bus 08-38]
[    0.201229] pci 0000:06:03.0:   bridge window [io  0x4000-0x4fff]
[    0.201234] pci 0000:06:03.0:   bridge window [mem 0xc1a00000-0xc59fffff]
[    0.201238] pci 0000:06:03.0:   bridge window [mem 0xcda00000-0xd19fffff 64bit pref]
[    0.201244] pci 0000:06:04.0: PCI bridge to [bus 39]
[    0.201257] pci 0000:06:05.0: PCI bridge to [bus 3a-6a]
[    0.201260] pci 0000:06:05.0:   bridge window [io  0x5000-0x5fff]
[    0.201265] pci 0000:06:05.0:   bridge window [mem 0xc5a00000-0xc99fffff]
[    0.201268] pci 0000:06:05.0:   bridge window [mem 0xd1a00000-0xd59fffff 64bit pref]
[    0.201275] pci 0000:06:06.0: PCI bridge to [bus 6b]
[    0.201288] pci 0000:05:00.0: PCI bridge to [bus 06-6b]
[    0.201290] pci 0000:05:00.0:   bridge window [io  0x4000-0x5fff]
[    0.201295] pci 0000:05:00.0:   bridge window [mem 0xc1900000-0xc99fffff]
[    0.201299] pci 0000:05:00.0:   bridge window [mem 0xcda00000-0xd59fffff 64bit pref]
[    0.201305] pci 0000:00:1c.4: PCI bridge to [bus 05-9b]
[    0.201307] pci 0000:00:1c.4:   bridge window [io  0x4000-0x6fff]
[    0.201310] pci 0000:00:1c.4:   bridge window [mem 0xc1900000-0xcd9fffff]
[    0.201313] pci 0000:00:1c.4:   bridge window [mem 0xcda00000-0xd99fffff 64bit pref]
[    0.201317] pci 0000:00:1c.5: PCI bridge to [bus 04]
[    0.201321] pci 0000:00:1c.5:   bridge window [mem 0xc1500000-0xc15fffff]
[    0.201327] pci_bus 0000:00: resource 4 [io  0x0000-0x0cf7 window]
[    0.201329] pci_bus 0000:00: resource 5 [io  0x0d00-0xffff window]
[    0.201330] pci_bus 0000:00: resource 6 [mem 0x000a0000-0x000fffff window]
[    0.201332] pci_bus 0000:00: resource 7 [mem 0x90000000-0xfeafffff window]
[    0.201333] pci_bus 0000:00: resource 8 [mem 0xfed40000-0xfed44fff window]
[    0.201335] pci_bus 0000:02: resource 1 [mem 0xc1600000-0xc17fffff]
[    0.201336] pci_bus 0000:02: resource 2 [mem 0xa0000000-0xafffffff 64bit pref]
[    0.201338] pci_bus 0000:03: resource 1 [mem 0xc1000000-0xc14fffff]
[    0.201339] pci_bus 0000:05: resource 0 [io  0x4000-0x6fff]
[    0.201340] pci_bus 0000:05: resource 1 [mem 0xc1900000-0xcd9fffff]
[    0.201341] pci_bus 0000:05: resource 2 [mem 0xcda00000-0xd99fffff 64bit pref]
[    0.201343] pci_bus 0000:06: resource 0 [io  0x4000-0x5fff]
[    0.201344] pci_bus 0000:06: resource 1 [mem 0xc1900000-0xc99fffff]
[    0.201346] pci_bus 0000:06: resource 2 [mem 0xcda00000-0xd59fffff 64bit pref]
[    0.201347] pci_bus 0000:07: resource 1 [mem 0xc1900000-0xc19fffff]
[    0.201348] pci_bus 0000:08: resource 0 [io  0x4000-0x4fff]
[    0.201350] pci_bus 0000:08: resource 1 [mem 0xc1a00000-0xc59fffff]
[    0.201351] pci_bus 0000:08: resource 2 [mem 0xcda00000-0xd19fffff 64bit pref]
[    0.201353] pci_bus 0000:3a: resource 0 [io  0x5000-0x5fff]
[    0.201354] pci_bus 0000:3a: resource 1 [mem 0xc5a00000-0xc99fffff]
[    0.201355] pci_bus 0000:3a: resource 2 [mem 0xd1a00000-0xd59fffff 64bit pref]
[    0.201356] pci_bus 0000:04: resource 1 [mem 0xc1500000-0xc15fffff]
[    0.201743] PCI: CLS 256 bytes, default 64
[    0.201782] PCI-DMA: Using software bounce buffering for IO (SWIOTLB)
[    0.201784] software IO TLB: mapped [mem 0x000000007095a000-0x000000007495a000] (64MB)
[    0.201829] Trying to unpack rootfs image as initramfs...
[    0.202576] Initialise system trusted keyrings
[    0.202586] Key type blacklist registered
[    0.202628] workingset: timestamp_bits=36 max_order=21 bucket_order=0
[    0.204801] zbud: loaded
[    0.205197] squashfs: version 4.0 (2009/01/31) Phillip Lougher
[    0.205394] fuse: init (API version 7.34)
[    0.205580] integrity: Platform Keyring initialized
[    0.216562] Key type asymmetric registered
[    0.216565] Asymmetric key parser 'x509' registered
[    0.216596] Block layer SCSI generic (bsg) driver version 0.4 loaded (major 243)
[    0.216635] io scheduler mq-deadline registered
[    0.218397] pcieport 0000:06:00.0: pciehp: Slot #0 AttnBtn- PwrCtrl- MRL- AttnInd- PwrInd- HotPlug+ Surprise+ Interlock- NoCompl+ IbPresDis- LLActRep+
[    0.218724] pcieport 0000:06:03.0: pciehp: Slot #3 AttnBtn- PwrCtrl- MRL- AttnInd- PwrInd- HotPlug+ Surprise+ Interlock- NoCompl+ IbPresDis- LLActRep+
[    0.219046] pcieport 0000:06:04.0: pciehp: Slot #4 AttnBtn- PwrCtrl- MRL- AttnInd- PwrInd- HotPlug+ Surprise+ Interlock- NoCompl+ IbPresDis- LLActRep+
[    0.219373] pcieport 0000:06:05.0: pciehp: Slot #5 AttnBtn- PwrCtrl- MRL- AttnInd- PwrInd- HotPlug+ Surprise+ Interlock- NoCompl+ IbPresDis- LLActRep+
[    0.219698] pcieport 0000:06:06.0: pciehp: Slot #6 AttnBtn- PwrCtrl- MRL- AttnInd- PwrInd- HotPlug+ Surprise+ Interlock- NoCompl+ IbPresDis- LLActRep+
[    0.219917] shpchp: Standard Hot Plug PCI Controller Driver version: 0.4
[    0.220484] ACPI: AC: AC Adapter [ADP1] (off-line)
[    0.220570] input: Lid Switch as /devices/LNXSYSTM:00/LNXSYBUS:00/PNP0C0D:00/input/input0
[    0.220613] ACPI: button: Lid Switch [LID0]
[    0.220656] input: Power Button as /devices/LNXSYSTM:00/LNXSYBUS:00/PNP0C0C:00/input/input1
[    0.220681] ACPI: button: Power Button [PWRB]
[    0.220721] input: Sleep Button as /devices/LNXSYSTM:00/LNXSYBUS:00/PNP0C0E:00/input/input2
[    0.220746] ACPI: button: Sleep Button [SLPB]
[    0.220784] input: Power Button as /devices/LNXSYSTM:00/LNXPWRBN:00/input/input3
[    0.220815] ACPI: button: Power Button [PWRF]
[    0.221484] Serial: 8250/16550 driver, 32 ports, IRQ sharing enabled
[    0.223729] hpet_acpi_add: no address or irqs in _CRS
[    0.223785] Linux agpgart interface v0.103
[    0.226114] loop: module loaded
[    0.226504] tun: Universal TUN/TAP device driver, 1.6
[    0.226545] PPP generic driver version 2.4.2
[    0.226618] VFIO - User Level meta-driver version: 0.3
[    0.226708] ehci_hcd: USB 2.0 'Enhanced' Host Controller (EHCI) Driver
[    0.226712] ehci-pci: EHCI PCI platform driver
[    0.226725] ehci-platform: EHCI generic platform driver
[    0.226737] ohci_hcd: USB 1.1 'Open' Host Controller (OHCI) Driver
[    0.226740] ohci-pci: OHCI PCI platform driver
[    0.226751] ohci-platform: OHCI generic platform driver
[    0.226759] uhci_hcd: USB Universal Host Controller Interface driver
[    0.226826] i8042: PNP: No PS/2 controller found.
[    0.226881] mousedev: PS/2 mouse device common for all mice
[    0.227038] rtc_cmos 00:02: RTC can wake from S4
[    0.227295] rtc_cmos 00:02: registered as rtc0
[    0.227333] rtc_cmos 00:02: setting system clock to 2023-07-24T04:37:28 UTC (1690173448)
[    0.227364] rtc_cmos 00:02: alarms up to one month, y3k, 242 bytes nvram
[    0.227375] i2c_dev: i2c /dev entries driver
[    0.227495] device-mapper: core: CONFIG_IMA_DISABLE_HTABLE is disabled. Duplicate IMA measurements will not be recorded in the IMA log.
[    0.227529] device-mapper: uevent: version 1.0.3
[    0.227593] device-mapper: ioctl: 4.45.0-ioctl (2021-03-22) initialised: dm-devel@redhat.com
[    0.227622] platform eisa.0: Probing EISA bus 0
[    0.227625] platform eisa.0: EISA: Cannot allocate resource for mainboard
[    0.227627] platform eisa.0: Cannot allocate resource for EISA slot 1
[    0.227629] platform eisa.0: Cannot allocate resource for EISA slot 2
[    0.227632] platform eisa.0: Cannot allocate resource for EISA slot 3
[    0.227634] platform eisa.0: Cannot allocate resource for EISA slot 4
[    0.227636] platform eisa.0: Cannot allocate resource for EISA slot 5
[    0.227638] platform eisa.0: Cannot allocate resource for EISA slot 6
[    0.227640] platform eisa.0: Cannot allocate resource for EISA slot 7
[    0.227642] platform eisa.0: Cannot allocate resource for EISA slot 8
[    0.227644] platform eisa.0: EISA: Detected 0 cards
[    0.227654] intel_pstate: Intel P-state driver initializing
[    0.227915] ledtrig-cpu: registered to indicate activity on CPUs
[    0.227945] efifb: probing for efifb
[    0.227965] efifb: No BGRT, not showing boot graphics
[    0.227966] efifb: framebuffer at 0xb0000000, using 16000k, total 16000k
[    0.227967] efifb: mode is 2560x1600x32, linelength=10240, pages=1
[    0.227969] efifb: scrolling: redraw
[    0.227969] efifb: Truecolor: size=8:8:8:8, shift=24:16:8:0
[    0.228048] Console: switching to colour frame buffer device 160x50
[    0.235200] fb0: EFI VGA frame buffer device
[    0.235215] EFI Variables Facility v0.08 2004-May-17
[    0.343159] drop_monitor: Initializing network drop monitor service
[    0.343288] NET: Registered PF_INET6 protocol family
[    0.927768] Freeing initrd memory: 132816K
[    0.933699] Segment Routing with IPv6
[    0.933714] In-situ OAM (IOAM) with IPv6
[    0.933736] NET: Registered PF_PACKET protocol family
[    0.933770] Key type dns_resolver registered
[    0.933991] microcode: sig=0x306d4, pf=0x40, revision=0x2f
[    0.934003] microcode: Microcode Update Driver: v2.2.
[    0.934008] IPI shorthand broadcast: enabled
[    0.934022] sched_clock: Marking stable (932638191, 1294847)->(970319267, -36386229)
[    0.934153] registered taskstats version 1
[    0.934185] Loading compiled-in X.509 certificates
[    0.934794] Loaded X.509 cert 'Build time autogenerated kernel key: c6e9c3ca2b06fbc2c1b0c55538f15aa8ede87304'
[    0.935340] Loaded X.509 cert 'Canonical Ltd. Live Patch Signing: 14df34d1a87cf37625abec039ef2bf521249b969'
[    0.935864] Loaded X.509 cert 'Canonical Ltd. Kernel Module Signing: 88f752e560a1e0737e31163a466ad7b70a850c19'
[    0.935865] blacklist: Loading compiled-in revocation X.509 certificates
[    0.935879] Loaded X.509 cert 'Canonical Ltd. Secure Boot Signing: 61482aa2830d0ab2ad5af10b7250da9033ddcef0'
[    0.935891] Loaded X.509 cert 'Canonical Ltd. Secure Boot Signing (2017): 242ade75ac4a15e50d50c84b0d45ff3eae707a03'
[    0.935903] Loaded X.509 cert 'Canonical Ltd. Secure Boot Signing (ESM 2018): 365188c1d374d6b07c3c8f240f8ef722433d6a8b'
[    0.935915] Loaded X.509 cert 'Canonical Ltd. Secure Boot Signing (2019): c0746fd6c5da3ae827864651ad66ae47fe24b3e8'
[    0.935927] Loaded X.509 cert 'Canonical Ltd. Secure Boot Signing (2021 v1): a8d54bbb3825cfb94fa13c9f8a594a195c107b8d'
[    0.935939] Loaded X.509 cert 'Canonical Ltd. Secure Boot Signing (2021 v2): 4cf046892d6fd3c9a5b03f98d845f90851dc6a8c'
[    0.935954] Loaded X.509 cert 'Canonical Ltd. Secure Boot Signing (2021 v3): 100437bb6de6e469b581e61cd66bce3ef4ed53af'
[    0.935968] Loaded X.509 cert 'Canonical Ltd. Secure Boot Signing (Ubuntu Core 2019): c1d57b8f6b743f23ee41f4f7ee292f06eecadfb9'
[    0.936084] zswap: loaded using pool lzo/zbud
[    0.936209] Key type .fscrypt registered
[    0.936210] Key type fscrypt-provisioning registered
[    0.938877] Key type encrypted registered
[    0.938881] AppArmor: AppArmor sha1 policy hashing enabled
[    0.946555] integrity: Loading X.509 certificate: UEFI:MokListRT (MOKvar table)
[    0.946815] integrity: Loaded X.509 cert 'Canonical Ltd. Master Certificate Authority: ad91990bc22ab1f517048c23b6655a268e345a63'
[    0.946818] ima: No TPM chip found, activating TPM-bypass!
[    0.946819] Loading compiled-in module X.509 certificates
[    0.947336] Loaded X.509 cert 'Build time autogenerated kernel key: c6e9c3ca2b06fbc2c1b0c55538f15aa8ede87304'
[    0.947337] ima: Allocated hash algorithm: sha1
[    0.947342] ima: No architecture policies found
[    0.947351] evm: Initialising EVM extended attributes:
[    0.947351] evm: security.selinux
[    0.947352] evm: security.SMACK64
[    0.947353] evm: security.SMACK64EXEC
[    0.947353] evm: security.SMACK64TRANSMUTE
[    0.947354] evm: security.SMACK64MMAP
[    0.947354] evm: security.apparmor
[    0.947355] evm: security.ima
[    0.947355] evm: security.capability
[    0.947356] evm: HMAC attrs: 0x1
[    0.947572] PM:   Magic number: 15:811:616
[    0.947590]  clockevents: hash matches
[    0.947733] RAS: Correctable Errors collector initialized.
[    0.948705] Freeing unused decrypted memory: 2036K
[    0.949170] Freeing unused kernel image (initmem) memory: 3248K
[    0.976579] Write protecting the kernel read-only data: 30720k
[    0.977006] Freeing unused kernel image (text/rodata gap) memory: 2036K
[    0.977245] Freeing unused kernel image (rodata/data gap) memory: 1444K
[    1.023951] x86/mm: Checked W+X mappings: passed, no W+X pages found.
[    1.023953] x86/mm: Checking user space page tables
[    1.069023] x86/mm: Checked W+X mappings: passed, no W+X pages found.
[    1.069028] Run /init as init process
[    1.069029]   with arguments:
[    1.069030]     /init
[    1.069031]     splash
[    1.069032]   with environment:
[    1.069032]     HOME=/
[    1.069033]     TERM=linux
[    1.069033]     BOOT_IMAGE=/boot/vmlinuz-5.15.0-76-generic
[    1.166525] pxa2xx-spi pxa2xx-spi.1: no DMA channels available, using PIO
[    1.174860] i801_smbus 0000:00:1f.3: SPD Write Disable is set
[    1.174884] i801_smbus 0000:00:1f.3: SMBus using PCI interrupt
[    1.175044] ACPI: bus type thunderbolt registered
[    1.175398] i2c i2c-0: 2/2 memory slots populated (from DMI)
[    1.175739] thunderbolt 0000:07:00.0: device link creation from 0000:06:00.0 failed
[    1.176476] xhci_hcd 0000:00:14.0: xHCI Host Controller
[    1.176482] xhci_hcd 0000:00:14.0: new USB bus registered, assigned bus number 1
[    1.177524] xhci_hcd 0000:00:14.0: hcc params 0x200077c1 hci version 0x100 quirks 0x000000000004b810
[    1.177680] xhci_hcd 0000:00:14.0: xHCI Host Controller
[    1.177683] xhci_hcd 0000:00:14.0: new USB bus registered, assigned bus number 2
[    1.177685] xhci_hcd 0000:00:14.0: Host supports USB 3.0 SuperSpeed
[    1.177713] usb usb1: New USB device found, idVendor=1d6b, idProduct=0002, bcdDevice= 5.15
[    1.177715] usb usb1: New USB device strings: Mfr=3, Product=2, SerialNumber=1
[    1.177716] usb usb1: Product: xHCI Host Controller
[    1.177717] usb usb1: Manufacturer: Linux 5.15.0-76-generic xhci-hcd
[    1.177719] usb usb1: SerialNumber: 0000:00:14.0
[    1.178057] hub 1-0:1.0: USB hub found
[    1.178073] hub 1-0:1.0: 11 ports detected
[    1.178542] usb usb2: New USB device found, idVendor=1d6b, idProduct=0003, bcdDevice= 5.15
[    1.178546] usb usb2: New USB device strings: Mfr=3, Product=2, SerialNumber=1
[    1.178548] usb usb2: Product: xHCI Host Controller
[    1.178550] usb usb2: Manufacturer: Linux 5.15.0-76-generic xhci-hcd
[    1.178552] usb usb2: SerialNumber: 0000:00:14.0
[    1.178665] hub 2-0:1.0: USB hub found
[    1.178675] hub 2-0:1.0: 4 ports detected
[    1.178735] usb: port power management may be unreliable
[    1.205138] applespi spi-APP000D:00: USB interface already enabled
[    1.205751] cryptd: max_cpu_qlen set to 1000
[    1.207045] ahci 0000:04:00.0: version 3.0
[    1.211642] AVX2 version of gcm_enc/dec engaged.
[    1.211675] AES CTR mode by8 optimization enabled
[    1.220532] tsc: Refined TSC clocksource calibration: 2699.999 MHz
[    1.220542] clocksource: tsc: mask: 0xffffffffffffffff max_cycles: 0x26eb3d7f706, max_idle_ns: 440795268188 ns
[    1.220558] clocksource: Switched to clocksource tsc
[    1.238006] ahci 0000:04:00.0: AHCI 0001.0300 32 slots 1 ports 6 Gbps 0x1 impl SATA mode
[    1.238012] ahci 0000:04:00.0: flags: 64bit ncq led clo only pio ccc 
[    1.238346] scsi host0: ahci
[    1.238459] ata1: SATA max UDMA/133 abar m8192@0xc1500000 port 0xc1500100 irq 70
[    1.271737] Console: switching to colour dummy device 80x25
[    1.271788] i915 0000:00:02.0: vgaarb: deactivate vga console
[    1.272660] i915 0000:00:02.0: vgaarb: changed VGA decodes: olddecodes=io+mem,decodes=io+mem:owns=io+mem
[    1.329966] [drm] Initialized i915 1.6.0 20201103 for 0000:00:02.0 on minor 0
[    1.330892] ACPI: video: Video Device [IGPU] (multi-head: yes  rom: no  post: no)
[    1.331169] input: Video Bus as /devices/LNXSYSTM:00/LNXSYBUS:00/PNP0A08:00/LNXVIDEO:00/input/input4
[    1.334856] fbcon: i915drmfb (fb0) is primary device
[    1.516737] usb 2-3: new SuperSpeed USB device number 2 using xhci_hcd
[    1.539044] usb 2-3: New USB device found, idVendor=05ac, idProduct=8406, bcdDevice= 8.20
[    1.539048] usb 2-3: New USB device strings: Mfr=3, Product=4, SerialNumber=5
[    1.539049] usb 2-3: Product: Card Reader
[    1.539051] usb 2-3: Manufacturer: Apple
[    1.539052] usb 2-3: SerialNumber: 000000000820
[    1.543957] usb-storage 2-3:1.0: USB Mass Storage device detected
[    1.544081] scsi host1: usb-storage 2-3:1.0
[    1.544173] usbcore: registered new interface driver usb-storage
[    1.576032] ata1: SATA link up 6.0 Gbps (SStatus 133 SControl 300)
[    1.576870] ata1.00: unexpected _GTF length (8)
[    1.576938] ata1.00: ATA-8: APPLE SSD SM0128G, BXW1PA0Q, max UDMA/133
[    1.577006] ata1.00: 236978176 sectors, multi 16: LBA48 NCQ (depth 32), AA
[    1.577328] ata1.00: unexpected _GTF length (8)
[    1.577463] ata1.00: configured for UDMA/133
[    1.577588] scsi 0:0:0:0: Direct-Access     ATA      APPLE SSD SM0128 PA0Q PQ: 0 ANSI: 5
[    1.577761] sd 0:0:0:0: Attached scsi generic sg0 type 0
[    1.577828] sd 0:0:0:0: [sda] 236978176 512-byte logical blocks: (121 GB/113 GiB)
[    1.577831] sd 0:0:0:0: [sda] 4096-byte physical blocks
[    1.577842] sd 0:0:0:0: [sda] Write Protect is off
[    1.577844] sd 0:0:0:0: [sda] Mode Sense: 00 3a 00 00
[    1.577859] sd 0:0:0:0: [sda] Write cache: enabled, read cache: enabled, doesn't support DPO or FUA
[    1.593873]  sda: sda1 sda2
[    1.620581] sd 0:0:0:0: [sda] Attached SCSI disk
[    1.664575] usb 1-3: new full-speed USB device number 2 using xhci_hcd
[    1.815450] usb 1-3: New USB device found, idVendor=05ac, idProduct=8290, bcdDevice= 1.19
[    1.815454] usb 1-3: New USB device strings: Mfr=1, Product=2, SerialNumber=0
[    1.815456] usb 1-3: Product: Bluetooth USB Host Controller
[    1.815457] usb 1-3: Manufacturer: Broadcom Corp.
[    1.824771] hid: raw HID events driver (C) Jiri Kosina
[    1.948570] usb 1-5: new full-speed USB device number 3 using xhci_hcd
[    2.098410] usb 1-5: New USB device found, idVendor=05ac, idProduct=0273, bcdDevice= 6.22
[    2.098414] usb 1-5: New USB device strings: Mfr=1, Product=2, SerialNumber=3
[    2.098415] usb 1-5: Product: Apple Internal Keyboard / Trackpad
[    2.098416] usb 1-5: Manufacturer: Apple Inc.
[    2.098417] usb 1-5: SerialNumber: D3H52442T91FTV3AF1KS
[    2.112507] usbcore: registered new interface driver usbhid
[    2.112509] usbhid: USB HID core driver
[    2.566655] scsi 1:0:0:0: Direct-Access     APPLE    SD Card Reader   3.00 PQ: 0 ANSI: 6
[    2.567108] sd 1:0:0:0: Attached scsi generic sg1 type 0
[    2.567639] sd 1:0:0:0: [sdb] Media removed, stopped polling
[    2.568611] sd 1:0:0:0: [sdb] Attached SCSI removable disk
[    2.732912] Console: switching to colour frame buffer device 160x50
[    2.773988] i915 0000:00:02.0: [drm] fb0: i915drmfb frame buffer device
[    2.813359] usbcore: registered new interface driver uas
[    2.814770] input: Broadcom Corp. Bluetooth USB Host Controller as /devices/pci0000:00/0000:00:14.0/usb1/1-3/1-3:1.0/0003:05AC:8290.0001/input/input5
[    2.872815] hid-generic 0003:05AC:8290.0001: input,hidraw0: USB HID v1.11 Keyboard [Broadcom Corp. Bluetooth USB Host Controller] on usb-0000:00:14.0-3/input0
[    2.872972] input: Broadcom Corp. Bluetooth USB Host Controller as /devices/pci0000:00/0000:00:14.0/usb1/1-3/1-3:1.1/0003:05AC:8290.0002/input/input6
[    2.873065] hid-generic 0003:05AC:8290.0002: input,hidraw1: USB HID v1.11 Mouse [Broadcom Corp. Bluetooth USB Host Controller] on usb-0000:00:14.0-3/input1
[    2.875175] apple 0003:05AC:0273.0003: hiddev0,hidraw2: USB HID v1.10 Device [Apple Inc. Apple Internal Keyboard / Trackpad] on usb-0000:00:14.0-5/input0
[    2.875469] input: Apple Inc. Apple Internal Keyboard / Trackpad as /devices/pci0000:00/0000:00:14.0/usb1/1-5/1-5:1.1/0003:05AC:0273.0004/input/input7
[    2.932665] apple 0003:05AC:0273.0004: input,hiddev1,hidraw3: USB HID v1.10 Keyboard [Apple Inc. Apple Internal Keyboard / Trackpad] on usb-0000:00:14.0-5/input1
[    2.932785] apple 0003:05AC:0273.0005: hiddev2,hidraw4: USB HID v1.10 Device [Apple Inc. Apple Internal Keyboard / Trackpad] on usb-0000:00:14.0-5/input3
[    2.932869] apple 0003:05AC:0273.0006: hiddev3,hidraw5: USB HID v1.10 Device [Apple Inc. Apple Internal Keyboard / Trackpad] on usb-0000:00:14.0-5/input4
[    3.320518] raid6: avx2x4   gen() 29328 MB/s
[    3.388518] raid6: avx2x4   xor() 11362 MB/s
[    3.456520] raid6: avx2x2   gen() 27821 MB/s
[    3.524518] raid6: avx2x2   xor() 17630 MB/s
[    3.592518] raid6: avx2x1   gen() 26082 MB/s
[    3.660517] raid6: avx2x1   xor() 15505 MB/s
[    3.728520] raid6: sse2x4   gen() 16456 MB/s
[    3.796518] raid6: sse2x4   xor()  9110 MB/s
[    3.864519] raid6: sse2x2   gen() 15995 MB/s
[    3.932520] raid6: sse2x2   xor() 10207 MB/s
[    4.000520] raid6: sse2x1   gen() 13806 MB/s
[    4.068519] raid6: sse2x1   xor()  9134 MB/s
[    4.068521] raid6: using algorithm avx2x4 gen() 29328 MB/s
[    4.068522] raid6: .... xor() 11362 MB/s, rmw enabled
[    4.068523] raid6: using avx2x2 recovery algorithm
[    4.071843] xor: automatically using best checksumming function   avx       
[    4.097192] Btrfs loaded, crc32c=crc32c-intel, zoned=yes, fsverity=yes
[    4.442901] EXT4-fs (sda2): mounted filesystem with ordered data mode. Opts: (null). Quota mode: none.
[    4.578617] systemd[1]: Inserted module 'autofs4'
[    4.796535] systemd[1]: systemd 249.11-0ubuntu3.9 running in system mode (+PAM +AUDIT +SELINUX +APPARMOR +IMA +SMACK +SECCOMP +GCRYPT +GNUTLS +OPENSSL +ACL +BLKID +CURL +ELFUTILS +FIDO2 +IDN2 -IDN +IPTC +KMOD +LIBCRYPTSETUP +LIBFDISK +PCRE2 -PWQUALITY -P11KIT -QRENCODE +BZIP2 +LZ4 +XZ +ZLIB +ZSTD -XKBCOMMON +UTMP +SYSVINIT default-hierarchy=unified)
[    4.816700] systemd[1]: Detected architecture x86-64.
[    4.990586] systemd[1]: Queued start job for default target Graphical Interface.
[    4.991548] systemd[1]: Created slice Slice /system/modprobe.
[    4.991823] systemd[1]: Created slice Slice /system/systemd-fsck.
[    4.992017] systemd[1]: Created slice User and Session Slice.
[    4.992087] systemd[1]: Started Forward Password Requests to Wall Directory Watch.
[    4.992235] systemd[1]: Set up automount Arbitrary Executable File Formats File System Automount Point.
[    4.992294] systemd[1]: Reached target User and Group Name Lookups.
[    4.992312] systemd[1]: Reached target Remote File Systems.
[    4.992323] systemd[1]: Reached target Slice Units.
[    4.992351] systemd[1]: Reached target Local Verity Protected Volumes.
[    4.992424] systemd[1]: Listening on Device-mapper event daemon FIFOs.
[    4.992537] systemd[1]: Listening on LVM2 poll daemon socket.
[    4.992618] systemd[1]: Listening on Syslog Socket.
[    4.993597] systemd[1]: Listening on Process Core Dump Socket.
[    4.993963] systemd[1]: Listening on fsck to fsckd communication Socket.
[    4.994016] systemd[1]: Listening on initctl Compatibility Named Pipe.
[    4.994196] systemd[1]: Listening on Journal Audit Socket.
[    4.994284] systemd[1]: Listening on Journal Socket (/dev/log).
[    4.994380] systemd[1]: Listening on Journal Socket.
[    4.994606] systemd[1]: Listening on udev Control Socket.
[    4.994707] systemd[1]: Listening on udev Kernel Socket.
[    4.995503] systemd[1]: Mounting Huge Pages File System...
[    4.996211] systemd[1]: Mounting POSIX Message Queue File System...
[    4.997228] systemd[1]: Mounting Kernel Debug File System...
[    4.998180] systemd[1]: Mounting Kernel Trace File System...
[    5.000305] systemd[1]: Starting Journal Service...
[    5.000530] systemd[1]: Finished Availability of block devices.
[    5.002235] systemd[1]: Starting Set the console keyboard layout...
[    5.003542] systemd[1]: Starting Create List of Static Device Nodes...
[    5.004725] systemd[1]: Starting Monitoring of LVM2 mirrors, snapshots etc. using dmeventd or progress polling...
[    5.005994] systemd[1]: Starting Load Kernel Module chromeos_pstore...
[    5.007284] systemd[1]: Starting Load Kernel Module configfs...
[    5.008544] systemd[1]: Starting Load Kernel Module drm...
[    5.009830] systemd[1]: Starting Load Kernel Module efi_pstore...
[    5.011169] systemd[1]: Starting Load Kernel Module fuse...
[    5.012513] systemd[1]: Starting Load Kernel Module pstore_blk...
[    5.013921] systemd[1]: Starting Load Kernel Module pstore_zone...
[    5.018224] systemd[1]: Starting Load Kernel Module ramoops...
[    5.018393] systemd[1]: Condition check resulted in File System Check on Root Device being skipped.
[    5.020231] systemd[1]: Starting Load Kernel Modules...
[    5.024924] systemd[1]: Starting Remount Root and Kernel File Systems...
[    5.028231] systemd[1]: Starting Coldplug All udev Devices...
[    5.034835] systemd[1]: Mounted Huge Pages File System.
[    5.034987] systemd[1]: Mounted POSIX Message Queue File System.
[    5.035106] systemd[1]: Mounted Kernel Debug File System.
[    5.035222] systemd[1]: Mounted Kernel Trace File System.
[    5.035584] systemd[1]: Finished Create List of Static Device Nodes.
[    5.035908] systemd[1]: modprobe@configfs.service: Deactivated successfully.
[    5.036206] systemd[1]: Finished Load Kernel Module configfs.
[    5.036748] systemd[1]: modprobe@drm.service: Deactivated successfully.
[    5.037044] systemd[1]: Finished Load Kernel Module drm.
[    5.037398] systemd[1]: modprobe@fuse.service: Deactivated successfully.
[    5.037920] systemd[1]: Finished Load Kernel Module fuse.
[    5.038445] systemd[1]: modprobe@pstore_blk.service: Deactivated successfully.
[    5.049194] EXT4-fs (sda2): re-mounted. Opts: errors=remount-ro. Quota mode: none.
[    5.057398] lp: driver loaded but no devices found
[    5.057867] systemd[1]: Finished Load Kernel Module pstore_blk.
[    5.065679] ppdev: user-space parallel port driver
[    5.072741] systemd[1]: modprobe@chromeos_pstore.service: Deactivated successfully.
[    5.073054] systemd[1]: Finished Load Kernel Module chromeos_pstore.
[    5.073420] systemd[1]: modprobe@pstore_zone.service: Deactivated successfully.
[    5.073699] systemd[1]: Finished Load Kernel Module pstore_zone.
[    5.074073] systemd[1]: Finished Remount Root and Kernel File Systems.
[    5.075328] systemd[1]: Activating swap /swapfile...
[    5.084703] systemd[1]: Mounting FUSE Control File System...
[    5.085847] systemd[1]: Mounting Kernel Configuration File System...
[    5.089216] systemd[1]: Starting Load/Save Random Seed...
[    5.094725] systemd[1]: Starting Create System Users...
[    5.096235] Adding 2097148k swap on /swapfile.  Priority:-2 extents:6 across:88211456k SSFS
[    5.096389] systemd[1]: Finished Monitoring of LVM2 mirrors, snapshots etc. using dmeventd or progress polling.
[    5.097321] systemd[1]: Activated swap /swapfile.
[    5.099113] systemd[1]: modprobe@ramoops.service: Deactivated successfully.
[    5.099378] systemd[1]: Finished Load Kernel Module ramoops.
[    5.103664] systemd[1]: Finished Load Kernel Modules.
[    5.105814] systemd[1]: Mounted FUSE Control File System.
[    5.106123] systemd[1]: Mounted Kernel Configuration File System.
[    5.106305] systemd[1]: Reached target Swaps.
[    5.107755] systemd[1]: Starting Apply Kernel Variables...
[    5.137155] systemd[1]: Finished Set the console keyboard layout.
[    5.137679] systemd[1]: Finished Load/Save Random Seed.
[    5.137977] systemd[1]: Condition check resulted in First Boot Complete being skipped.
[    5.139688] systemd[1]: Finished Create System Users.
[    5.140543] systemd[1]: Starting Create Static Device Nodes in /dev...
[    5.141865] systemd[1]: Finished Apply Kernel Variables.
[    5.153144] pstore: Using crash dump compression: deflate
[    5.153157] pstore: Registered efi as persistent store backend
[    5.153998] systemd[1]: modprobe@efi_pstore.service: Deactivated successfully.
[    5.154339] systemd[1]: Finished Load Kernel Module efi_pstore.
[    5.154520] systemd[1]: Condition check resulted in Platform Persistent Storage Archival being skipped.
[    5.160704] systemd[1]: Finished Create Static Device Nodes in /dev.
[    5.160880] systemd[1]: Reached target Preparation for Local File Systems.
[    5.162812] systemd[1]: Starting Rule-based Manager for Device Events and Files...
[    5.163462] systemd[1]: Started Journal Service.
[    5.169555] systemd-journald[364]: Received client request to flush runtime journal.
[    5.185763] systemd-journald[364]: File /var/log/journal/b0d275fb46fa48c6820be57edaa22cf5/system.journal corrupted or uncleanly shut down, renaming and replacing.
[    5.418578] smbus_hc ACPI0001:00: SBS HC: offset = 0x20, query_bit = 0x10
[    5.517143] dw_dmac_pci 0000:00:15.0: DesignWare DMA Controller, 8 channels
[    5.552984] usbcore: registered new device driver apple-mfi-fastcharge
[    5.561781] cfg80211: Loading compiled-in X.509 certificates for regulatory database
[    5.561964] cfg80211: Loaded X.509 cert 'sforshee: 00b28ddf47aef9cea7'
[    5.600694] usbcore: registered new interface driver brcmfmac
[    5.649273] input: bcm5974 as /devices/pci0000:00/0000:00:14.0/usb1/1-5/1-5:1.2/input/input8
[    5.686588] usbcore: registered new interface driver bcm5974
[    5.688097] ACPI: Smart Battery System [SBS0]: Battery Slot [BAT0] (battery present)
[    5.708911] brcmfmac: brcmf_fw_alloc_request: using brcm/brcmfmac43602-pcie for chip BCM43602/1
[    5.709412] brcmfmac 0000:03:00.0: Direct firmware load for brcm/brcmfmac43602-pcie.Apple Inc.-MacBookPro12,1.bin failed with error -2
[    5.710306] Bluetooth: Core ver 2.22
[    5.710693] NET: Registered PF_BLUETOOTH protocol family
[    5.710695] Bluetooth: HCI device and connection manager initialized
[    5.710698] Bluetooth: HCI socket layer initialized
[    5.710700] Bluetooth: L2CAP socket layer initialized
[    5.710704] Bluetooth: SCO socket layer initialized
[    5.710868] brcmfmac 0000:03:00.0: Direct firmware load for brcm/brcmfmac43602-pcie.Apple Inc.-MacBookPro12,1.txt failed with error -2
[    5.710886] brcmfmac 0000:03:00.0: Direct firmware load for brcm/brcmfmac43602-pcie.txt failed with error -2
[    5.872632] usbcore: registered new interface driver btusb
[    5.872813] snd_hda_intel 0000:00:03.0: bound 0000:00:02.0 (ops i915_audio_component_bind_ops [i915])
[    5.925479] snd_hda_codec_cirrus hdaudioC1D0: autoconfig for CS4208: line_outs=2 (0x12/0x13/0x0/0x0/0x0) type:speaker
[    5.925484] snd_hda_codec_cirrus hdaudioC1D0:    speaker_outs=0 (0x0/0x0/0x0/0x0/0x0)
[    5.925486] snd_hda_codec_cirrus hdaudioC1D0:    hp_outs=1 (0x10/0x0/0x0/0x0/0x0)
[    5.925487] snd_hda_codec_cirrus hdaudioC1D0:    mono: mono_out=0x0
[    5.925488] snd_hda_codec_cirrus hdaudioC1D0:    dig-out=0x21/0x0
[    5.925489] snd_hda_codec_cirrus hdaudioC1D0:    inputs:
[    5.925490] snd_hda_codec_cirrus hdaudioC1D0:      Internal Mic=0x1c
[    5.925491] snd_hda_codec_cirrus hdaudioC1D0:      Mic=0x18
[    5.935275] RAPL PMU: API unit is 2^-32 Joules, 4 fixed counters, 655360 ms ovfl timer
[    5.935278] RAPL PMU: hw unit of domain pp0-core 2^-14 Joules
[    5.935280] RAPL PMU: hw unit of domain package 2^-14 Joules
[    5.935280] RAPL PMU: hw unit of domain dram 2^-14 Joules
[    5.935281] RAPL PMU: hw unit of domain pp1-gpu 2^-14 Joules
[    5.992733] Bluetooth: hci0: BCM: chip id 102 build 0537
[    5.995722] Bluetooth: hci0: BCM: product 05ac:8290
[    5.996728] Bluetooth: hci0: BCM: features 0x2f
[    6.012730] Bluetooth: hci0: BCM20703A1 Generic USB UHE Apple 20Mhz fcbga_X87
[    6.014705] input: HDA Intel HDMI HDMI/DP,pcm=3 as /devices/pci0000:00/0000:00:03.0/sound/card0/input9
[    6.016632] input: HDA Intel PCH Mic as /devices/pci0000:00/0000:00:1b.0/sound/card1/input14
[    6.024484] input: HDA Intel HDMI HDMI/DP,pcm=7 as /devices/pci0000:00/0000:00:03.0/sound/card0/input10
[    6.029258] input: HDA Intel PCH Headphone as /devices/pci0000:00/0000:00:1b.0/sound/card1/input15
[    6.034991] input: HDA Intel PCH SPDIF as /devices/pci0000:00/0000:00:1b.0/sound/card1/input16
[    6.035924] input: HDA Intel HDMI HDMI/DP,pcm=8 as /devices/pci0000:00/0000:00:03.0/sound/card0/input11
[    6.057503] input: HDA Intel HDMI HDMI/DP,pcm=9 as /devices/pci0000:00/0000:00:03.0/sound/card0/input12
[    6.088888] input: HDA Intel HDMI HDMI/DP,pcm=10 as /devices/pci0000:00/0000:00:03.0/sound/card0/input13
[    6.223638] brcmfmac: brcmf_fw_alloc_request: using brcm/brcmfmac43602-pcie for chip BCM43602/1
[    6.223789] brcmfmac: brcmf_c_process_clm_blob: no clm_blob available (err=-2), device may have limited channels available
[    6.224066] brcmfmac: brcmf_c_preinit_dcmds: Firmware: BCM43602/1 wl0: Nov 10 2015 06:38:10 version 7.35.177.61 (r598657) FWID 01-ea662a8c
[    6.238244] applesmc: key=670 fan=1 temp=35 index=34 acc=0 lux=2 kbd=1
[    6.249061] applesmc applesmc.768: hwmon_device_register() is deprecated. Please convert the driver to use hwmon_device_register_with_info().
[    6.360298] brcmfmac 0000:03:00.0 wlp3s0: renamed from wlan0
[    6.373996] intel_rapl_common: Found RAPL domain package
[    6.373999] intel_rapl_common: Found RAPL domain core
[    6.374000] intel_rapl_common: Found RAPL domain uncore
[    6.374001] intel_rapl_common: Found RAPL domain dram
[    7.437050] spl: loading out-of-tree module taints kernel.
[    7.440346] znvpair: module license 'CDDL' taints kernel.
[    7.440349] Disabling lock debugging due to kernel taint
[    7.617496] ZFS: Loaded module v2.1.5-1ubuntu6~22.04.1, ZFS pool version 5000, ZFS filesystem version 5
[    7.658551] audit: type=1400 audit(1690173455.925:2): apparmor="STATUS" operation="profile_load" profile="unconfined" name="lsb_release" pid=673 comm="apparmor_parser"
[    7.659066] audit: type=1400 audit(1690173455.925:3): apparmor="STATUS" operation="profile_load" profile="unconfined" name="nvidia_modprobe" pid=674 comm="apparmor_parser"
[    7.659073] audit: type=1400 audit(1690173455.925:4): apparmor="STATUS" operation="profile_load" profile="unconfined" name="nvidia_modprobe//kmod" pid=674 comm="apparmor_parser"
[    7.664184] audit: type=1400 audit(1690173455.929:5): apparmor="STATUS" operation="profile_load" profile="unconfined" name="/usr/bin/man" pid=676 comm="apparmor_parser"
[    7.664191] audit: type=1400 audit(1690173455.929:6): apparmor="STATUS" operation="profile_load" profile="unconfined" name="man_filter" pid=676 comm="apparmor_parser"
[    7.664195] audit: type=1400 audit(1690173455.929:7): apparmor="STATUS" operation="profile_load" profile="unconfined" name="man_groff" pid=676 comm="apparmor_parser"
[    7.665246] audit: type=1400 audit(1690173455.933:8): apparmor="STATUS" operation="profile_load" profile="unconfined" name="/usr/bin/redshift" pid=677 comm="apparmor_parser"
[    7.666631] audit: type=1400 audit(1690173455.933:9): apparmor="STATUS" operation="profile_load" profile="unconfined" name="/usr/lib/NetworkManager/nm-dhcp-client.action" pid=675 comm="apparmor_parser"
[    7.666639] audit: type=1400 audit(1690173455.933:10): apparmor="STATUS" operation="profile_load" profile="unconfined" name="/usr/lib/NetworkManager/nm-dhcp-helper" pid=675 comm="apparmor_parser"
[    7.666642] audit: type=1400 audit(1690173455.933:11): apparmor="STATUS" operation="profile_load" profile="unconfined" name="/usr/lib/connman/scripts/dhclient-script" pid=675 comm="apparmor_parser"
[    9.337442] systemd-journald[364]: File /var/log/journal/b0d275fb46fa48c6820be57edaa22cf5/user-1000.journal corrupted or uncleanly shut down, renaming and replacing.
[   15.319523] IPv6: ADDRCONF(NETDEV_CHANGE): wlp3s0: link becomes ready
[   15.368870] ieee80211 phy0: brcmf_inetaddr_changed: fail to get arp ip table err:-52
[   15.433615] kauditd_printk_skb: 14 callbacks suppressed
[   15.433619] audit: type=1400 audit(1690173463.701:26): apparmor="DENIED" operation="capable" profile="/usr/sbin/cups-browsed" pid=1504 comm="cups-browsed" capability=23  capname="sys_nice"
[   35.480094] ieee80211 phy0: brcmf_inetaddr_changed: fail to get arp ip table err:-52
[ 2909.749273] IPv6: ADDRCONF(NETDEV_CHANGE): wlp3s0: link becomes ready
[ 2909.794274] ieee80211 phy0: brcmf_inetaddr_changed: fail to get arp ip table err:-52
[ 2978.387572] ieee80211 phy0: brcmf_inetaddr_changed: fail to get arp ip table err:-52
[ 3057.408683] PM: suspend entry (deep)
[ 3057.443492] Filesystems sync: 0.034 seconds
[ 3057.443776] Freezing user space processes ... (elapsed 0.014 seconds) done.
[ 3057.458261] OOM killer disabled.
[ 3057.458262] Freezing remaining freezable tasks ... (elapsed 0.001 seconds) done.
[ 3057.459500] printk: Suspending console(s) (use no_console_suspend to debug)
[ 3057.478625] sd 0:0:0:0: [sda] Synchronizing SCSI cache
[ 3057.478689] sd 0:0:0:0: [sda] Stopping disk
[ 3057.598420] ACPI: EC: interrupt blocked
[ 3057.698311] ACPI: PM: Preparing to enter system sleep state S3
[ 3057.806248] ACPI: EC: event blocked
[ 3057.806249] ACPI: EC: EC stopped
[ 3057.806249] ACPI: PM: Saving platform NVS memory
[ 3057.806253] Disabling non-boot CPUs ...
[ 3057.807634] smpboot: CPU 1 is now offline
[ 3057.809622] smpboot: CPU 2 is now offline
[ 3057.811165] smpboot: CPU 3 is now offline
[ 3057.814800] ACPI: PM: Low-level resume complete
[ 3057.814833] ACPI: EC: EC started
[ 3057.814834] ACPI: PM: Restoring platform NVS memory
[ 3057.815238] Enabling non-boot CPUs ...
[ 3057.815299] x86: Booting SMP configuration:
[ 3057.815300] smpboot: Booting Node 0 Processor 1 APIC 0x2
[ 3058.016049] CPU1 is up
[ 3058.021483] smpboot: Booting Node 0 Processor 2 APIC 0x1
[ 3058.032154] CPU2 is up
[ 3058.032477] smpboot: Booting Node 0 Processor 3 APIC 0x3
[ 3058.409270] CPU3 is up
[ 3058.413088] ACPI: PM: Waking up from system sleep state S3
[ 3058.414944] ACPI: EC: interrupt unblocked
[ 3059.525933] ACPI: EC: event unblocked
[ 3059.546965] sd 0:0:0:0: [sda] Starting disk
[ 3059.717767] brcmfmac: brcmf_fw_alloc_request: using brcm/brcmfmac43602-pcie for chip BCM43602/1
[ 3059.717804] brcmfmac 0000:03:00.0: Direct firmware load for brcm/brcmfmac43602-pcie.Apple Inc.-MacBookPro12,1.bin failed with error -2
[ 3059.717821] brcmfmac 0000:03:00.0: Direct firmware load for brcm/brcmfmac43602-pcie.Apple Inc.-MacBookPro12,1.txt failed with error -2
[ 3059.717831] brcmfmac 0000:03:00.0: Direct firmware load for brcm/brcmfmac43602-pcie.txt failed with error -2
[ 3059.884623] ata1: SATA link up 6.0 Gbps (SStatus 133 SControl 300)
[ 3059.884951] ata1.00: unexpected _GTF length (8)
[ 3059.885391] ata1.00: unexpected _GTF length (8)
[ 3059.885577] ata1.00: configured for UDMA/133
[ 3060.232220] brcmfmac: brcmf_fw_alloc_request: using brcm/brcmfmac43602-pcie for chip BCM43602/1
[ 3060.232249] brcmfmac: brcmf_c_process_clm_blob: no clm_blob available (err=-2), device may have limited channels available
[ 3060.232875] brcmfmac: brcmf_c_preinit_dcmds: Firmware: BCM43602/1 wl0: Nov 10 2015 06:38:10 version 7.35.177.61 (r598657) FWID 01-ea662a8c
[ 3062.930903] OOM killer enabled.
[ 3062.930906] Restarting tasks ... 
[ 3062.930960] usb 2-3: USB disconnect, device number 2
[ 3062.933289] done.
[ 3063.005780] PM: suspend exit
[ 3063.029856] brcmfmac 0000:03:00.0 wlp3s0: renamed from wlan0
[ 6636.350771] IPv6: ADDRCONF(NETDEV_CHANGE): wlp3s0: link becomes ready
[ 6636.395646] ieee80211 phy1: brcmf_inetaddr_changed: fail to get arp ip table err:-52
[ 7915.732200] ieee80211 phy1: brcmf_inetaddr_changed: fail to get arp ip table err:-52
[ 8063.630928] PM: suspend entry (deep)
[ 8063.681790] Filesystems sync: 0.050 seconds
[ 8063.682108] Freezing user space processes ... (elapsed 0.001 seconds) done.
[ 8063.684061] OOM killer disabled.
[ 8063.684061] Freezing remaining freezable tasks ... (elapsed 0.000 seconds) done.
[ 8063.685088] printk: Suspending console(s) (use no_console_suspend to debug)
[ 8063.713101] sd 0:0:0:0: [sda] Synchronizing SCSI cache
[ 8063.716865] sd 0:0:0:0: [sda] Stopping disk
[ 8064.281284] ACPI: EC: interrupt blocked
[ 8064.381196] ACPI: PM: Preparing to enter system sleep state S3
[ 8064.489138] ACPI: EC: event blocked
[ 8064.489139] ACPI: EC: EC stopped
[ 8064.489140] ACPI: PM: Saving platform NVS memory
[ 8064.489144] Disabling non-boot CPUs ...
[ 8064.490522] smpboot: CPU 1 is now offline
[ 8064.492551] smpboot: CPU 2 is now offline
[ 8064.494193] smpboot: CPU 3 is now offline
[ 8064.497648] ACPI: PM: Low-level resume complete
[ 8064.497680] ACPI: EC: EC started
[ 8064.497681] ACPI: PM: Restoring platform NVS memory
[ 8064.498113] Enabling non-boot CPUs ...
[ 8064.498178] x86: Booting SMP configuration:
[ 8064.498179] smpboot: Booting Node 0 Processor 1 APIC 0x2
[ 8064.686208] CPU1 is up
[ 8064.691675] smpboot: Booting Node 0 Processor 2 APIC 0x1
[ 8064.704021] CPU2 is up
[ 8064.704049] smpboot: Booting Node 0 Processor 3 APIC 0x3
[ 8065.018942] CPU3 is up
[ 8065.021530] ACPI: PM: Waking up from system sleep state S3
[ 8065.023581] ACPI: EC: interrupt unblocked
[ 8066.132773] ACPI: EC: event unblocked
[ 8066.154205] sd 0:0:0:0: [sda] Starting disk
[ 8066.324670] brcmfmac: brcmf_fw_alloc_request: using brcm/brcmfmac43602-pcie for chip BCM43602/1
[ 8066.324727] brcmfmac 0000:03:00.0: Direct firmware load for brcm/brcmfmac43602-pcie.Apple Inc.-MacBookPro12,1.bin failed with error -2
[ 8066.324743] brcmfmac 0000:03:00.0: Direct firmware load for brcm/brcmfmac43602-pcie.Apple Inc.-MacBookPro12,1.txt failed with error -2
[ 8066.324754] brcmfmac 0000:03:00.0: Direct firmware load for brcm/brcmfmac43602-pcie.txt failed with error -2
[ 8066.324982] OOM killer enabled.
[ 8066.324984] Restarting tasks ... done.
[ 8066.453383] PM: suspend exit
[ 8066.488084] ata1: SATA link up 6.0 Gbps (SStatus 133 SControl 300)
[ 8066.488421] ata1.00: unexpected _GTF length (8)
[ 8066.488745] ata1.00: unexpected _GTF length (8)
[ 8066.488826] ata1.00: configured for UDMA/133
[ 8066.867057] brcmfmac: brcmf_fw_alloc_request: using brcm/brcmfmac43602-pcie for chip BCM43602/1
[ 8066.867086] brcmfmac: brcmf_c_process_clm_blob: no clm_blob available (err=-2), device may have limited channels available
[ 8066.867741] brcmfmac: brcmf_c_preinit_dcmds: Firmware: BCM43602/1 wl0: Nov 10 2015 06:38:10 version 7.35.177.61 (r598657) FWID 01-ea662a8c
[ 8066.918501] brcmfmac 0000:03:00.0 wlp3s0: renamed from wlan0
[ 8071.228212] usb usb2-port3: Cannot enable. Maybe the USB cable is bad?
[ 8648.122573] PM: suspend entry (deep)
[ 8648.140680] Filesystems sync: 0.018 seconds
[ 8648.140951] Freezing user space processes ... (elapsed 0.014 seconds) done.
[ 8648.155738] OOM killer disabled.
[ 8648.155738] Freezing remaining freezable tasks ... (elapsed 0.001 seconds) done.
[ 8648.156978] printk: Suspending console(s) (use no_console_suspend to debug)
[ 8648.279525] sd 0:0:0:0: [sda] Synchronizing SCSI cache
[ 8648.280405] sd 0:0:0:0: [sda] Stopping disk
[ 8648.843817] ACPI: EC: interrupt blocked
[ 8648.943741] ACPI: PM: Preparing to enter system sleep state S3
[ 8649.051680] ACPI: EC: event blocked
[ 8649.051681] ACPI: EC: EC stopped
[ 8649.051682] ACPI: PM: Saving platform NVS memory
[ 8649.051686] Disabling non-boot CPUs ...
[ 8649.053054] smpboot: CPU 1 is now offline
[ 8649.055076] smpboot: CPU 2 is now offline
[ 8649.056793] smpboot: CPU 3 is now offline
[ 8649.060346] ACPI: PM: Low-level resume complete
[ 8649.060378] ACPI: EC: EC started
[ 8649.060380] ACPI: PM: Restoring platform NVS memory
[ 8649.060780] Enabling non-boot CPUs ...
[ 8649.060843] x86: Booting SMP configuration:
[ 8649.060844] smpboot: Booting Node 0 Processor 1 APIC 0x2
[ 8649.264596] CPU1 is up
[ 8649.270089] smpboot: Booting Node 0 Processor 2 APIC 0x1
[ 8649.274282] CPU2 is up
[ 8649.274309] smpboot: Booting Node 0 Processor 3 APIC 0x3
[ 8649.616957] CPU3 is up
[ 8649.619238] ACPI: PM: Waking up from system sleep state S3
[ 8649.621277] ACPI: EC: interrupt unblocked
[ 8650.731379] ACPI: EC: event unblocked
[ 8650.751987] sd 0:0:0:0: [sda] Starting disk
[ 8650.915270] brcmfmac: brcmf_fw_alloc_request: using brcm/brcmfmac43602-pcie for chip BCM43602/1
[ 8650.915319] brcmfmac 0000:03:00.0: Direct firmware load for brcm/brcmfmac43602-pcie.Apple Inc.-MacBookPro12,1.bin failed with error -2
[ 8650.915342] brcmfmac 0000:03:00.0: Direct firmware load for brcm/brcmfmac43602-pcie.Apple Inc.-MacBookPro12,1.txt failed with error -2
[ 8650.915359] brcmfmac 0000:03:00.0: Direct firmware load for brcm/brcmfmac43602-pcie.txt failed with error -2
[ 8650.915640] OOM killer enabled.
[ 8650.915641] Restarting tasks ... done.
[ 8651.085583] ata1: SATA link up 6.0 Gbps (SStatus 133 SControl 300)
[ 8651.085918] ata1.00: unexpected _GTF length (8)
[ 8651.086475] ata1.00: unexpected _GTF length (8)
[ 8651.086592] ata1.00: configured for UDMA/133
[ 8651.107690] PM: suspend exit
[ 8651.442280] brcmfmac: brcmf_fw_alloc_request: using brcm/brcmfmac43602-pcie for chip BCM43602/1
[ 8651.442310] brcmfmac: brcmf_c_process_clm_blob: no clm_blob available (err=-2), device may have limited channels available
[ 8651.442882] brcmfmac: brcmf_c_preinit_dcmds: Firmware: BCM43602/1 wl0: Nov 10 2015 06:38:10 version 7.35.177.61 (r598657) FWID 01-ea662a8c
[ 8651.498633] brcmfmac 0000:03:00.0 wlp3s0: renamed from wlan0
[ 9016.836406] PM: suspend entry (deep)
[ 9016.853358] Filesystems sync: 0.016 seconds
[ 9016.853647] Freezing user space processes ... (elapsed 0.007 seconds) done.
[ 9016.860951] OOM killer disabled.
[ 9016.860952] Freezing remaining freezable tasks ... (elapsed 0.001 seconds) done.
[ 9016.862122] printk: Suspending console(s) (use no_console_suspend to debug)
[ 9016.881370] sd 0:0:0:0: [sda] Synchronizing SCSI cache
[ 9016.881431] sd 0:0:0:0: [sda] Stopping disk
[ 9016.957194] ACPI: EC: interrupt blocked
[ 9017.057098] ACPI: PM: Preparing to enter system sleep state S3
[ 9017.165043] ACPI: EC: event blocked
[ 9017.165044] ACPI: EC: EC stopped
[ 9017.165044] ACPI: PM: Saving platform NVS memory
[ 9017.165048] Disabling non-boot CPUs ...
[ 9017.166651] smpboot: CPU 1 is now offline
[ 9017.168391] smpboot: CPU 2 is now offline
[ 9017.170072] smpboot: CPU 3 is now offline
[ 9017.173500] ACPI: PM: Low-level resume complete
[ 9017.173532] ACPI: EC: EC started
[ 9017.173533] ACPI: PM: Restoring platform NVS memory
[ 9017.173916] Enabling non-boot CPUs ...
[ 9017.173978] x86: Booting SMP configuration:
[ 9017.173979] smpboot: Booting Node 0 Processor 1 APIC 0x2
[ 9017.371482] CPU1 is up
[ 9017.387359] smpboot: Booting Node 0 Processor 2 APIC 0x1
[ 9017.404370] CPU2 is up
[ 9017.404398] smpboot: Booting Node 0 Processor 3 APIC 0x3
[ 9017.795518] CPU3 is up
[ 9017.800354] ACPI: PM: Waking up from system sleep state S3
[ 9017.802086] ACPI: EC: interrupt unblocked
[ 9018.912735] ACPI: EC: event unblocked
[ 9018.934282] sd 0:0:0:0: [sda] Starting disk
[ 9019.100595] brcmfmac: brcmf_fw_alloc_request: using brcm/brcmfmac43602-pcie for chip BCM43602/1
[ 9019.100633] brcmfmac 0000:03:00.0: Direct firmware load for brcm/brcmfmac43602-pcie.Apple Inc.-MacBookPro12,1.bin failed with error -2
[ 9019.100648] brcmfmac 0000:03:00.0: Direct firmware load for brcm/brcmfmac43602-pcie.Apple Inc.-MacBookPro12,1.txt failed with error -2
[ 9019.100660] brcmfmac 0000:03:00.0: Direct firmware load for brcm/brcmfmac43602-pcie.txt failed with error -2
[ 9019.101363] OOM killer enabled.
[ 9019.101366] Restarting tasks ... done.
[ 9019.241070] PM: suspend exit
[ 9019.271297] ata1: SATA link up 6.0 Gbps (SStatus 133 SControl 300)
[ 9019.271609] ata1.00: unexpected _GTF length (8)
[ 9019.272183] ata1.00: unexpected _GTF length (8)
[ 9019.272253] ata1.00: configured for UDMA/133
[ 9019.627448] brcmfmac: brcmf_fw_alloc_request: using brcm/brcmfmac43602-pcie for chip BCM43602/1
[ 9019.627476] brcmfmac: brcmf_c_process_clm_blob: no clm_blob available (err=-2), device may have limited channels available
[ 9019.627845] brcmfmac: brcmf_c_preinit_dcmds: Firmware: BCM43602/1 wl0: Nov 10 2015 06:38:10 version 7.35.177.61 (r598657) FWID 01-ea662a8c
[ 9019.679326] brcmfmac 0000:03:00.0 wlp3s0: renamed from wlan0
[ 9347.202015] PM: suspend entry (deep)
[ 9347.218200] Filesystems sync: 0.016 seconds
[ 9347.218486] Freezing user space processes ... (elapsed 0.007 seconds) done.
[ 9347.226314] OOM killer disabled.
[ 9347.226315] Freezing remaining freezable tasks ... (elapsed 0.001 seconds) done.
[ 9347.227526] printk: Suspending console(s) (use no_console_suspend to debug)
[ 9347.344033] sd 0:0:0:0: [sda] Synchronizing SCSI cache
[ 9347.344799] sd 0:0:0:0: [sda] Stopping disk
[ 9347.824294] ACPI: EC: interrupt blocked
[ 9347.924249] ACPI: PM: Preparing to enter system sleep state S3
[ 9348.032192] ACPI: EC: event blocked
[ 9348.032193] ACPI: EC: EC stopped
[ 9348.032194] ACPI: PM: Saving platform NVS memory
[ 9348.032198] Disabling non-boot CPUs ...
[ 9348.033561] smpboot: CPU 1 is now offline
[ 9348.035556] smpboot: CPU 2 is now offline
[ 9348.037242] smpboot: CPU 3 is now offline
[ 9348.040823] ACPI: PM: Low-level resume complete
[ 9348.040855] ACPI: EC: EC started
[ 9348.040857] ACPI: PM: Restoring platform NVS memory
[ 9348.041269] Enabling non-boot CPUs ...
[ 9348.041332] x86: Booting SMP configuration:
[ 9348.041333] smpboot: Booting Node 0 Processor 1 APIC 0x2
[ 9348.301519] CPU1 is up
[ 9348.307251] smpboot: Booting Node 0 Processor 2 APIC 0x1
[ 9348.328140] CPU2 is up
[ 9348.328169] smpboot: Booting Node 0 Processor 3 APIC 0x3
[ 9348.701656] CPU3 is up
[ 9348.704527] ACPI: PM: Waking up from system sleep state S3
[ 9348.706488] ACPI: EC: interrupt unblocked
[ 9349.815841] ACPI: EC: event unblocked
[ 9349.836864] sd 0:0:0:0: [sda] Starting disk
[ 9349.999752] brcmfmac: brcmf_fw_alloc_request: using brcm/brcmfmac43602-pcie for chip BCM43602/1
[ 9349.999796] brcmfmac 0000:03:00.0: Direct firmware load for brcm/brcmfmac43602-pcie.Apple Inc.-MacBookPro12,1.bin failed with error -2
[ 9349.999812] brcmfmac 0000:03:00.0: Direct firmware load for brcm/brcmfmac43602-pcie.Apple Inc.-MacBookPro12,1.txt failed with error -2
[ 9349.999822] brcmfmac 0000:03:00.0: Direct firmware load for brcm/brcmfmac43602-pcie.txt failed with error -2
[ 9350.000094] OOM killer enabled.
[ 9350.000095] Restarting tasks ... done.
[ 9350.168514] PM: suspend exit
[ 9350.174183] ata1: SATA link up 6.0 Gbps (SStatus 133 SControl 300)
[ 9350.174428] ata1.00: unexpected _GTF length (8)
[ 9350.174846] ata1.00: unexpected _GTF length (8)
[ 9350.174917] ata1.00: configured for UDMA/133
[ 9350.523218] brcmfmac: brcmf_fw_alloc_request: using brcm/brcmfmac43602-pcie for chip BCM43602/1
[ 9350.523249] brcmfmac: brcmf_c_process_clm_blob: no clm_blob available (err=-2), device may have limited channels available
[ 9350.523702] brcmfmac: brcmf_c_preinit_dcmds: Firmware: BCM43602/1 wl0: Nov 10 2015 06:38:10 version 7.35.177.61 (r598657) FWID 01-ea662a8c
[ 9350.576135] brcmfmac 0000:03:00.0 wlp3s0: renamed from wlan0
[ 9397.190456] IPv6: ADDRCONF(NETDEV_CHANGE): wlp3s0: link becomes ready
[ 9397.234206] ieee80211 phy5: brcmf_inetaddr_changed: fail to get arp ip table err:-52
[ 9402.260748] ieee80211 phy5: brcmf_inetaddr_changed: fail to get arp ip table err:-52
[ 9432.378223] IPv6: ADDRCONF(NETDEV_CHANGE): wlp3s0: link becomes ready
[ 9432.425580] ieee80211 phy5: brcmf_inetaddr_changed: fail to get arp ip table err:-52
[10032.215321] timeshift[6589]: segfault at 28 ip 00007fc75b6d8ece sp 00007fc755e1e7f0 error 4 in libgobject-2.0.so.0.7200.4[7fc75b6c5000+33000]
[10032.215334] Code: c7 48 85 c0 75 e6 4c 89 ff e8 1e c9 fe ff 4c 89 f7 e8 26 ce fe ff 48 89 ef 31 f6 e8 ec 22 ff ff 48 89 ef 49 89 c6 48 8b 45 00 <ff> 50 28 41 8b 1c 24 83 fb 01 7e 51 4c 89 ef e8 be ca fe ff 8d 53
[10382.545219] ieee80211 phy5: brcmf_inetaddr_changed: fail to get arp ip table err:-52
[10383.107184] PM: suspend entry (deep)
[10383.128711] Filesystems sync: 0.021 seconds
[10383.128978] Freezing user space processes ... (elapsed 0.007 seconds) done.
[10383.136688] OOM killer disabled.
[10383.136689] Freezing remaining freezable tasks ... (elapsed 0.001 seconds) done.
[10383.137978] printk: Suspending console(s) (use no_console_suspend to debug)
[10383.264655] sd 0:0:0:0: [sda] Synchronizing SCSI cache
[10383.265481] sd 0:0:0:0: [sda] Stopping disk
[10383.732878] ACPI: EC: interrupt blocked
[10383.832763] ACPI: PM: Preparing to enter system sleep state S3
[10383.940714] ACPI: EC: event blocked
[10383.940715] ACPI: EC: EC stopped
[10383.940715] ACPI: PM: Saving platform NVS memory
[10383.940719] Disabling non-boot CPUs ...
[10383.942297] smpboot: CPU 1 is now offline
[10383.944128] smpboot: CPU 2 is now offline
[10383.945671] smpboot: CPU 3 is now offline
[10383.949451] ACPI: PM: Low-level resume complete
[10383.949484] ACPI: EC: EC started
[10383.949485] ACPI: PM: Restoring platform NVS memory
[10383.949917] Enabling non-boot CPUs ...
[10383.949979] x86: Booting SMP configuration:
[10383.949980] smpboot: Booting Node 0 Processor 1 APIC 0x2
[10384.207212] CPU1 is up
[10384.214255] smpboot: Booting Node 0 Processor 2 APIC 0x1
[10384.216946] CPU2 is up
[10384.216974] smpboot: Booting Node 0 Processor 3 APIC 0x3
[10384.584935] CPU3 is up
[10384.587784] ACPI: PM: Waking up from system sleep state S3
[10384.589719] ACPI: EC: interrupt unblocked
[10385.700351] ACPI: EC: event unblocked
[10385.721774] sd 0:0:0:0: [sda] Starting disk
[10385.892254] brcmfmac: brcmf_fw_alloc_request: using brcm/brcmfmac43602-pcie for chip BCM43602/1
[10385.892302] brcmfmac 0000:03:00.0: Direct firmware load for brcm/brcmfmac43602-pcie.Apple Inc.-MacBookPro12,1.bin failed with error -2
[10385.892326] brcmfmac 0000:03:00.0: Direct firmware load for brcm/brcmfmac43602-pcie.Apple Inc.-MacBookPro12,1.txt failed with error -2
[10385.892344] brcmfmac 0000:03:00.0: Direct firmware load for brcm/brcmfmac43602-pcie.txt failed with error -2
[10385.892635] OOM killer enabled.
[10385.892639] Restarting tasks ... done.
[10386.059291] ata1: SATA link up 6.0 Gbps (SStatus 133 SControl 300)
[10386.059543] ata1.00: unexpected _GTF length (8)
[10386.059895] ata1.00: unexpected _GTF length (8)
[10386.059980] ata1.00: configured for UDMA/133
[10386.096630] PM: suspend exit
[10386.411185] brcmfmac: brcmf_fw_alloc_request: using brcm/brcmfmac43602-pcie for chip BCM43602/1
[10386.411215] brcmfmac: brcmf_c_process_clm_blob: no clm_blob available (err=-2), device may have limited channels available
[10386.411904] brcmfmac: brcmf_c_preinit_dcmds: Firmware: BCM43602/1 wl0: Nov 10 2015 06:38:10 version 7.35.177.61 (r598657) FWID 01-ea662a8c
[10386.465821] brcmfmac 0000:03:00.0 wlp3s0: renamed from wlan0
[10393.799991] IPv6: ADDRCONF(NETDEV_CHANGE): wlp3s0: link becomes ready
[10393.844831] ieee80211 phy6: brcmf_inetaddr_changed: fail to get arp ip table err:-52
[11853.554695] ieee80211 phy6: brcmf_inetaddr_changed: fail to get arp ip table err:-52
[11854.121735] PM: suspend entry (deep)
[11854.137539] Filesystems sync: 0.015 seconds
[11854.137796] Freezing user space processes ... (elapsed 0.012 seconds) done.
[11854.150453] OOM killer disabled.
[11854.150454] Freezing remaining freezable tasks ... (elapsed 0.001 seconds) done.
[11854.151712] printk: Suspending console(s) (use no_console_suspend to debug)
[11854.270329] sd 0:0:0:0: [sda] Synchronizing SCSI cache
[11854.271083] sd 0:0:0:0: [sda] Stopping disk
[11854.374689] ACPI: EC: interrupt blocked
[11854.474575] ACPI: PM: Preparing to enter system sleep state S3
[11854.582688] ACPI: EC: event blocked
[11854.582688] ACPI: EC: EC stopped
[11854.582689] ACPI: PM: Saving platform NVS memory
[11854.582693] Disabling non-boot CPUs ...
[11854.584098] smpboot: CPU 1 is now offline
[11854.586069] smpboot: CPU 2 is now offline
[11854.587796] smpboot: CPU 3 is now offline
[11854.591307] ACPI: PM: Low-level resume complete
[11854.591340] ACPI: EC: EC started
[11854.591341] ACPI: PM: Restoring platform NVS memory
[11854.591829] Enabling non-boot CPUs ...
[11854.591890] x86: Booting SMP configuration:
[11854.591892] smpboot: Booting Node 0 Processor 1 APIC 0x2
[11854.784915] CPU1 is up
[11854.800377] smpboot: Booting Node 0 Processor 2 APIC 0x1
[11854.803013] CPU2 is up
[11854.803040] smpboot: Booting Node 0 Processor 3 APIC 0x3
[11855.137725] CPU3 is up
[11855.141979] ACPI: PM: Waking up from system sleep state S3
[11855.143944] ACPI: EC: interrupt unblocked
[11856.254173] ACPI: EC: event unblocked
[11856.275069] sd 0:0:0:0: [sda] Starting disk
[11856.450065] brcmfmac: brcmf_fw_alloc_request: using brcm/brcmfmac43602-pcie for chip BCM43602/1
[11856.450103] brcmfmac 0000:03:00.0: Direct firmware load for brcm/brcmfmac43602-pcie.Apple Inc.-MacBookPro12,1.bin failed with error -2
[11856.450119] brcmfmac 0000:03:00.0: Direct firmware load for brcm/brcmfmac43602-pcie.Apple Inc.-MacBookPro12,1.txt failed with error -2
[11856.450131] brcmfmac 0000:03:00.0: Direct firmware load for brcm/brcmfmac43602-pcie.txt failed with error -2
[11856.450445] OOM killer enabled.
[11856.450447] Restarting tasks ... done.
[11856.551010] PM: suspend exit
[11856.668828] ata1: SATA link up 6.0 Gbps (SStatus 133 SControl 300)
[11856.669164] ata1.00: unexpected _GTF length (8)
[11856.669561] ata1.00: unexpected _GTF length (8)
[11856.669634] ata1.00: configured for UDMA/133
