[Thu Jul 27 10:15:31 2023] microcode: microcode updated early to revision 0x2f, date = 2019-11-12
[Thu Jul 27 10:15:31 2023] Linux version 5.15.0-76-generic (buildd@lcy02-amd64-028) (gcc (Ubuntu 11.3.0-1ubuntu1~22.04.1) 11.3.0, GNU ld (GNU Binutils for Ubuntu) 2.38) #83-Ubuntu SMP Thu Jun 15 19:16:32 UTC 2023 (Ubuntu 5.15.0-76.83-generic 5.15.99)
[Thu Jul 27 10:15:31 2023] Command line: BOOT_IMAGE=/boot/vmlinuz-5.15.0-76-generic root=UUID=beaa96e2-7da7-4845-87b7-9dd4c2d329f2 ro quiet splash
[Thu Jul 27 10:15:31 2023] KERNEL supported cpus:
[Thu Jul 27 10:15:31 2023]   Intel GenuineIntel
[Thu Jul 27 10:15:31 2023]   AMD AuthenticAMD
[Thu Jul 27 10:15:31 2023]   Hygon HygonGenuine
[Thu Jul 27 10:15:31 2023]   Centaur CentaurHauls
[Thu Jul 27 10:15:31 2023]   zhaoxin   Shanghai  
[Thu Jul 27 10:15:31 2023] x86/fpu: Supporting XSAVE feature 0x001: 'x87 floating point registers'
[Thu Jul 27 10:15:31 2023] x86/fpu: Supporting XSAVE feature 0x002: 'SSE registers'
[Thu Jul 27 10:15:31 2023] x86/fpu: Supporting XSAVE feature 0x004: 'AVX registers'
[Thu Jul 27 10:15:31 2023] x86/fpu: xstate_offset[2]:  576, xstate_sizes[2]:  256
[Thu Jul 27 10:15:31 2023] x86/fpu: Enabled xstate features 0x7, context size is 832 bytes, using 'standard' format.
[Thu Jul 27 10:15:31 2023] signal: max sigframe size: 1776
[Thu Jul 27 10:15:31 2023] BIOS-provided physical RAM map:
[Thu Jul 27 10:15:31 2023] BIOS-e820: [mem 0x0000000000000000-0x0000000000057fff] usable
[Thu Jul 27 10:15:31 2023] BIOS-e820: [mem 0x0000000000058000-0x0000000000058fff] reserved
[Thu Jul 27 10:15:31 2023] BIOS-e820: [mem 0x0000000000059000-0x000000000009ffff] usable
[Thu Jul 27 10:15:31 2023] BIOS-e820: [mem 0x00000000000a0000-0x00000000000bffff] reserved
[Thu Jul 27 10:15:31 2023] BIOS-e820: [mem 0x0000000000100000-0x000000008ad00fff] usable
[Thu Jul 27 10:15:31 2023] BIOS-e820: [mem 0x000000008ad01000-0x000000008ad48fff] ACPI NVS
[Thu Jul 27 10:15:31 2023] BIOS-e820: [mem 0x000000008ad49000-0x000000008ad60fff] usable
[Thu Jul 27 10:15:31 2023] BIOS-e820: [mem 0x000000008ad61000-0x000000008ad8efff] ACPI data
[Thu Jul 27 10:15:31 2023] BIOS-e820: [mem 0x000000008ad8f000-0x000000008ae38fff] usable
[Thu Jul 27 10:15:31 2023] BIOS-e820: [mem 0x000000008ae39000-0x000000008ae8efff] reserved
[Thu Jul 27 10:15:31 2023] BIOS-e820: [mem 0x000000008ae8f000-0x000000008aecbfff] usable
[Thu Jul 27 10:15:31 2023] BIOS-e820: [mem 0x000000008aecc000-0x000000008aefefff] reserved
[Thu Jul 27 10:15:31 2023] BIOS-e820: [mem 0x000000008aeff000-0x000000008afa6fff] usable
[Thu Jul 27 10:15:31 2023] BIOS-e820: [mem 0x000000008afa7000-0x000000008afdefff] reserved
[Thu Jul 27 10:15:31 2023] BIOS-e820: [mem 0x000000008afdf000-0x000000008affffff] usable
[Thu Jul 27 10:15:31 2023] BIOS-e820: [mem 0x000000008b000000-0x000000008fffffff] reserved
[Thu Jul 27 10:15:31 2023] BIOS-e820: [mem 0x00000000e00f8000-0x00000000e00f8fff] reserved
[Thu Jul 27 10:15:31 2023] BIOS-e820: [mem 0x00000000fed1c000-0x00000000fed1ffff] reserved
[Thu Jul 27 10:15:31 2023] BIOS-e820: [mem 0x00000000ffd70000-0x00000000ffd9ffff] reserved
[Thu Jul 27 10:15:31 2023] BIOS-e820: [mem 0x0000000100000000-0x000000026effffff] usable
[Thu Jul 27 10:15:31 2023] NX (Execute Disable) protection: active
[Thu Jul 27 10:15:31 2023] e820: update [mem 0x74a2d810-0x74a2dcd2] usable ==> usable
[Thu Jul 27 10:15:31 2023] e820: update [mem 0x74a2d810-0x74a2dcd2] usable ==> usable
[Thu Jul 27 10:15:31 2023] extended physical RAM map:
[Thu Jul 27 10:15:31 2023] reserve setup_data: [mem 0x0000000000000000-0x0000000000057fff] usable
[Thu Jul 27 10:15:31 2023] reserve setup_data: [mem 0x0000000000058000-0x0000000000058fff] reserved
[Thu Jul 27 10:15:31 2023] reserve setup_data: [mem 0x0000000000059000-0x000000000009ffff] usable
[Thu Jul 27 10:15:31 2023] reserve setup_data: [mem 0x00000000000a0000-0x00000000000bffff] reserved
[Thu Jul 27 10:15:31 2023] reserve setup_data: [mem 0x0000000000100000-0x0000000074a2d80f] usable
[Thu Jul 27 10:15:31 2023] reserve setup_data: [mem 0x0000000074a2d810-0x0000000074a2dcd2] usable
[Thu Jul 27 10:15:31 2023] reserve setup_data: [mem 0x0000000074a2dcd3-0x000000008ad00fff] usable
[Thu Jul 27 10:15:31 2023] reserve setup_data: [mem 0x000000008ad01000-0x000000008ad48fff] ACPI NVS
[Thu Jul 27 10:15:31 2023] reserve setup_data: [mem 0x000000008ad49000-0x000000008ad60fff] usable
[Thu Jul 27 10:15:31 2023] reserve setup_data: [mem 0x000000008ad61000-0x000000008ad8efff] ACPI data
[Thu Jul 27 10:15:31 2023] reserve setup_data: [mem 0x000000008ad8f000-0x000000008ae38fff] usable
[Thu Jul 27 10:15:31 2023] reserve setup_data: [mem 0x000000008ae39000-0x000000008ae8efff] reserved
[Thu Jul 27 10:15:31 2023] reserve setup_data: [mem 0x000000008ae8f000-0x000000008aecbfff] usable
[Thu Jul 27 10:15:31 2023] reserve setup_data: [mem 0x000000008aecc000-0x000000008aefefff] reserved
[Thu Jul 27 10:15:31 2023] reserve setup_data: [mem 0x000000008aeff000-0x000000008afa6fff] usable
[Thu Jul 27 10:15:31 2023] reserve setup_data: [mem 0x000000008afa7000-0x000000008afdefff] reserved
[Thu Jul 27 10:15:31 2023] reserve setup_data: [mem 0x000000008afdf000-0x000000008affffff] usable
[Thu Jul 27 10:15:31 2023] reserve setup_data: [mem 0x000000008b000000-0x000000008fffffff] reserved
[Thu Jul 27 10:15:31 2023] reserve setup_data: [mem 0x00000000e00f8000-0x00000000e00f8fff] reserved
[Thu Jul 27 10:15:31 2023] reserve setup_data: [mem 0x00000000fed1c000-0x00000000fed1ffff] reserved
[Thu Jul 27 10:15:31 2023] reserve setup_data: [mem 0x00000000ffd70000-0x00000000ffd9ffff] reserved
[Thu Jul 27 10:15:31 2023] reserve setup_data: [mem 0x0000000100000000-0x000000026effffff] usable
[Thu Jul 27 10:15:31 2023] efi: EFI v1.10 by Apple
[Thu Jul 27 10:15:31 2023] efi: ACPI=0x8ad8e000 ACPI 2.0=0x8ad8e014 SMBIOS=0x8afad000 MOKvar=0x8ae39000 
[Thu Jul 27 10:15:31 2023] secureboot: Secure boot disabled
[Thu Jul 27 10:15:31 2023] SMBIOS 2.7 present.
[Thu Jul 27 10:15:31 2023] DMI: Apple Inc. MacBookPro12,1/Mac-E43C1C25D4880AD6, BIOS MBP121.88Z.0177.B00.1806051659 06/05/2018
[Thu Jul 27 10:15:31 2023] tsc: Fast TSC calibration using PIT
[Thu Jul 27 10:15:31 2023] tsc: Detected 2700.198 MHz processor
[Thu Jul 27 10:15:31 2023] e820: update [mem 0x00000000-0x00000fff] usable ==> reserved
[Thu Jul 27 10:15:31 2023] e820: remove [mem 0x000a0000-0x000fffff] usable
[Thu Jul 27 10:15:31 2023] last_pfn = 0x26f000 max_arch_pfn = 0x400000000
[Thu Jul 27 10:15:31 2023] x86/PAT: Configuration [0-7]: WB  WC  UC- UC  WB  WP  UC- WT  
[Thu Jul 27 10:15:31 2023] last_pfn = 0x8b000 max_arch_pfn = 0x400000000
[Thu Jul 27 10:15:31 2023] Using GB pages for direct mapping
[Thu Jul 27 10:15:31 2023] secureboot: Secure boot disabled
[Thu Jul 27 10:15:31 2023] RAMDISK: [mem 0x60284000-0x68437fff]
[Thu Jul 27 10:15:31 2023] ACPI: Early table checksum verification disabled
[Thu Jul 27 10:15:31 2023] ACPI: RSDP 0x000000008AD8E014 000024 (v02 APPLE )
[Thu Jul 27 10:15:31 2023] ACPI: XSDT 0x000000008AD8E1C0 00009C (v01 APPLE  Apple00  00000000      01000013)
[Thu Jul 27 10:15:31 2023] ACPI: FACP 0x000000008AD8C000 0000F4 (v05 APPLE  Apple00  00000000 Loki 0000005F)
[Thu Jul 27 10:15:31 2023] ACPI: DSDT 0x000000008AD7E000 0089FE (v03 APPLE  MacBookP 00010000 INTL 20140424)
[Thu Jul 27 10:15:31 2023] ACPI: FACS 0x000000008AD06000 000040
[Thu Jul 27 10:15:31 2023] ACPI: FACS 0x000000008AD06000 000040
[Thu Jul 27 10:15:31 2023] ACPI: HPET 0x000000008AD8B000 000038 (v01 APPLE  Apple00  00000001 Loki 0000005F)
[Thu Jul 27 10:15:31 2023] ACPI: APIC 0x000000008AD8A000 0000BC (v02 APPLE  Apple00  00000001 Loki 0000005F)
[Thu Jul 27 10:15:31 2023] ACPI: SBST 0x000000008AD88000 000030 (v01 APPLE  Apple00  00000001 Loki 0000005F)
[Thu Jul 27 10:15:31 2023] ACPI: ECDT 0x000000008AD87000 000053 (v01 APPLE  Apple00  00000001 Loki 0000005F)
[Thu Jul 27 10:15:31 2023] ACPI: SSDT 0x000000008AD7D000 00010B (v01 APPLE  SataAhci 00001000 INTL 20140424)
[Thu Jul 27 10:15:31 2023] ACPI: SSDT 0x000000008AD7C000 000024 (v01 APPLE  SmcDppt  00001000 INTL 20140424)
[Thu Jul 27 10:15:31 2023] ACPI: SSDT 0x000000008AD7B000 000032 (v01 APPLE  SsdtS3   00001000 INTL 20140424)
[Thu Jul 27 10:15:31 2023] ACPI: SSDT 0x000000008AD78000 002B50 (v01 APPLE  PcieTbt  00001000 INTL 20140424)
[Thu Jul 27 10:15:31 2023] ACPI: SSDT 0x000000008AD6B000 0000B8 (v01 APPLE  Sdxc     00001000 INTL 20140424)
[Thu Jul 27 10:15:31 2023] ACPI: SSDT 0x000000008AD6A000 000A74 (v02 APPLE  Xhci     00001000 INTL 20140424)
[Thu Jul 27 10:15:31 2023] ACPI: SSDT 0x000000008AD63000 000618 (v01 PmRef  Cpu0Ist  00003000 INTL 20140424)
[Thu Jul 27 10:15:31 2023] ACPI: SSDT 0x000000008AD62000 000C17 (v01 CpuRef CpuSsdt  00003000 INTL 20140424)
[Thu Jul 27 10:15:31 2023] ACPI: DMAR 0x000000008AD61000 000088 (v01 APPLE  BDW      00000001 INTL 00000001)
[Thu Jul 27 10:15:31 2023] ACPI: MCFG 0x000000008AD89000 00003C (v01 APPLE  Apple00  00000001 Loki 0000005F)
[Thu Jul 27 10:15:31 2023] ACPI: Reserving FACP table memory at [mem 0x8ad8c000-0x8ad8c0f3]
[Thu Jul 27 10:15:31 2023] ACPI: Reserving DSDT table memory at [mem 0x8ad7e000-0x8ad869fd]
[Thu Jul 27 10:15:31 2023] ACPI: Reserving FACS table memory at [mem 0x8ad06000-0x8ad0603f]
[Thu Jul 27 10:15:31 2023] ACPI: Reserving FACS table memory at [mem 0x8ad06000-0x8ad0603f]
[Thu Jul 27 10:15:31 2023] ACPI: Reserving HPET table memory at [mem 0x8ad8b000-0x8ad8b037]
[Thu Jul 27 10:15:31 2023] ACPI: Reserving APIC table memory at [mem 0x8ad8a000-0x8ad8a0bb]
[Thu Jul 27 10:15:31 2023] ACPI: Reserving SBST table memory at [mem 0x8ad88000-0x8ad8802f]
[Thu Jul 27 10:15:31 2023] ACPI: Reserving ECDT table memory at [mem 0x8ad87000-0x8ad87052]
[Thu Jul 27 10:15:31 2023] ACPI: Reserving SSDT table memory at [mem 0x8ad7d000-0x8ad7d10a]
[Thu Jul 27 10:15:31 2023] ACPI: Reserving SSDT table memory at [mem 0x8ad7c000-0x8ad7c023]
[Thu Jul 27 10:15:31 2023] ACPI: Reserving SSDT table memory at [mem 0x8ad7b000-0x8ad7b031]
[Thu Jul 27 10:15:31 2023] ACPI: Reserving SSDT table memory at [mem 0x8ad78000-0x8ad7ab4f]
[Thu Jul 27 10:15:31 2023] ACPI: Reserving SSDT table memory at [mem 0x8ad6b000-0x8ad6b0b7]
[Thu Jul 27 10:15:31 2023] ACPI: Reserving SSDT table memory at [mem 0x8ad6a000-0x8ad6aa73]
[Thu Jul 27 10:15:31 2023] ACPI: Reserving SSDT table memory at [mem 0x8ad63000-0x8ad63617]
[Thu Jul 27 10:15:31 2023] ACPI: Reserving SSDT table memory at [mem 0x8ad62000-0x8ad62c16]
[Thu Jul 27 10:15:31 2023] ACPI: Reserving DMAR table memory at [mem 0x8ad61000-0x8ad61087]
[Thu Jul 27 10:15:31 2023] ACPI: Reserving MCFG table memory at [mem 0x8ad89000-0x8ad8903b]
[Thu Jul 27 10:15:31 2023] ACPI: DMI detected to setup _OSI("Darwin"): Apple hardware
[Thu Jul 27 10:15:31 2023] No NUMA configuration found
[Thu Jul 27 10:15:31 2023] Faking a node at [mem 0x0000000000000000-0x000000026effffff]
[Thu Jul 27 10:15:31 2023] NODE_DATA(0) allocated [mem 0x26efd6000-0x26effffff]
[Thu Jul 27 10:15:31 2023] Zone ranges:
[Thu Jul 27 10:15:31 2023]   DMA      [mem 0x0000000000001000-0x0000000000ffffff]
[Thu Jul 27 10:15:31 2023]   DMA32    [mem 0x0000000001000000-0x00000000ffffffff]
[Thu Jul 27 10:15:31 2023]   Normal   [mem 0x0000000100000000-0x000000026effffff]
[Thu Jul 27 10:15:31 2023]   Device   empty
[Thu Jul 27 10:15:31 2023] Movable zone start for each node
[Thu Jul 27 10:15:31 2023] Early memory node ranges
[Thu Jul 27 10:15:31 2023]   node   0: [mem 0x0000000000001000-0x0000000000057fff]
[Thu Jul 27 10:15:31 2023]   node   0: [mem 0x0000000000059000-0x000000000009ffff]
[Thu Jul 27 10:15:31 2023]   node   0: [mem 0x0000000000100000-0x000000008ad00fff]
[Thu Jul 27 10:15:31 2023]   node   0: [mem 0x000000008ad49000-0x000000008ad60fff]
[Thu Jul 27 10:15:31 2023]   node   0: [mem 0x000000008ad8f000-0x000000008ae38fff]
[Thu Jul 27 10:15:31 2023]   node   0: [mem 0x000000008ae8f000-0x000000008aecbfff]
[Thu Jul 27 10:15:31 2023]   node   0: [mem 0x000000008aeff000-0x000000008afa6fff]
[Thu Jul 27 10:15:31 2023]   node   0: [mem 0x000000008afdf000-0x000000008affffff]
[Thu Jul 27 10:15:31 2023]   node   0: [mem 0x0000000100000000-0x000000026effffff]
[Thu Jul 27 10:15:31 2023] Initmem setup node 0 [mem 0x0000000000001000-0x000000026effffff]
[Thu Jul 27 10:15:31 2023] On node 0, zone DMA: 1 pages in unavailable ranges
[Thu Jul 27 10:15:31 2023] On node 0, zone DMA: 1 pages in unavailable ranges
[Thu Jul 27 10:15:31 2023] On node 0, zone DMA: 96 pages in unavailable ranges
[Thu Jul 27 10:15:31 2023] On node 0, zone DMA32: 72 pages in unavailable ranges
[Thu Jul 27 10:15:31 2023] On node 0, zone DMA32: 46 pages in unavailable ranges
[Thu Jul 27 10:15:31 2023] On node 0, zone DMA32: 86 pages in unavailable ranges
[Thu Jul 27 10:15:31 2023] On node 0, zone DMA32: 51 pages in unavailable ranges
[Thu Jul 27 10:15:31 2023] On node 0, zone DMA32: 56 pages in unavailable ranges
[Thu Jul 27 10:15:31 2023] On node 0, zone Normal: 20480 pages in unavailable ranges
[Thu Jul 27 10:15:31 2023] On node 0, zone Normal: 4096 pages in unavailable ranges
[Thu Jul 27 10:15:31 2023] Reserving Intel graphics memory at [mem 0x8c000000-0x8fffffff]
[Thu Jul 27 10:15:31 2023] ACPI: PM-Timer IO Port: 0x1808
[Thu Jul 27 10:15:31 2023] ACPI: LAPIC_NMI (acpi_id[0x01] high edge lint[0x1])
[Thu Jul 27 10:15:31 2023] ACPI: LAPIC_NMI (acpi_id[0x02] high edge lint[0x1])
[Thu Jul 27 10:15:31 2023] ACPI: LAPIC_NMI (acpi_id[0x03] high edge lint[0x1])
[Thu Jul 27 10:15:31 2023] ACPI: LAPIC_NMI (acpi_id[0x04] high edge lint[0x1])
[Thu Jul 27 10:15:31 2023] ACPI: LAPIC_NMI (acpi_id[0x05] high edge lint[0x1])
[Thu Jul 27 10:15:31 2023] ACPI: LAPIC_NMI (acpi_id[0x06] high edge lint[0x1])
[Thu Jul 27 10:15:31 2023] ACPI: LAPIC_NMI (acpi_id[0x07] high edge lint[0x1])
[Thu Jul 27 10:15:31 2023] ACPI: LAPIC_NMI (acpi_id[0x08] high edge lint[0x1])
[Thu Jul 27 10:15:31 2023] IOAPIC[0]: apic_id 2, version 32, address 0xfec00000, GSI 0-39
[Thu Jul 27 10:15:31 2023] ACPI: INT_SRC_OVR (bus 0 bus_irq 0 global_irq 2 dfl dfl)
[Thu Jul 27 10:15:31 2023] ACPI: INT_SRC_OVR (bus 0 bus_irq 9 global_irq 9 high level)
[Thu Jul 27 10:15:31 2023] ACPI: Using ACPI (MADT) for SMP configuration information
[Thu Jul 27 10:15:31 2023] ACPI: HPET id: 0x8086a201 base: 0xfed00000
[Thu Jul 27 10:15:31 2023] TSC deadline timer available
[Thu Jul 27 10:15:31 2023] smpboot: Allowing 4 CPUs, 0 hotplug CPUs
[Thu Jul 27 10:15:31 2023] PM: hibernation: Registered nosave memory: [mem 0x00000000-0x00000fff]
[Thu Jul 27 10:15:31 2023] PM: hibernation: Registered nosave memory: [mem 0x00058000-0x00058fff]
[Thu Jul 27 10:15:31 2023] PM: hibernation: Registered nosave memory: [mem 0x000a0000-0x000bffff]
[Thu Jul 27 10:15:31 2023] PM: hibernation: Registered nosave memory: [mem 0x000c0000-0x000fffff]
[Thu Jul 27 10:15:31 2023] PM: hibernation: Registered nosave memory: [mem 0x74a2d000-0x74a2dfff]
[Thu Jul 27 10:15:31 2023] PM: hibernation: Registered nosave memory: [mem 0x74a2d000-0x74a2dfff]
[Thu Jul 27 10:15:31 2023] PM: hibernation: Registered nosave memory: [mem 0x8ad01000-0x8ad48fff]
[Thu Jul 27 10:15:31 2023] PM: hibernation: Registered nosave memory: [mem 0x8ad61000-0x8ad8efff]
[Thu Jul 27 10:15:31 2023] PM: hibernation: Registered nosave memory: [mem 0x8ae39000-0x8ae8efff]
[Thu Jul 27 10:15:31 2023] PM: hibernation: Registered nosave memory: [mem 0x8aecc000-0x8aefefff]
[Thu Jul 27 10:15:31 2023] PM: hibernation: Registered nosave memory: [mem 0x8afa7000-0x8afdefff]
[Thu Jul 27 10:15:31 2023] PM: hibernation: Registered nosave memory: [mem 0x8b000000-0x8fffffff]
[Thu Jul 27 10:15:31 2023] PM: hibernation: Registered nosave memory: [mem 0x90000000-0xe00f7fff]
[Thu Jul 27 10:15:31 2023] PM: hibernation: Registered nosave memory: [mem 0xe00f8000-0xe00f8fff]
[Thu Jul 27 10:15:31 2023] PM: hibernation: Registered nosave memory: [mem 0xe00f9000-0xfed1bfff]
[Thu Jul 27 10:15:31 2023] PM: hibernation: Registered nosave memory: [mem 0xfed1c000-0xfed1ffff]
[Thu Jul 27 10:15:31 2023] PM: hibernation: Registered nosave memory: [mem 0xfed20000-0xffd6ffff]
[Thu Jul 27 10:15:31 2023] PM: hibernation: Registered nosave memory: [mem 0xffd70000-0xffd9ffff]
[Thu Jul 27 10:15:31 2023] PM: hibernation: Registered nosave memory: [mem 0xffda0000-0xffffffff]
[Thu Jul 27 10:15:31 2023] [mem 0x90000000-0xe00f7fff] available for PCI devices
[Thu Jul 27 10:15:31 2023] Booting paravirtualized kernel on bare hardware
[Thu Jul 27 10:15:31 2023] clocksource: refined-jiffies: mask: 0xffffffff max_cycles: 0xffffffff, max_idle_ns: 7645519600211568 ns
[Thu Jul 27 10:15:31 2023] setup_percpu: NR_CPUS:8192 nr_cpumask_bits:4 nr_cpu_ids:4 nr_node_ids:1
[Thu Jul 27 10:15:31 2023] percpu: Embedded 60 pages/cpu s208896 r8192 d28672 u524288
[Thu Jul 27 10:15:31 2023] pcpu-alloc: s208896 r8192 d28672 u524288 alloc=1*2097152
[Thu Jul 27 10:15:31 2023] pcpu-alloc: [0] 0 1 2 3 
[Thu Jul 27 10:15:31 2023] Built 1 zonelists, mobility grouping on.  Total pages: 2039629
[Thu Jul 27 10:15:31 2023] Policy zone: Normal
[Thu Jul 27 10:15:31 2023] Kernel command line: BOOT_IMAGE=/boot/vmlinuz-5.15.0-76-generic root=UUID=beaa96e2-7da7-4845-87b7-9dd4c2d329f2 ro quiet splash
[Thu Jul 27 10:15:31 2023] Unknown kernel command line parameters "splash BOOT_IMAGE=/boot/vmlinuz-5.15.0-76-generic", will be passed to user space.
[Thu Jul 27 10:15:31 2023] Dentry cache hash table entries: 1048576 (order: 11, 8388608 bytes, linear)
[Thu Jul 27 10:15:31 2023] Inode-cache hash table entries: 524288 (order: 10, 4194304 bytes, linear)
[Thu Jul 27 10:15:31 2023] mem auto-init: stack:off, heap alloc:on, heap free:off
[Thu Jul 27 10:15:31 2023] Memory: 7523328K/8288668K available (16393K kernel code, 4383K rwdata, 10844K rodata, 3248K init, 18832K bss, 765080K reserved, 0K cma-reserved)
[Thu Jul 27 10:15:31 2023] SLUB: HWalign=64, Order=0-3, MinObjects=0, CPUs=4, Nodes=1
[Thu Jul 27 10:15:31 2023] Kernel/User page tables isolation: enabled
[Thu Jul 27 10:15:31 2023] ftrace: allocating 50600 entries in 198 pages
[Thu Jul 27 10:15:31 2023] ftrace: allocated 198 pages with 4 groups
[Thu Jul 27 10:15:31 2023] rcu: Hierarchical RCU implementation.
[Thu Jul 27 10:15:31 2023] rcu: 	RCU restricting CPUs from NR_CPUS=8192 to nr_cpu_ids=4.
[Thu Jul 27 10:15:31 2023] 	Rude variant of Tasks RCU enabled.
[Thu Jul 27 10:15:31 2023] 	Tracing variant of Tasks RCU enabled.
[Thu Jul 27 10:15:31 2023] rcu: RCU calculated value of scheduler-enlistment delay is 25 jiffies.
[Thu Jul 27 10:15:31 2023] rcu: Adjusting geometry for rcu_fanout_leaf=16, nr_cpu_ids=4
[Thu Jul 27 10:15:31 2023] NR_IRQS: 524544, nr_irqs: 728, preallocated irqs: 16
[Thu Jul 27 10:15:31 2023] random: crng init done
[Thu Jul 27 10:15:31 2023] Console: colour dummy device 80x25
[Thu Jul 27 10:15:31 2023] printk: console [tty0] enabled
[Thu Jul 27 10:15:31 2023] ACPI: Core revision 20210730
[Thu Jul 27 10:15:31 2023] hpet: HPET dysfunctional in PC10. Force disabled.
[Thu Jul 27 10:15:31 2023] APIC: Switch to symmetric I/O mode setup
[Thu Jul 27 10:15:31 2023] DMAR: Host address width 39
[Thu Jul 27 10:15:31 2023] DMAR: DRHD base: 0x000000fed90000 flags: 0x0
[Thu Jul 27 10:15:31 2023] DMAR: dmar0: reg_base_addr fed90000 ver 1:0 cap 1c0000c40660462 ecap 7e1ff0505e
[Thu Jul 27 10:15:31 2023] DMAR: DRHD base: 0x000000fed91000 flags: 0x1
[Thu Jul 27 10:15:31 2023] DMAR: dmar1: reg_base_addr fed91000 ver 1:0 cap d2008c20660462 ecap f010da
[Thu Jul 27 10:15:31 2023] DMAR: RMRR base: 0x0000008b800000 end: 0x0000008fffffff
[Thu Jul 27 10:15:31 2023] DMAR-IR: IOAPIC id 2 under DRHD base  0xfed91000 IOMMU 1
[Thu Jul 27 10:15:31 2023] DMAR-IR: HPET id 0 under DRHD base 0xfed91000
[Thu Jul 27 10:15:31 2023] DMAR-IR: x2apic is disabled because BIOS sets x2apic opt out bit.
[Thu Jul 27 10:15:31 2023] DMAR-IR: Use 'intremap=no_x2apic_optout' to override the BIOS setting.
[Thu Jul 27 10:15:31 2023] DMAR-IR: Enabled IRQ remapping in xapic mode
[Thu Jul 27 10:15:31 2023] x2apic: IRQ remapping doesn't support X2APIC mode
[Thu Jul 27 10:15:31 2023] clocksource: tsc-early: mask: 0xffffffffffffffff max_cycles: 0x26ebf95e1d1, max_idle_ns: 440795213616 ns
[Thu Jul 27 10:15:31 2023] Calibrating delay loop (skipped), value calculated using timer frequency.. 5400.39 BogoMIPS (lpj=10800792)
[Thu Jul 27 10:15:31 2023] pid_max: default: 32768 minimum: 301
[Thu Jul 27 10:15:31 2023] LSM: Security Framework initializing
[Thu Jul 27 10:15:31 2023] landlock: Up and running.
[Thu Jul 27 10:15:31 2023] Yama: becoming mindful.
[Thu Jul 27 10:15:31 2023] AppArmor: AppArmor initialized
[Thu Jul 27 10:15:31 2023] Mount-cache hash table entries: 16384 (order: 5, 131072 bytes, linear)
[Thu Jul 27 10:15:31 2023] Mountpoint-cache hash table entries: 16384 (order: 5, 131072 bytes, linear)
[Thu Jul 27 10:15:31 2023] CPU0: Thermal monitoring enabled (TM1)
[Thu Jul 27 10:15:31 2023] process: using mwait in idle threads
[Thu Jul 27 10:15:31 2023] Last level iTLB entries: 4KB 64, 2MB 8, 4MB 8
[Thu Jul 27 10:15:31 2023] Last level dTLB entries: 4KB 64, 2MB 0, 4MB 0, 1GB 4
[Thu Jul 27 10:15:31 2023] Spectre V1 : Mitigation: usercopy/swapgs barriers and __user pointer sanitization
[Thu Jul 27 10:15:31 2023] Spectre V2 : Mitigation: Retpolines
[Thu Jul 27 10:15:31 2023] Spectre V2 : Spectre v2 / SpectreRSB mitigation: Filling RSB on context switch
[Thu Jul 27 10:15:31 2023] Spectre V2 : Spectre v2 / SpectreRSB : Filling RSB on VMEXIT
[Thu Jul 27 10:15:31 2023] Spectre V2 : Enabling Restricted Speculation for firmware calls
[Thu Jul 27 10:15:31 2023] Spectre V2 : mitigation: Enabling conditional Indirect Branch Prediction Barrier
[Thu Jul 27 10:15:31 2023] Spectre V2 : User space: Mitigation: STIBP via seccomp and prctl
[Thu Jul 27 10:15:31 2023] Speculative Store Bypass: Mitigation: Speculative Store Bypass disabled via prctl and seccomp
[Thu Jul 27 10:15:31 2023] MDS: Mitigation: Clear CPU buffers
[Thu Jul 27 10:15:31 2023] MMIO Stale Data: Unknown: No mitigations
[Thu Jul 27 10:15:31 2023] SRBDS: Mitigation: Microcode
[Thu Jul 27 10:15:31 2023] Freeing SMP alternatives memory: 44K
[Thu Jul 27 10:15:31 2023] smpboot: Estimated ratio of average max frequency by base frequency (times 1024): 1175
[Thu Jul 27 10:15:31 2023] smpboot: CPU0: Intel(R) Core(TM) i5-5257U CPU @ 2.70GHz (family: 0x6, model: 0x3d, stepping: 0x4)
[Thu Jul 27 10:15:31 2023] Performance Events: PEBS fmt2+, Broadwell events, 16-deep LBR, full-width counters, Intel PMU driver.
[Thu Jul 27 10:15:31 2023] ... version:                3
[Thu Jul 27 10:15:31 2023] ... bit width:              48
[Thu Jul 27 10:15:31 2023] ... generic registers:      4
[Thu Jul 27 10:15:31 2023] ... value mask:             0000ffffffffffff
[Thu Jul 27 10:15:31 2023] ... max period:             00007fffffffffff
[Thu Jul 27 10:15:31 2023] ... fixed-purpose events:   3
[Thu Jul 27 10:15:31 2023] ... event mask:             000000070000000f
[Thu Jul 27 10:15:31 2023] rcu: Hierarchical SRCU implementation.
[Thu Jul 27 10:15:31 2023] NMI watchdog: Enabled. Permanently consumes one hw-PMU counter.
[Thu Jul 27 10:15:31 2023] smp: Bringing up secondary CPUs ...
[Thu Jul 27 10:15:31 2023] x86: Booting SMP configuration:
[Thu Jul 27 10:15:31 2023] .... node  #0, CPUs:      #1 #2
[Thu Jul 27 10:15:31 2023] MDS CPU bug present and SMT on, data leak possible. See https://www.kernel.org/doc/html/latest/admin-guide/hw-vuln/mds.html for more details.
[Thu Jul 27 10:15:31 2023]  #3
[Thu Jul 27 10:15:31 2023] smp: Brought up 1 node, 4 CPUs
[Thu Jul 27 10:15:31 2023] smpboot: Max logical packages: 1
[Thu Jul 27 10:15:31 2023] smpboot: Total of 4 processors activated (21601.58 BogoMIPS)
[Thu Jul 27 10:15:31 2023] devtmpfs: initialized
[Thu Jul 27 10:15:31 2023] x86/mm: Memory block size: 128MB
[Thu Jul 27 10:15:31 2023] ACPI: PM: Registering ACPI NVS region [mem 0x8ad01000-0x8ad48fff] (294912 bytes)
[Thu Jul 27 10:15:31 2023] clocksource: jiffies: mask: 0xffffffff max_cycles: 0xffffffff, max_idle_ns: 7645041785100000 ns
[Thu Jul 27 10:15:31 2023] futex hash table entries: 1024 (order: 4, 65536 bytes, linear)
[Thu Jul 27 10:15:31 2023] pinctrl core: initialized pinctrl subsystem
[Thu Jul 27 10:15:31 2023] PM: RTC time: 04:37:28, date: 2023-07-24
[Thu Jul 27 10:15:31 2023] NET: Registered PF_NETLINK/PF_ROUTE protocol family
[Thu Jul 27 10:15:31 2023] DMA: preallocated 1024 KiB GFP_KERNEL pool for atomic allocations
[Thu Jul 27 10:15:31 2023] DMA: preallocated 1024 KiB GFP_KERNEL|GFP_DMA pool for atomic allocations
[Thu Jul 27 10:15:31 2023] DMA: preallocated 1024 KiB GFP_KERNEL|GFP_DMA32 pool for atomic allocations
[Thu Jul 27 10:15:31 2023] audit: initializing netlink subsys (disabled)
[Thu Jul 27 10:15:31 2023] audit: type=2000 audit(1690173448.008:1): state=initialized audit_enabled=0 res=1
[Thu Jul 27 10:15:31 2023] thermal_sys: Registered thermal governor 'fair_share'
[Thu Jul 27 10:15:31 2023] thermal_sys: Registered thermal governor 'bang_bang'
[Thu Jul 27 10:15:31 2023] thermal_sys: Registered thermal governor 'step_wise'
[Thu Jul 27 10:15:31 2023] thermal_sys: Registered thermal governor 'user_space'
[Thu Jul 27 10:15:31 2023] thermal_sys: Registered thermal governor 'power_allocator'
[Thu Jul 27 10:15:31 2023] EISA bus registered
[Thu Jul 27 10:15:31 2023] cpuidle: using governor ladder
[Thu Jul 27 10:15:31 2023] cpuidle: using governor menu
[Thu Jul 27 10:15:31 2023] ACPI: bus type PCI registered
[Thu Jul 27 10:15:31 2023] acpiphp: ACPI Hot Plug PCI Controller Driver version: 0.5
[Thu Jul 27 10:15:31 2023] PCI: MMCONFIG for domain 0000 [bus 00-9b] at [mem 0xe0000000-0xe9bfffff] (base 0xe0000000)
[Thu Jul 27 10:15:31 2023] PCI: not using MMCONFIG
[Thu Jul 27 10:15:31 2023] PCI: Using configuration type 1 for base access
[Thu Jul 27 10:15:31 2023] ENERGY_PERF_BIAS: Set to 'normal', was 'performance'
[Thu Jul 27 10:15:31 2023] kprobes: kprobe jump-optimization is enabled. All kprobes are optimized if possible.
[Thu Jul 27 10:15:31 2023] HugeTLB registered 1.00 GiB page size, pre-allocated 0 pages
[Thu Jul 27 10:15:31 2023] HugeTLB registered 2.00 MiB page size, pre-allocated 0 pages
[Thu Jul 27 10:15:31 2023] ACPI: Disabled all _OSI OS vendors
[Thu Jul 27 10:15:31 2023] ACPI: Added _OSI(Module Device)
[Thu Jul 27 10:15:31 2023] ACPI: Added _OSI(Processor Device)
[Thu Jul 27 10:15:31 2023] ACPI: Added _OSI(3.0 _SCP Extensions)
[Thu Jul 27 10:15:31 2023] ACPI: Added _OSI(Processor Aggregator Device)
[Thu Jul 27 10:15:31 2023] ACPI: Added _OSI(Linux-Dell-Video)
[Thu Jul 27 10:15:31 2023] ACPI: Added _OSI(Linux-Lenovo-NV-HDMI-Audio)
[Thu Jul 27 10:15:31 2023] ACPI: Added _OSI(Linux-HPI-Hybrid-Graphics)
[Thu Jul 27 10:15:31 2023] ACPI: Added _OSI(Darwin)
[Thu Jul 27 10:15:31 2023] ACPI: 9 ACPI AML tables successfully acquired and loaded
[Thu Jul 27 10:15:31 2023] ACPI: EC: EC started
[Thu Jul 27 10:15:31 2023] ACPI: EC: interrupt blocked
[Thu Jul 27 10:15:31 2023] ACPI: EC: EC_CMD/EC_SC=0x66, EC_DATA=0x62
[Thu Jul 27 10:15:31 2023] ACPI: EC: Boot ECDT EC used to handle transactions
[Thu Jul 27 10:15:31 2023] ACPI: BIOS _OSI(Darwin) query honored via DMI
[Thu Jul 27 10:15:31 2023] ACPI: [Firmware Bug]: BIOS _OSI(Linux) query ignored
[Thu Jul 27 10:15:31 2023] ACPI Error: Needed type [Reference], found [Integer] 00000000a5fb97a1 (20210730/exresop-66)
[Thu Jul 27 10:15:31 2023] fbcon: Taking over console
[Thu Jul 27 10:15:31 2023] ACPI Error: AE_AML_OPERAND_TYPE, While resolving operands for [Store] (20210730/dswexec-431)

[Thu Jul 27 10:15:31 2023] No Local Variables are initialized for Method [_PDC]

[Thu Jul 27 10:15:31 2023] Initialized Arguments for Method [_PDC]:  (1 arguments defined for method invocation)
[Thu Jul 27 10:15:31 2023]   Arg0:   000000000dabee6a <Obj>           Buffer(12) 01 00 00 00 01 00 00 00

[Thu Jul 27 10:15:31 2023] ACPI Error: Aborting method \_PR.CPU0._PDC due to previous error (AE_AML_OPERAND_TYPE) (20210730/psparse-529)
[Thu Jul 27 10:15:31 2023] ACPI: Dynamic OEM Table Load:
[Thu Jul 27 10:15:31 2023] ACPI: SSDT 0xFFFF8EA280CF4800 00067C (v01 PmRef  ApIst    00003000 INTL 20140424)
[Thu Jul 27 10:15:31 2023] ACPI: Dynamic OEM Table Load:
[Thu Jul 27 10:15:31 2023] ACPI: SSDT 0xFFFF8EA2801F4E00 000119 (v01 PmRef  ApCst    00003000 INTL 20140424)
[Thu Jul 27 10:15:31 2023] ACPI: Interpreter enabled
[Thu Jul 27 10:15:31 2023] ACPI: PM: (supports S0 S3 S4 S5)
[Thu Jul 27 10:15:31 2023] ACPI: Using IOAPIC for interrupt routing
[Thu Jul 27 10:15:31 2023] PCI: MMCONFIG for domain 0000 [bus 00-9b] at [mem 0xe0000000-0xe9bfffff] (base 0xe0000000)
[Thu Jul 27 10:15:31 2023] PCI: MMCONFIG at [mem 0xe0000000-0xe9bfffff] reserved in ACPI motherboard resources
[Thu Jul 27 10:15:31 2023] PCI: Using host bridge windows from ACPI; if necessary, use "pci=nocrs" and report a bug
[Thu Jul 27 10:15:31 2023] PCI: Using E820 reservations for host bridge windows
[Thu Jul 27 10:15:31 2023] ACPI: Enabled 7 GPEs in block 00 to 7F
[Thu Jul 27 10:15:31 2023] ACPI: PCI Root Bridge [PCI0] (domain 0000 [bus 00-ff])
[Thu Jul 27 10:15:31 2023] acpi PNP0A08:00: _OSC: OS assumes control of [PCIeHotplug SHPCHotplug AER PCIeCapability LTR DPC]
[Thu Jul 27 10:15:31 2023] acpi PNP0A08:00: [Firmware Info]: MMCONFIG for domain 0000 [bus 00-9b] only partially covers this bridge
[Thu Jul 27 10:15:31 2023] PCI host bridge to bus 0000:00
[Thu Jul 27 10:15:31 2023] pci_bus 0000:00: root bus resource [bus 00-ff]
[Thu Jul 27 10:15:31 2023] pci_bus 0000:00: root bus resource [io  0x0000-0x0cf7 window]
[Thu Jul 27 10:15:31 2023] pci_bus 0000:00: root bus resource [io  0x0d00-0xffff window]
[Thu Jul 27 10:15:31 2023] pci_bus 0000:00: root bus resource [mem 0x000a0000-0x000fffff window]
[Thu Jul 27 10:15:31 2023] pci_bus 0000:00: root bus resource [mem 0x90000000-0xfeafffff window]
[Thu Jul 27 10:15:31 2023] pci_bus 0000:00: root bus resource [mem 0xfed40000-0xfed44fff window]
[Thu Jul 27 10:15:31 2023] pci 0000:00:00.0: [8086:1604] type 00 class 0x060000
[Thu Jul 27 10:15:31 2023] pci 0000:00:02.0: [8086:162b] type 00 class 0x030000
[Thu Jul 27 10:15:31 2023] pci 0000:00:02.0: reg 0x10: [mem 0xc0000000-0xc0ffffff 64bit]
[Thu Jul 27 10:15:31 2023] pci 0000:00:02.0: reg 0x18: [mem 0xb0000000-0xbfffffff 64bit pref]
[Thu Jul 27 10:15:31 2023] pci 0000:00:02.0: reg 0x20: [io  0x3000-0x303f]
[Thu Jul 27 10:15:31 2023] pci 0000:00:02.0: BAR 2: assigned to efifb
[Thu Jul 27 10:15:31 2023] pci 0000:00:02.0: DMAR: Disabling IOMMU for graphics on this chipset
[Thu Jul 27 10:15:31 2023] pci 0000:00:02.0: Video device with shadowed ROM at [mem 0x000c0000-0x000dffff]
[Thu Jul 27 10:15:31 2023] pci 0000:00:03.0: [8086:160c] type 00 class 0x040300
[Thu Jul 27 10:15:31 2023] pci 0000:00:03.0: reg 0x10: [mem 0xc1810000-0xc1813fff 64bit]
[Thu Jul 27 10:15:31 2023] pci 0000:00:14.0: [8086:9cb1] type 00 class 0x0c0330
[Thu Jul 27 10:15:31 2023] pci 0000:00:14.0: reg 0x10: [mem 0xc1800000-0xc180ffff 64bit]
[Thu Jul 27 10:15:31 2023] pci 0000:00:14.0: PME# supported from D3hot D3cold
[Thu Jul 27 10:15:31 2023] pci 0000:00:15.0: [8086:9ce0] type 00 class 0x080102
[Thu Jul 27 10:15:31 2023] pci 0000:00:15.0: reg 0x10: [mem 0xc181a000-0xc181afff]
[Thu Jul 27 10:15:31 2023] pci 0000:00:15.4: [8086:9ce6] type 00 class 0x0c8000
[Thu Jul 27 10:15:31 2023] pci 0000:00:15.4: reg 0x10: [mem 0xc1819000-0xc1819fff]
[Thu Jul 27 10:15:31 2023] pci 0000:00:16.0: [8086:9cba] type 00 class 0x078000
[Thu Jul 27 10:15:31 2023] pci 0000:00:16.0: reg 0x10: [mem 0xc181b100-0xc181b11f 64bit]
[Thu Jul 27 10:15:31 2023] pci 0000:00:16.0: PME# supported from D0 D3hot D3cold
[Thu Jul 27 10:15:31 2023] pci 0000:00:1b.0: [8086:9ca0] type 00 class 0x040300
[Thu Jul 27 10:15:31 2023] pci 0000:00:1b.0: reg 0x10: [mem 0xc1814000-0xc1817fff 64bit]
[Thu Jul 27 10:15:31 2023] pci 0000:00:1b.0: PME# supported from D0 D3hot D3cold
[Thu Jul 27 10:15:31 2023] pci 0000:00:1c.0: [8086:9c90] type 01 class 0x060400
[Thu Jul 27 10:15:31 2023] pci 0000:00:1c.0: PME# supported from D0 D3hot D3cold
[Thu Jul 27 10:15:31 2023] pci 0000:00:1c.1: [8086:9c92] type 01 class 0x060400
[Thu Jul 27 10:15:31 2023] pci 0000:00:1c.1: PME# supported from D0 D3hot D3cold
[Thu Jul 27 10:15:31 2023] pci 0000:00:1c.2: [8086:9c94] type 01 class 0x060400
[Thu Jul 27 10:15:31 2023] pci 0000:00:1c.2: PME# supported from D0 D3hot D3cold
[Thu Jul 27 10:15:31 2023] pci 0000:00:1c.4: [8086:9c98] type 01 class 0x060400
[Thu Jul 27 10:15:31 2023] pci 0000:00:1c.4: PME# supported from D0 D3hot D3cold
[Thu Jul 27 10:15:31 2023] pci 0000:00:1c.5: [8086:9c9a] type 01 class 0x060400
[Thu Jul 27 10:15:31 2023] pci 0000:00:1c.5: PME# supported from D0 D3hot D3cold
[Thu Jul 27 10:15:31 2023] pci 0000:00:1f.0: [8086:9cc3] type 00 class 0x060100
[Thu Jul 27 10:15:31 2023] pci 0000:00:1f.3: [8086:9ca2] type 00 class 0x0c0500
[Thu Jul 27 10:15:31 2023] pci 0000:00:1f.3: reg 0x10: [mem 0xc181b000-0xc181b0ff 64bit]
[Thu Jul 27 10:15:31 2023] pci 0000:00:1f.3: reg 0x20: [io  0xefa0-0xefbf]
[Thu Jul 27 10:15:31 2023] pci 0000:00:1f.6: [8086:9ca4] type 00 class 0x118000
[Thu Jul 27 10:15:31 2023] pci 0000:00:1f.6: reg 0x10: [mem 0xc1818000-0xc1818fff 64bit]
[Thu Jul 27 10:15:31 2023] pci 0000:00:1c.0: PCI bridge to [bus 01]
[Thu Jul 27 10:15:31 2023] pci 0000:02:00.0: [14e4:1570] type 00 class 0x048000
[Thu Jul 27 10:15:31 2023] pci 0000:02:00.0: reg 0x10: [mem 0xc1700000-0xc170ffff 64bit]
[Thu Jul 27 10:15:31 2023] pci 0000:02:00.0: reg 0x18: [mem 0xa0000000-0xafffffff 64bit pref]
[Thu Jul 27 10:15:31 2023] pci 0000:02:00.0: reg 0x20: [mem 0xc1600000-0xc16fffff 64bit]
[Thu Jul 27 10:15:31 2023] pci 0000:02:00.0: supports D1
[Thu Jul 27 10:15:31 2023] pci 0000:02:00.0: PME# supported from D0 D3hot
[Thu Jul 27 10:15:31 2023] pci 0000:00:1c.1: PCI bridge to [bus 02]
[Thu Jul 27 10:15:31 2023] pci 0000:00:1c.1:   bridge window [mem 0xc1600000-0xc17fffff]
[Thu Jul 27 10:15:31 2023] pci 0000:00:1c.1:   bridge window [mem 0xa0000000-0xafffffff 64bit pref]
[Thu Jul 27 10:15:31 2023] pci 0000:03:00.0: [14e4:43ba] type 00 class 0x028000
[Thu Jul 27 10:15:31 2023] pci 0000:03:00.0: reg 0x10: [mem 0xc1400000-0xc1407fff 64bit]
[Thu Jul 27 10:15:31 2023] pci 0000:03:00.0: reg 0x18: [mem 0xc1000000-0xc13fffff 64bit]
[Thu Jul 27 10:15:31 2023] pci 0000:03:00.0: supports D1 D2
[Thu Jul 27 10:15:31 2023] pci 0000:03:00.0: PME# supported from D0 D1 D2 D3hot D3cold
[Thu Jul 27 10:15:31 2023] pci 0000:00:1c.2: PCI bridge to [bus 03]
[Thu Jul 27 10:15:31 2023] pci 0000:00:1c.2:   bridge window [mem 0xc1000000-0xc14fffff]
[Thu Jul 27 10:15:31 2023] pci 0000:05:00.0: [8086:156d] type 01 class 0x060400
[Thu Jul 27 10:15:31 2023] pci 0000:05:00.0: enabling Extended Tags
[Thu Jul 27 10:15:31 2023] pci 0000:05:00.0: supports D1 D2
[Thu Jul 27 10:15:31 2023] pci 0000:05:00.0: PME# supported from D0 D1 D2 D3hot D3cold
[Thu Jul 27 10:15:31 2023] pci 0000:00:1c.4: PCI bridge to [bus 05-9b]
[Thu Jul 27 10:15:31 2023] pci 0000:00:1c.4:   bridge window [io  0x4000-0x6fff]
[Thu Jul 27 10:15:31 2023] pci 0000:00:1c.4:   bridge window [mem 0xc1900000-0xcd9fffff]
[Thu Jul 27 10:15:31 2023] pci 0000:00:1c.4:   bridge window [mem 0xcda00000-0xd99fffff 64bit pref]
[Thu Jul 27 10:15:31 2023] pci 0000:06:00.0: [8086:156d] type 01 class 0x060400
[Thu Jul 27 10:15:31 2023] pci 0000:06:00.0: enabling Extended Tags
[Thu Jul 27 10:15:31 2023] pci 0000:06:00.0: supports D1 D2
[Thu Jul 27 10:15:31 2023] pci 0000:06:00.0: PME# supported from D0 D1 D2 D3hot D3cold
[Thu Jul 27 10:15:31 2023] pci 0000:06:03.0: [8086:156d] type 01 class 0x060400
[Thu Jul 27 10:15:31 2023] pci 0000:06:03.0: enabling Extended Tags
[Thu Jul 27 10:15:31 2023] pci 0000:06:03.0: supports D1 D2
[Thu Jul 27 10:15:31 2023] pci 0000:06:03.0: PME# supported from D0 D1 D2 D3hot D3cold
[Thu Jul 27 10:15:31 2023] pci 0000:06:04.0: [8086:156d] type 01 class 0x060400
[Thu Jul 27 10:15:31 2023] pci 0000:06:04.0: enabling Extended Tags
[Thu Jul 27 10:15:31 2023] pci 0000:06:04.0: supports D1 D2
[Thu Jul 27 10:15:31 2023] pci 0000:06:04.0: PME# supported from D0 D1 D2 D3hot D3cold
[Thu Jul 27 10:15:31 2023] pci 0000:06:05.0: [8086:156d] type 01 class 0x060400
[Thu Jul 27 10:15:31 2023] pci 0000:06:05.0: enabling Extended Tags
[Thu Jul 27 10:15:31 2023] pci 0000:06:05.0: supports D1 D2
[Thu Jul 27 10:15:31 2023] pci 0000:06:05.0: PME# supported from D0 D1 D2 D3hot D3cold
[Thu Jul 27 10:15:31 2023] pci 0000:06:06.0: [8086:156d] type 01 class 0x060400
[Thu Jul 27 10:15:31 2023] pci 0000:06:06.0: enabling Extended Tags
[Thu Jul 27 10:15:31 2023] pci 0000:06:06.0: supports D1 D2
[Thu Jul 27 10:15:31 2023] pci 0000:06:06.0: PME# supported from D0 D1 D2 D3hot D3cold
[Thu Jul 27 10:15:31 2023] pci 0000:05:00.0: PCI bridge to [bus 06-6b]
[Thu Jul 27 10:15:31 2023] pci 0000:05:00.0:   bridge window [io  0x4000-0x5fff]
[Thu Jul 27 10:15:31 2023] pci 0000:05:00.0:   bridge window [mem 0xc1900000-0xc99fffff]
[Thu Jul 27 10:15:31 2023] pci 0000:05:00.0:   bridge window [mem 0xcda00000-0xd59fffff 64bit pref]
[Thu Jul 27 10:15:31 2023] pci 0000:07:00.0: [8086:156c] type 00 class 0x088000
[Thu Jul 27 10:15:31 2023] pci 0000:07:00.0: reg 0x10: [mem 0xc1900000-0xc193ffff]
[Thu Jul 27 10:15:31 2023] pci 0000:07:00.0: reg 0x14: [mem 0xc1940000-0xc1940fff]
[Thu Jul 27 10:15:31 2023] pci 0000:07:00.0: enabling Extended Tags
[Thu Jul 27 10:15:31 2023] pci 0000:07:00.0: supports D1 D2
[Thu Jul 27 10:15:31 2023] pci 0000:07:00.0: PME# supported from D0 D1 D2 D3hot D3cold
[Thu Jul 27 10:15:31 2023] pci 0000:06:00.0: PCI bridge to [bus 07]
[Thu Jul 27 10:15:31 2023] pci 0000:06:00.0:   bridge window [mem 0xc1900000-0xc19fffff]
[Thu Jul 27 10:15:31 2023] pci 0000:06:03.0: PCI bridge to [bus 08-38]
[Thu Jul 27 10:15:31 2023] pci 0000:06:03.0:   bridge window [io  0x4000-0x4fff]
[Thu Jul 27 10:15:31 2023] pci 0000:06:03.0:   bridge window [mem 0xc1a00000-0xc59fffff]
[Thu Jul 27 10:15:31 2023] pci 0000:06:03.0:   bridge window [mem 0xcda00000-0xd19fffff 64bit pref]
[Thu Jul 27 10:15:31 2023] pci 0000:06:04.0: PCI bridge to [bus 39]
[Thu Jul 27 10:15:31 2023] pci 0000:06:05.0: PCI bridge to [bus 3a-6a]
[Thu Jul 27 10:15:31 2023] pci 0000:06:05.0:   bridge window [io  0x5000-0x5fff]
[Thu Jul 27 10:15:31 2023] pci 0000:06:05.0:   bridge window [mem 0xc5a00000-0xc99fffff]
[Thu Jul 27 10:15:31 2023] pci 0000:06:05.0:   bridge window [mem 0xd1a00000-0xd59fffff 64bit pref]
[Thu Jul 27 10:15:31 2023] pci 0000:06:06.0: PCI bridge to [bus 6b]
[Thu Jul 27 10:15:31 2023] pci 0000:04:00.0: [144d:a801] type 00 class 0x010601
[Thu Jul 27 10:15:31 2023] pci 0000:04:00.0: reg 0x24: [mem 0xc1500000-0xc1501fff]
[Thu Jul 27 10:15:31 2023] pci 0000:04:00.0: 16.000 Gb/s available PCIe bandwidth, limited by 5.0 GT/s PCIe x4 link at 0000:00:1c.5 (capable of 31.504 Gb/s with 8.0 GT/s PCIe x4 link)
[Thu Jul 27 10:15:31 2023] pci 0000:00:1c.5: PCI bridge to [bus 04]
[Thu Jul 27 10:15:31 2023] pci 0000:00:1c.5:   bridge window [mem 0xc1500000-0xc15fffff]
[Thu Jul 27 10:15:31 2023] ACPI: PCI: Interrupt link LNKA configured for IRQ 0
[Thu Jul 27 10:15:31 2023] ACPI: PCI: Interrupt link LNKA disabled
[Thu Jul 27 10:15:31 2023] ACPI: PCI: Interrupt link LNKB configured for IRQ 0
[Thu Jul 27 10:15:31 2023] ACPI: PCI: Interrupt link LNKB disabled
[Thu Jul 27 10:15:31 2023] ACPI: PCI: Interrupt link LNKC configured for IRQ 0
[Thu Jul 27 10:15:31 2023] ACPI: PCI: Interrupt link LNKC disabled
[Thu Jul 27 10:15:31 2023] ACPI: PCI: Interrupt link LNKD configured for IRQ 0
[Thu Jul 27 10:15:31 2023] ACPI: PCI: Interrupt link LNKD disabled
[Thu Jul 27 10:15:31 2023] ACPI: PCI: Interrupt link LNKE configured for IRQ 0
[Thu Jul 27 10:15:31 2023] ACPI: PCI: Interrupt link LNKE disabled
[Thu Jul 27 10:15:31 2023] ACPI: PCI: Interrupt link LNKF configured for IRQ 0
[Thu Jul 27 10:15:31 2023] ACPI: PCI: Interrupt link LNKF disabled
[Thu Jul 27 10:15:31 2023] ACPI: PCI: Interrupt link LNKG configured for IRQ 0
[Thu Jul 27 10:15:31 2023] ACPI: PCI: Interrupt link LNKG disabled
[Thu Jul 27 10:15:31 2023] ACPI: PCI: Interrupt link LNKH configured for IRQ 0
[Thu Jul 27 10:15:31 2023] ACPI: PCI: Interrupt link LNKH disabled
[Thu Jul 27 10:15:31 2023] ACPI: EC: interrupt unblocked
[Thu Jul 27 10:15:31 2023] ACPI: EC: event unblocked
[Thu Jul 27 10:15:31 2023] ACPI: EC: EC_CMD/EC_SC=0x66, EC_DATA=0x62
[Thu Jul 27 10:15:31 2023] ACPI: EC: GPE=0x4e
[Thu Jul 27 10:15:31 2023] ACPI: \_SB_.PCI0.LPCB.EC__: Boot ECDT EC initialization complete
[Thu Jul 27 10:15:31 2023] ACPI: \_SB_.PCI0.LPCB.EC__: EC: Used to handle transactions and events
[Thu Jul 27 10:15:31 2023] iommu: Default domain type: Translated 
[Thu Jul 27 10:15:31 2023] iommu: DMA domain TLB invalidation policy: lazy mode 
[Thu Jul 27 10:15:31 2023] SCSI subsystem initialized
[Thu Jul 27 10:15:31 2023] libata version 3.00 loaded.
[Thu Jul 27 10:15:31 2023] pci 0000:00:02.0: vgaarb: setting as boot VGA device
[Thu Jul 27 10:15:31 2023] pci 0000:00:02.0: vgaarb: VGA device added: decodes=io+mem,owns=io+mem,locks=none
[Thu Jul 27 10:15:31 2023] pci 0000:00:02.0: vgaarb: bridge control possible
[Thu Jul 27 10:15:31 2023] vgaarb: loaded
[Thu Jul 27 10:15:31 2023] ACPI: bus type USB registered
[Thu Jul 27 10:15:31 2023] usbcore: registered new interface driver usbfs
[Thu Jul 27 10:15:31 2023] usbcore: registered new interface driver hub
[Thu Jul 27 10:15:31 2023] usbcore: registered new device driver usb
[Thu Jul 27 10:15:31 2023] pps_core: LinuxPPS API ver. 1 registered
[Thu Jul 27 10:15:31 2023] pps_core: Software ver. 5.3.6 - Copyright 2005-2007 Rodolfo Giometti <giometti@linux.it>
[Thu Jul 27 10:15:31 2023] PTP clock support registered
[Thu Jul 27 10:15:31 2023] EDAC MC: Ver: 3.0.0
[Thu Jul 27 10:15:31 2023] Registered efivars operations
[Thu Jul 27 10:15:31 2023] NetLabel: Initializing
[Thu Jul 27 10:15:31 2023] NetLabel:  domain hash size = 128
[Thu Jul 27 10:15:31 2023] NetLabel:  protocols = UNLABELED CIPSOv4 CALIPSO
[Thu Jul 27 10:15:31 2023] NetLabel:  unlabeled traffic allowed by default
[Thu Jul 27 10:15:31 2023] PCI: Using ACPI for IRQ routing
[Thu Jul 27 10:15:31 2023] PCI: pci_cache_line_size set to 64 bytes
[Thu Jul 27 10:15:31 2023] e820: reserve RAM buffer [mem 0x00058000-0x0005ffff]
[Thu Jul 27 10:15:31 2023] e820: reserve RAM buffer [mem 0x74a2d810-0x77ffffff]
[Thu Jul 27 10:15:31 2023] e820: reserve RAM buffer [mem 0x8ad01000-0x8bffffff]
[Thu Jul 27 10:15:31 2023] e820: reserve RAM buffer [mem 0x8ad61000-0x8bffffff]
[Thu Jul 27 10:15:31 2023] e820: reserve RAM buffer [mem 0x8ae39000-0x8bffffff]
[Thu Jul 27 10:15:31 2023] e820: reserve RAM buffer [mem 0x8aecc000-0x8bffffff]
[Thu Jul 27 10:15:31 2023] e820: reserve RAM buffer [mem 0x8afa7000-0x8bffffff]
[Thu Jul 27 10:15:31 2023] e820: reserve RAM buffer [mem 0x8b000000-0x8bffffff]
[Thu Jul 27 10:15:31 2023] e820: reserve RAM buffer [mem 0x26f000000-0x26fffffff]
[Thu Jul 27 10:15:31 2023] clocksource: Switched to clocksource tsc-early
[Thu Jul 27 10:15:31 2023] VFS: Disk quotas dquot_6.6.0
[Thu Jul 27 10:15:31 2023] VFS: Dquot-cache hash table entries: 512 (order 0, 4096 bytes)
[Thu Jul 27 10:15:31 2023] AppArmor: AppArmor Filesystem Enabled
[Thu Jul 27 10:15:31 2023] pnp: PnP ACPI init
[Thu Jul 27 10:15:31 2023] system 00:00: [mem 0xfed00000-0xfed03fff] has been reserved
[Thu Jul 27 10:15:31 2023] system 00:01: [io  0xffff] has been reserved
[Thu Jul 27 10:15:31 2023] system 00:01: [io  0x1800-0x187f] has been reserved
[Thu Jul 27 10:15:31 2023] system 00:01: [io  0x0800-0x087f] has been reserved
[Thu Jul 27 10:15:31 2023] system 00:03: [mem 0xfed1c000-0xfed1ffff] has been reserved
[Thu Jul 27 10:15:31 2023] system 00:03: [mem 0xfed10000-0xfed17fff] has been reserved
[Thu Jul 27 10:15:31 2023] system 00:03: [mem 0xfed18000-0xfed18fff] has been reserved
[Thu Jul 27 10:15:31 2023] system 00:03: [mem 0xfed19000-0xfed19fff] has been reserved
[Thu Jul 27 10:15:31 2023] system 00:03: [mem 0xe0000000-0xefffffff] could not be reserved
[Thu Jul 27 10:15:31 2023] system 00:03: [mem 0xfed20000-0xfed3ffff] has been reserved
[Thu Jul 27 10:15:31 2023] system 00:03: [mem 0xfed90000-0xfed93fff] could not be reserved
[Thu Jul 27 10:15:31 2023] system 00:03: [mem 0xfed45000-0xfed8ffff] has been reserved
[Thu Jul 27 10:15:31 2023] system 00:03: [mem 0xff000000-0xffffffff] could not be reserved
[Thu Jul 27 10:15:31 2023] system 00:03: [mem 0xfee00000-0xfeefffff] has been reserved
[Thu Jul 27 10:15:31 2023] system 00:04: [mem 0x20000000-0x201fffff] could not be reserved
[Thu Jul 27 10:15:31 2023] system 00:04: [mem 0x40000000-0x401fffff] could not be reserved
[Thu Jul 27 10:15:31 2023] pnp: PnP ACPI: found 5 devices
[Thu Jul 27 10:15:31 2023] pci 0000:00:02.0: assigning 3 device properties
[Thu Jul 27 10:15:31 2023] pci 0000:07:00.0: assigning 8 device properties
[Thu Jul 27 10:15:31 2023] pci 0000:00:1b.0: assigning 4 device properties
[Thu Jul 27 10:15:31 2023] clocksource: acpi_pm: mask: 0xffffff max_cycles: 0xffffff, max_idle_ns: 2085701024 ns
[Thu Jul 27 10:15:31 2023] NET: Registered PF_INET protocol family
[Thu Jul 27 10:15:31 2023] IP idents hash table entries: 131072 (order: 8, 1048576 bytes, linear)
[Thu Jul 27 10:15:31 2023] tcp_listen_portaddr_hash hash table entries: 4096 (order: 4, 65536 bytes, linear)
[Thu Jul 27 10:15:31 2023] Table-perturb hash table entries: 65536 (order: 6, 262144 bytes, linear)
[Thu Jul 27 10:15:31 2023] TCP established hash table entries: 65536 (order: 7, 524288 bytes, linear)
[Thu Jul 27 10:15:31 2023] TCP bind hash table entries: 65536 (order: 8, 1048576 bytes, linear)
[Thu Jul 27 10:15:31 2023] TCP: Hash tables configured (established 65536 bind 65536)
[Thu Jul 27 10:15:31 2023] MPTCP token hash table entries: 8192 (order: 5, 196608 bytes, linear)
[Thu Jul 27 10:15:31 2023] UDP hash table entries: 4096 (order: 5, 131072 bytes, linear)
[Thu Jul 27 10:15:31 2023] UDP-Lite hash table entries: 4096 (order: 5, 131072 bytes, linear)
[Thu Jul 27 10:15:31 2023] NET: Registered PF_UNIX/PF_LOCAL protocol family
[Thu Jul 27 10:15:31 2023] NET: Registered PF_XDP protocol family
[Thu Jul 27 10:15:31 2023] pci 0000:06:00.0: bridge window [io  0x1000-0x0fff] to [bus 07] add_size 1000
[Thu Jul 27 10:15:31 2023] pci 0000:06:00.0: bridge window [mem 0x00100000-0x000fffff 64bit pref] to [bus 07] add_size 200000 add_align 100000
[Thu Jul 27 10:15:31 2023] pci 0000:06:04.0: bridge window [io  0x1000-0x0fff] to [bus 39] add_size 1000
[Thu Jul 27 10:15:31 2023] pci 0000:06:04.0: bridge window [mem 0x00100000-0x000fffff 64bit pref] to [bus 39] add_size 200000 add_align 100000
[Thu Jul 27 10:15:31 2023] pci 0000:06:04.0: bridge window [mem 0x00100000-0x000fffff] to [bus 39] add_size 200000 add_align 100000
[Thu Jul 27 10:15:31 2023] pci 0000:06:06.0: bridge window [io  0x1000-0x0fff] to [bus 6b] add_size 1000
[Thu Jul 27 10:15:31 2023] pci 0000:06:06.0: bridge window [mem 0x00100000-0x000fffff 64bit pref] to [bus 6b] add_size 200000 add_align 100000
[Thu Jul 27 10:15:31 2023] pci 0000:06:06.0: bridge window [mem 0x00100000-0x000fffff] to [bus 6b] add_size 200000 add_align 100000
[Thu Jul 27 10:15:31 2023] pci 0000:00:1c.0: PCI bridge to [bus 01]
[Thu Jul 27 10:15:31 2023] pci 0000:00:1c.1: PCI bridge to [bus 02]
[Thu Jul 27 10:15:31 2023] pci 0000:00:1c.1:   bridge window [mem 0xc1600000-0xc17fffff]
[Thu Jul 27 10:15:31 2023] pci 0000:00:1c.1:   bridge window [mem 0xa0000000-0xafffffff 64bit pref]
[Thu Jul 27 10:15:31 2023] pci 0000:00:1c.2: PCI bridge to [bus 03]
[Thu Jul 27 10:15:31 2023] pci 0000:00:1c.2:   bridge window [mem 0xc1000000-0xc14fffff]
[Thu Jul 27 10:15:31 2023] pci 0000:06:00.0: BAR 15: no space for [mem size 0x00200000 64bit pref]
[Thu Jul 27 10:15:31 2023] pci 0000:06:00.0: BAR 15: failed to assign [mem size 0x00200000 64bit pref]
[Thu Jul 27 10:15:31 2023] pci 0000:06:04.0: BAR 14: no space for [mem size 0x00200000]
[Thu Jul 27 10:15:31 2023] pci 0000:06:04.0: BAR 14: failed to assign [mem size 0x00200000]
[Thu Jul 27 10:15:31 2023] pci 0000:06:04.0: BAR 15: no space for [mem size 0x00200000 64bit pref]
[Thu Jul 27 10:15:31 2023] pci 0000:06:04.0: BAR 15: failed to assign [mem size 0x00200000 64bit pref]
[Thu Jul 27 10:15:31 2023] pci 0000:06:06.0: BAR 14: no space for [mem size 0x00200000]
[Thu Jul 27 10:15:31 2023] pci 0000:06:06.0: BAR 14: failed to assign [mem size 0x00200000]
[Thu Jul 27 10:15:31 2023] pci 0000:06:06.0: BAR 15: no space for [mem size 0x00200000 64bit pref]
[Thu Jul 27 10:15:31 2023] pci 0000:06:06.0: BAR 15: failed to assign [mem size 0x00200000 64bit pref]
[Thu Jul 27 10:15:31 2023] pci 0000:06:00.0: BAR 13: no space for [io  size 0x1000]
[Thu Jul 27 10:15:31 2023] pci 0000:06:00.0: BAR 13: failed to assign [io  size 0x1000]
[Thu Jul 27 10:15:31 2023] pci 0000:06:04.0: BAR 13: no space for [io  size 0x1000]
[Thu Jul 27 10:15:31 2023] pci 0000:06:04.0: BAR 13: failed to assign [io  size 0x1000]
[Thu Jul 27 10:15:31 2023] pci 0000:06:06.0: BAR 13: no space for [io  size 0x1000]
[Thu Jul 27 10:15:31 2023] pci 0000:06:06.0: BAR 13: failed to assign [io  size 0x1000]
[Thu Jul 27 10:15:31 2023] pci 0000:06:06.0: BAR 14: no space for [mem size 0x00200000]
[Thu Jul 27 10:15:31 2023] pci 0000:06:06.0: BAR 14: failed to assign [mem size 0x00200000]
[Thu Jul 27 10:15:31 2023] pci 0000:06:06.0: BAR 15: no space for [mem size 0x00200000 64bit pref]
[Thu Jul 27 10:15:31 2023] pci 0000:06:06.0: BAR 15: failed to assign [mem size 0x00200000 64bit pref]
[Thu Jul 27 10:15:31 2023] pci 0000:06:06.0: BAR 13: no space for [io  size 0x1000]
[Thu Jul 27 10:15:31 2023] pci 0000:06:06.0: BAR 13: failed to assign [io  size 0x1000]
[Thu Jul 27 10:15:31 2023] pci 0000:06:04.0: BAR 14: no space for [mem size 0x00200000]
[Thu Jul 27 10:15:31 2023] pci 0000:06:04.0: BAR 14: failed to assign [mem size 0x00200000]
[Thu Jul 27 10:15:31 2023] pci 0000:06:04.0: BAR 15: no space for [mem size 0x00200000 64bit pref]
[Thu Jul 27 10:15:31 2023] pci 0000:06:04.0: BAR 15: failed to assign [mem size 0x00200000 64bit pref]
[Thu Jul 27 10:15:31 2023] pci 0000:06:04.0: BAR 13: no space for [io  size 0x1000]
[Thu Jul 27 10:15:31 2023] pci 0000:06:04.0: BAR 13: failed to assign [io  size 0x1000]
[Thu Jul 27 10:15:31 2023] pci 0000:06:00.0: BAR 15: no space for [mem size 0x00200000 64bit pref]
[Thu Jul 27 10:15:31 2023] pci 0000:06:00.0: BAR 15: failed to assign [mem size 0x00200000 64bit pref]
[Thu Jul 27 10:15:31 2023] pci 0000:06:00.0: BAR 13: no space for [io  size 0x1000]
[Thu Jul 27 10:15:31 2023] pci 0000:06:00.0: BAR 13: failed to assign [io  size 0x1000]
[Thu Jul 27 10:15:31 2023] pci 0000:06:00.0: PCI bridge to [bus 07]
[Thu Jul 27 10:15:31 2023] pci 0000:06:00.0:   bridge window [mem 0xc1900000-0xc19fffff]
[Thu Jul 27 10:15:31 2023] pci 0000:06:03.0: PCI bridge to [bus 08-38]
[Thu Jul 27 10:15:31 2023] pci 0000:06:03.0:   bridge window [io  0x4000-0x4fff]
[Thu Jul 27 10:15:31 2023] pci 0000:06:03.0:   bridge window [mem 0xc1a00000-0xc59fffff]
[Thu Jul 27 10:15:31 2023] pci 0000:06:03.0:   bridge window [mem 0xcda00000-0xd19fffff 64bit pref]
[Thu Jul 27 10:15:31 2023] pci 0000:06:04.0: PCI bridge to [bus 39]
[Thu Jul 27 10:15:31 2023] pci 0000:06:05.0: PCI bridge to [bus 3a-6a]
[Thu Jul 27 10:15:31 2023] pci 0000:06:05.0:   bridge window [io  0x5000-0x5fff]
[Thu Jul 27 10:15:31 2023] pci 0000:06:05.0:   bridge window [mem 0xc5a00000-0xc99fffff]
[Thu Jul 27 10:15:31 2023] pci 0000:06:05.0:   bridge window [mem 0xd1a00000-0xd59fffff 64bit pref]
[Thu Jul 27 10:15:31 2023] pci 0000:06:06.0: PCI bridge to [bus 6b]
[Thu Jul 27 10:15:31 2023] pci 0000:05:00.0: PCI bridge to [bus 06-6b]
[Thu Jul 27 10:15:31 2023] pci 0000:05:00.0:   bridge window [io  0x4000-0x5fff]
[Thu Jul 27 10:15:31 2023] pci 0000:05:00.0:   bridge window [mem 0xc1900000-0xc99fffff]
[Thu Jul 27 10:15:31 2023] pci 0000:05:00.0:   bridge window [mem 0xcda00000-0xd59fffff 64bit pref]
[Thu Jul 27 10:15:31 2023] pci 0000:00:1c.4: PCI bridge to [bus 05-9b]
[Thu Jul 27 10:15:31 2023] pci 0000:00:1c.4:   bridge window [io  0x4000-0x6fff]
[Thu Jul 27 10:15:31 2023] pci 0000:00:1c.4:   bridge window [mem 0xc1900000-0xcd9fffff]
[Thu Jul 27 10:15:31 2023] pci 0000:00:1c.4:   bridge window [mem 0xcda00000-0xd99fffff 64bit pref]
[Thu Jul 27 10:15:31 2023] pci 0000:00:1c.5: PCI bridge to [bus 04]
[Thu Jul 27 10:15:31 2023] pci 0000:00:1c.5:   bridge window [mem 0xc1500000-0xc15fffff]
[Thu Jul 27 10:15:31 2023] pci_bus 0000:00: resource 4 [io  0x0000-0x0cf7 window]
[Thu Jul 27 10:15:31 2023] pci_bus 0000:00: resource 5 [io  0x0d00-0xffff window]
[Thu Jul 27 10:15:31 2023] pci_bus 0000:00: resource 6 [mem 0x000a0000-0x000fffff window]
[Thu Jul 27 10:15:31 2023] pci_bus 0000:00: resource 7 [mem 0x90000000-0xfeafffff window]
[Thu Jul 27 10:15:31 2023] pci_bus 0000:00: resource 8 [mem 0xfed40000-0xfed44fff window]
[Thu Jul 27 10:15:31 2023] pci_bus 0000:02: resource 1 [mem 0xc1600000-0xc17fffff]
[Thu Jul 27 10:15:31 2023] pci_bus 0000:02: resource 2 [mem 0xa0000000-0xafffffff 64bit pref]
[Thu Jul 27 10:15:31 2023] pci_bus 0000:03: resource 1 [mem 0xc1000000-0xc14fffff]
[Thu Jul 27 10:15:31 2023] pci_bus 0000:05: resource 0 [io  0x4000-0x6fff]
[Thu Jul 27 10:15:31 2023] pci_bus 0000:05: resource 1 [mem 0xc1900000-0xcd9fffff]
[Thu Jul 27 10:15:31 2023] pci_bus 0000:05: resource 2 [mem 0xcda00000-0xd99fffff 64bit pref]
[Thu Jul 27 10:15:31 2023] pci_bus 0000:06: resource 0 [io  0x4000-0x5fff]
[Thu Jul 27 10:15:31 2023] pci_bus 0000:06: resource 1 [mem 0xc1900000-0xc99fffff]
[Thu Jul 27 10:15:31 2023] pci_bus 0000:06: resource 2 [mem 0xcda00000-0xd59fffff 64bit pref]
[Thu Jul 27 10:15:31 2023] pci_bus 0000:07: resource 1 [mem 0xc1900000-0xc19fffff]
[Thu Jul 27 10:15:31 2023] pci_bus 0000:08: resource 0 [io  0x4000-0x4fff]
[Thu Jul 27 10:15:31 2023] pci_bus 0000:08: resource 1 [mem 0xc1a00000-0xc59fffff]
[Thu Jul 27 10:15:31 2023] pci_bus 0000:08: resource 2 [mem 0xcda00000-0xd19fffff 64bit pref]
[Thu Jul 27 10:15:31 2023] pci_bus 0000:3a: resource 0 [io  0x5000-0x5fff]
[Thu Jul 27 10:15:31 2023] pci_bus 0000:3a: resource 1 [mem 0xc5a00000-0xc99fffff]
[Thu Jul 27 10:15:31 2023] pci_bus 0000:3a: resource 2 [mem 0xd1a00000-0xd59fffff 64bit pref]
[Thu Jul 27 10:15:31 2023] pci_bus 0000:04: resource 1 [mem 0xc1500000-0xc15fffff]
[Thu Jul 27 10:15:31 2023] PCI: CLS 256 bytes, default 64
[Thu Jul 27 10:15:31 2023] PCI-DMA: Using software bounce buffering for IO (SWIOTLB)
[Thu Jul 27 10:15:31 2023] software IO TLB: mapped [mem 0x000000007095a000-0x000000007495a000] (64MB)
[Thu Jul 27 10:15:31 2023] Trying to unpack rootfs image as initramfs...
[Thu Jul 27 10:15:31 2023] Initialise system trusted keyrings
[Thu Jul 27 10:15:31 2023] Key type blacklist registered
[Thu Jul 27 10:15:31 2023] workingset: timestamp_bits=36 max_order=21 bucket_order=0
[Thu Jul 27 10:15:31 2023] zbud: loaded
[Thu Jul 27 10:15:31 2023] squashfs: version 4.0 (2009/01/31) Phillip Lougher
[Thu Jul 27 10:15:31 2023] fuse: init (API version 7.34)
[Thu Jul 27 10:15:31 2023] integrity: Platform Keyring initialized
[Thu Jul 27 10:15:31 2023] Key type asymmetric registered
[Thu Jul 27 10:15:31 2023] Asymmetric key parser 'x509' registered
[Thu Jul 27 10:15:31 2023] Block layer SCSI generic (bsg) driver version 0.4 loaded (major 243)
[Thu Jul 27 10:15:31 2023] io scheduler mq-deadline registered
[Thu Jul 27 10:15:31 2023] pcieport 0000:06:00.0: pciehp: Slot #0 AttnBtn- PwrCtrl- MRL- AttnInd- PwrInd- HotPlug+ Surprise+ Interlock- NoCompl+ IbPresDis- LLActRep+
[Thu Jul 27 10:15:31 2023] pcieport 0000:06:03.0: pciehp: Slot #3 AttnBtn- PwrCtrl- MRL- AttnInd- PwrInd- HotPlug+ Surprise+ Interlock- NoCompl+ IbPresDis- LLActRep+
[Thu Jul 27 10:15:31 2023] pcieport 0000:06:04.0: pciehp: Slot #4 AttnBtn- PwrCtrl- MRL- AttnInd- PwrInd- HotPlug+ Surprise+ Interlock- NoCompl+ IbPresDis- LLActRep+
[Thu Jul 27 10:15:31 2023] pcieport 0000:06:05.0: pciehp: Slot #5 AttnBtn- PwrCtrl- MRL- AttnInd- PwrInd- HotPlug+ Surprise+ Interlock- NoCompl+ IbPresDis- LLActRep+
[Thu Jul 27 10:15:31 2023] pcieport 0000:06:06.0: pciehp: Slot #6 AttnBtn- PwrCtrl- MRL- AttnInd- PwrInd- HotPlug+ Surprise+ Interlock- NoCompl+ IbPresDis- LLActRep+
[Thu Jul 27 10:15:31 2023] shpchp: Standard Hot Plug PCI Controller Driver version: 0.4
[Thu Jul 27 10:15:31 2023] ACPI: AC: AC Adapter [ADP1] (off-line)
[Thu Jul 27 10:15:31 2023] input: Lid Switch as /devices/LNXSYSTM:00/LNXSYBUS:00/PNP0C0D:00/input/input0
[Thu Jul 27 10:15:31 2023] ACPI: button: Lid Switch [LID0]
[Thu Jul 27 10:15:31 2023] input: Power Button as /devices/LNXSYSTM:00/LNXSYBUS:00/PNP0C0C:00/input/input1
[Thu Jul 27 10:15:31 2023] ACPI: button: Power Button [PWRB]
[Thu Jul 27 10:15:31 2023] input: Sleep Button as /devices/LNXSYSTM:00/LNXSYBUS:00/PNP0C0E:00/input/input2
[Thu Jul 27 10:15:31 2023] ACPI: button: Sleep Button [SLPB]
[Thu Jul 27 10:15:31 2023] input: Power Button as /devices/LNXSYSTM:00/LNXPWRBN:00/input/input3
[Thu Jul 27 10:15:31 2023] ACPI: button: Power Button [PWRF]
[Thu Jul 27 10:15:31 2023] Serial: 8250/16550 driver, 32 ports, IRQ sharing enabled
[Thu Jul 27 10:15:31 2023] hpet_acpi_add: no address or irqs in _CRS
[Thu Jul 27 10:15:31 2023] Linux agpgart interface v0.103
[Thu Jul 27 10:15:31 2023] loop: module loaded
[Thu Jul 27 10:15:31 2023] tun: Universal TUN/TAP device driver, 1.6
[Thu Jul 27 10:15:31 2023] PPP generic driver version 2.4.2
[Thu Jul 27 10:15:31 2023] VFIO - User Level meta-driver version: 0.3
[Thu Jul 27 10:15:31 2023] ehci_hcd: USB 2.0 'Enhanced' Host Controller (EHCI) Driver
[Thu Jul 27 10:15:31 2023] ehci-pci: EHCI PCI platform driver
[Thu Jul 27 10:15:31 2023] ehci-platform: EHCI generic platform driver
[Thu Jul 27 10:15:31 2023] ohci_hcd: USB 1.1 'Open' Host Controller (OHCI) Driver
[Thu Jul 27 10:15:31 2023] ohci-pci: OHCI PCI platform driver
[Thu Jul 27 10:15:31 2023] ohci-platform: OHCI generic platform driver
[Thu Jul 27 10:15:31 2023] uhci_hcd: USB Universal Host Controller Interface driver
[Thu Jul 27 10:15:31 2023] i8042: PNP: No PS/2 controller found.
[Thu Jul 27 10:15:31 2023] mousedev: PS/2 mouse device common for all mice
[Thu Jul 27 10:15:31 2023] rtc_cmos 00:02: RTC can wake from S4
[Thu Jul 27 10:15:31 2023] rtc_cmos 00:02: registered as rtc0
[Thu Jul 27 10:15:31 2023] rtc_cmos 00:02: setting system clock to 2023-07-24T04:37:28 UTC (1690173448)
[Thu Jul 27 10:15:31 2023] rtc_cmos 00:02: alarms up to one month, y3k, 242 bytes nvram
[Thu Jul 27 10:15:31 2023] i2c_dev: i2c /dev entries driver
[Thu Jul 27 10:15:31 2023] device-mapper: core: CONFIG_IMA_DISABLE_HTABLE is disabled. Duplicate IMA measurements will not be recorded in the IMA log.
[Thu Jul 27 10:15:31 2023] device-mapper: uevent: version 1.0.3
[Thu Jul 27 10:15:31 2023] device-mapper: ioctl: 4.45.0-ioctl (2021-03-22) initialised: dm-devel@redhat.com
[Thu Jul 27 10:15:31 2023] platform eisa.0: Probing EISA bus 0
[Thu Jul 27 10:15:31 2023] platform eisa.0: EISA: Cannot allocate resource for mainboard
[Thu Jul 27 10:15:31 2023] platform eisa.0: Cannot allocate resource for EISA slot 1
[Thu Jul 27 10:15:31 2023] platform eisa.0: Cannot allocate resource for EISA slot 2
[Thu Jul 27 10:15:31 2023] platform eisa.0: Cannot allocate resource for EISA slot 3
[Thu Jul 27 10:15:31 2023] platform eisa.0: Cannot allocate resource for EISA slot 4
[Thu Jul 27 10:15:31 2023] platform eisa.0: Cannot allocate resource for EISA slot 5
[Thu Jul 27 10:15:31 2023] platform eisa.0: Cannot allocate resource for EISA slot 6
[Thu Jul 27 10:15:31 2023] platform eisa.0: Cannot allocate resource for EISA slot 7
[Thu Jul 27 10:15:31 2023] platform eisa.0: Cannot allocate resource for EISA slot 8
[Thu Jul 27 10:15:31 2023] platform eisa.0: EISA: Detected 0 cards
[Thu Jul 27 10:15:31 2023] intel_pstate: Intel P-state driver initializing
[Thu Jul 27 10:15:31 2023] ledtrig-cpu: registered to indicate activity on CPUs
[Thu Jul 27 10:15:31 2023] efifb: probing for efifb
[Thu Jul 27 10:15:31 2023] efifb: No BGRT, not showing boot graphics
[Thu Jul 27 10:15:31 2023] efifb: framebuffer at 0xb0000000, using 16000k, total 16000k
[Thu Jul 27 10:15:31 2023] efifb: mode is 2560x1600x32, linelength=10240, pages=1
[Thu Jul 27 10:15:31 2023] efifb: scrolling: redraw
[Thu Jul 27 10:15:31 2023] efifb: Truecolor: size=8:8:8:8, shift=24:16:8:0
[Thu Jul 27 10:15:31 2023] Console: switching to colour frame buffer device 160x50
[Thu Jul 27 10:15:31 2023] fb0: EFI VGA frame buffer device
[Thu Jul 27 10:15:31 2023] EFI Variables Facility v0.08 2004-May-17
[Thu Jul 27 10:15:31 2023] drop_monitor: Initializing network drop monitor service
[Thu Jul 27 10:15:31 2023] NET: Registered PF_INET6 protocol family
[Thu Jul 27 10:15:31 2023] Freeing initrd memory: 132816K
[Thu Jul 27 10:15:31 2023] Segment Routing with IPv6
[Thu Jul 27 10:15:31 2023] In-situ OAM (IOAM) with IPv6
[Thu Jul 27 10:15:31 2023] NET: Registered PF_PACKET protocol family
[Thu Jul 27 10:15:31 2023] Key type dns_resolver registered
[Thu Jul 27 10:15:31 2023] microcode: sig=0x306d4, pf=0x40, revision=0x2f
[Thu Jul 27 10:15:31 2023] microcode: Microcode Update Driver: v2.2.
[Thu Jul 27 10:15:31 2023] IPI shorthand broadcast: enabled
[Thu Jul 27 10:15:31 2023] sched_clock: Marking stable (932638191, 1294847)->(970319267, -36386229)
[Thu Jul 27 10:15:31 2023] registered taskstats version 1
[Thu Jul 27 10:15:31 2023] Loading compiled-in X.509 certificates
[Thu Jul 27 10:15:31 2023] Loaded X.509 cert 'Build time autogenerated kernel key: c6e9c3ca2b06fbc2c1b0c55538f15aa8ede87304'
[Thu Jul 27 10:15:31 2023] Loaded X.509 cert 'Canonical Ltd. Live Patch Signing: 14df34d1a87cf37625abec039ef2bf521249b969'
[Thu Jul 27 10:15:31 2023] Loaded X.509 cert 'Canonical Ltd. Kernel Module Signing: 88f752e560a1e0737e31163a466ad7b70a850c19'
[Thu Jul 27 10:15:31 2023] blacklist: Loading compiled-in revocation X.509 certificates
[Thu Jul 27 10:15:31 2023] Loaded X.509 cert 'Canonical Ltd. Secure Boot Signing: 61482aa2830d0ab2ad5af10b7250da9033ddcef0'
[Thu Jul 27 10:15:31 2023] Loaded X.509 cert 'Canonical Ltd. Secure Boot Signing (2017): 242ade75ac4a15e50d50c84b0d45ff3eae707a03'
[Thu Jul 27 10:15:31 2023] Loaded X.509 cert 'Canonical Ltd. Secure Boot Signing (ESM 2018): 365188c1d374d6b07c3c8f240f8ef722433d6a8b'
[Thu Jul 27 10:15:31 2023] Loaded X.509 cert 'Canonical Ltd. Secure Boot Signing (2019): c0746fd6c5da3ae827864651ad66ae47fe24b3e8'
[Thu Jul 27 10:15:31 2023] Loaded X.509 cert 'Canonical Ltd. Secure Boot Signing (2021 v1): a8d54bbb3825cfb94fa13c9f8a594a195c107b8d'
[Thu Jul 27 10:15:31 2023] Loaded X.509 cert 'Canonical Ltd. Secure Boot Signing (2021 v2): 4cf046892d6fd3c9a5b03f98d845f90851dc6a8c'
[Thu Jul 27 10:15:31 2023] Loaded X.509 cert 'Canonical Ltd. Secure Boot Signing (2021 v3): 100437bb6de6e469b581e61cd66bce3ef4ed53af'
[Thu Jul 27 10:15:31 2023] Loaded X.509 cert 'Canonical Ltd. Secure Boot Signing (Ubuntu Core 2019): c1d57b8f6b743f23ee41f4f7ee292f06eecadfb9'
[Thu Jul 27 10:15:31 2023] zswap: loaded using pool lzo/zbud
[Thu Jul 27 10:15:31 2023] Key type .fscrypt registered
[Thu Jul 27 10:15:31 2023] Key type fscrypt-provisioning registered
[Thu Jul 27 10:15:31 2023] Key type encrypted registered
[Thu Jul 27 10:15:31 2023] AppArmor: AppArmor sha1 policy hashing enabled
[Thu Jul 27 10:15:31 2023] integrity: Loading X.509 certificate: UEFI:MokListRT (MOKvar table)
[Thu Jul 27 10:15:31 2023] integrity: Loaded X.509 cert 'Canonical Ltd. Master Certificate Authority: ad91990bc22ab1f517048c23b6655a268e345a63'
[Thu Jul 27 10:15:31 2023] ima: No TPM chip found, activating TPM-bypass!
[Thu Jul 27 10:15:31 2023] Loading compiled-in module X.509 certificates
[Thu Jul 27 10:15:31 2023] Loaded X.509 cert 'Build time autogenerated kernel key: c6e9c3ca2b06fbc2c1b0c55538f15aa8ede87304'
[Thu Jul 27 10:15:31 2023] ima: Allocated hash algorithm: sha1
[Thu Jul 27 10:15:31 2023] ima: No architecture policies found
[Thu Jul 27 10:15:31 2023] evm: Initialising EVM extended attributes:
[Thu Jul 27 10:15:31 2023] evm: security.selinux
[Thu Jul 27 10:15:31 2023] evm: security.SMACK64
[Thu Jul 27 10:15:31 2023] evm: security.SMACK64EXEC
[Thu Jul 27 10:15:31 2023] evm: security.SMACK64TRANSMUTE
[Thu Jul 27 10:15:31 2023] evm: security.SMACK64MMAP
[Thu Jul 27 10:15:31 2023] evm: security.apparmor
[Thu Jul 27 10:15:31 2023] evm: security.ima
[Thu Jul 27 10:15:31 2023] evm: security.capability
[Thu Jul 27 10:15:31 2023] evm: HMAC attrs: 0x1
[Thu Jul 27 10:15:31 2023] PM:   Magic number: 15:811:616
[Thu Jul 27 10:15:31 2023]  clockevents: hash matches
[Thu Jul 27 10:15:31 2023] RAS: Correctable Errors collector initialized.
[Thu Jul 27 10:15:31 2023] Freeing unused decrypted memory: 2036K
[Thu Jul 27 10:15:31 2023] Freeing unused kernel image (initmem) memory: 3248K
[Thu Jul 27 10:15:31 2023] Write protecting the kernel read-only data: 30720k
[Thu Jul 27 10:15:31 2023] Freeing unused kernel image (text/rodata gap) memory: 2036K
[Thu Jul 27 10:15:31 2023] Freeing unused kernel image (rodata/data gap) memory: 1444K
[Thu Jul 27 10:15:32 2023] x86/mm: Checked W+X mappings: passed, no W+X pages found.
[Thu Jul 27 10:15:32 2023] x86/mm: Checking user space page tables
[Thu Jul 27 10:15:32 2023] x86/mm: Checked W+X mappings: passed, no W+X pages found.
[Thu Jul 27 10:15:32 2023] Run /init as init process
[Thu Jul 27 10:15:32 2023]   with arguments:
[Thu Jul 27 10:15:32 2023]     /init
[Thu Jul 27 10:15:32 2023]     splash
[Thu Jul 27 10:15:32 2023]   with environment:
[Thu Jul 27 10:15:32 2023]     HOME=/
[Thu Jul 27 10:15:32 2023]     TERM=linux
[Thu Jul 27 10:15:32 2023]     BOOT_IMAGE=/boot/vmlinuz-5.15.0-76-generic
[Thu Jul 27 10:15:32 2023] pxa2xx-spi pxa2xx-spi.1: no DMA channels available, using PIO
[Thu Jul 27 10:15:32 2023] i801_smbus 0000:00:1f.3: SPD Write Disable is set
[Thu Jul 27 10:15:32 2023] i801_smbus 0000:00:1f.3: SMBus using PCI interrupt
[Thu Jul 27 10:15:32 2023] ACPI: bus type thunderbolt registered
[Thu Jul 27 10:15:32 2023] i2c i2c-0: 2/2 memory slots populated (from DMI)
[Thu Jul 27 10:15:32 2023] thunderbolt 0000:07:00.0: device link creation from 0000:06:00.0 failed
[Thu Jul 27 10:15:32 2023] xhci_hcd 0000:00:14.0: xHCI Host Controller
[Thu Jul 27 10:15:32 2023] xhci_hcd 0000:00:14.0: new USB bus registered, assigned bus number 1
[Thu Jul 27 10:15:32 2023] xhci_hcd 0000:00:14.0: hcc params 0x200077c1 hci version 0x100 quirks 0x000000000004b810
[Thu Jul 27 10:15:32 2023] xhci_hcd 0000:00:14.0: xHCI Host Controller
[Thu Jul 27 10:15:32 2023] xhci_hcd 0000:00:14.0: new USB bus registered, assigned bus number 2
[Thu Jul 27 10:15:32 2023] xhci_hcd 0000:00:14.0: Host supports USB 3.0 SuperSpeed
[Thu Jul 27 10:15:32 2023] usb usb1: New USB device found, idVendor=1d6b, idProduct=0002, bcdDevice= 5.15
[Thu Jul 27 10:15:32 2023] usb usb1: New USB device strings: Mfr=3, Product=2, SerialNumber=1
[Thu Jul 27 10:15:32 2023] usb usb1: Product: xHCI Host Controller
[Thu Jul 27 10:15:32 2023] usb usb1: Manufacturer: Linux 5.15.0-76-generic xhci-hcd
[Thu Jul 27 10:15:32 2023] usb usb1: SerialNumber: 0000:00:14.0
[Thu Jul 27 10:15:32 2023] hub 1-0:1.0: USB hub found
[Thu Jul 27 10:15:32 2023] hub 1-0:1.0: 11 ports detected
[Thu Jul 27 10:15:32 2023] usb usb2: New USB device found, idVendor=1d6b, idProduct=0003, bcdDevice= 5.15
[Thu Jul 27 10:15:32 2023] usb usb2: New USB device strings: Mfr=3, Product=2, SerialNumber=1
[Thu Jul 27 10:15:32 2023] usb usb2: Product: xHCI Host Controller
[Thu Jul 27 10:15:32 2023] usb usb2: Manufacturer: Linux 5.15.0-76-generic xhci-hcd
[Thu Jul 27 10:15:32 2023] usb usb2: SerialNumber: 0000:00:14.0
[Thu Jul 27 10:15:32 2023] hub 2-0:1.0: USB hub found
[Thu Jul 27 10:15:32 2023] hub 2-0:1.0: 4 ports detected
[Thu Jul 27 10:15:32 2023] usb: port power management may be unreliable
[Thu Jul 27 10:15:32 2023] applespi spi-APP000D:00: USB interface already enabled
[Thu Jul 27 10:15:32 2023] cryptd: max_cpu_qlen set to 1000
[Thu Jul 27 10:15:32 2023] ahci 0000:04:00.0: version 3.0
[Thu Jul 27 10:15:32 2023] AVX2 version of gcm_enc/dec engaged.
[Thu Jul 27 10:15:32 2023] AES CTR mode by8 optimization enabled
[Thu Jul 27 10:15:32 2023] tsc: Refined TSC clocksource calibration: 2699.999 MHz
[Thu Jul 27 10:15:32 2023] clocksource: tsc: mask: 0xffffffffffffffff max_cycles: 0x26eb3d7f706, max_idle_ns: 440795268188 ns
[Thu Jul 27 10:15:32 2023] clocksource: Switched to clocksource tsc
[Thu Jul 27 10:15:32 2023] ahci 0000:04:00.0: AHCI 0001.0300 32 slots 1 ports 6 Gbps 0x1 impl SATA mode
[Thu Jul 27 10:15:32 2023] ahci 0000:04:00.0: flags: 64bit ncq led clo only pio ccc 
[Thu Jul 27 10:15:32 2023] scsi host0: ahci
[Thu Jul 27 10:15:32 2023] ata1: SATA max UDMA/133 abar m8192@0xc1500000 port 0xc1500100 irq 70
[Thu Jul 27 10:15:32 2023] Console: switching to colour dummy device 80x25
[Thu Jul 27 10:15:32 2023] i915 0000:00:02.0: vgaarb: deactivate vga console
[Thu Jul 27 10:15:32 2023] i915 0000:00:02.0: vgaarb: changed VGA decodes: olddecodes=io+mem,decodes=io+mem:owns=io+mem
[Thu Jul 27 10:15:32 2023] [drm] Initialized i915 1.6.0 20201103 for 0000:00:02.0 on minor 0
[Thu Jul 27 10:15:32 2023] ACPI: video: Video Device [IGPU] (multi-head: yes  rom: no  post: no)
[Thu Jul 27 10:15:32 2023] input: Video Bus as /devices/LNXSYSTM:00/LNXSYBUS:00/PNP0A08:00/LNXVIDEO:00/input/input4
[Thu Jul 27 10:15:32 2023] fbcon: i915drmfb (fb0) is primary device
[Thu Jul 27 10:15:32 2023] usb 2-3: new SuperSpeed USB device number 2 using xhci_hcd
[Thu Jul 27 10:15:32 2023] usb 2-3: New USB device found, idVendor=05ac, idProduct=8406, bcdDevice= 8.20
[Thu Jul 27 10:15:32 2023] usb 2-3: New USB device strings: Mfr=3, Product=4, SerialNumber=5
[Thu Jul 27 10:15:32 2023] usb 2-3: Product: Card Reader
[Thu Jul 27 10:15:32 2023] usb 2-3: Manufacturer: Apple
[Thu Jul 27 10:15:32 2023] usb 2-3: SerialNumber: 000000000820
[Thu Jul 27 10:15:32 2023] usb-storage 2-3:1.0: USB Mass Storage device detected
[Thu Jul 27 10:15:32 2023] scsi host1: usb-storage 2-3:1.0
[Thu Jul 27 10:15:32 2023] usbcore: registered new interface driver usb-storage
[Thu Jul 27 10:15:32 2023] ata1: SATA link up 6.0 Gbps (SStatus 133 SControl 300)
[Thu Jul 27 10:15:32 2023] ata1.00: unexpected _GTF length (8)
[Thu Jul 27 10:15:32 2023] ata1.00: ATA-8: APPLE SSD SM0128G, BXW1PA0Q, max UDMA/133
[Thu Jul 27 10:15:32 2023] ata1.00: 236978176 sectors, multi 16: LBA48 NCQ (depth 32), AA
[Thu Jul 27 10:15:32 2023] ata1.00: unexpected _GTF length (8)
[Thu Jul 27 10:15:32 2023] ata1.00: configured for UDMA/133
[Thu Jul 27 10:15:32 2023] scsi 0:0:0:0: Direct-Access     ATA      APPLE SSD SM0128 PA0Q PQ: 0 ANSI: 5
[Thu Jul 27 10:15:32 2023] sd 0:0:0:0: Attached scsi generic sg0 type 0
[Thu Jul 27 10:15:32 2023] sd 0:0:0:0: [sda] 236978176 512-byte logical blocks: (121 GB/113 GiB)
[Thu Jul 27 10:15:32 2023] sd 0:0:0:0: [sda] 4096-byte physical blocks
[Thu Jul 27 10:15:32 2023] sd 0:0:0:0: [sda] Write Protect is off
[Thu Jul 27 10:15:32 2023] sd 0:0:0:0: [sda] Mode Sense: 00 3a 00 00
[Thu Jul 27 10:15:32 2023] sd 0:0:0:0: [sda] Write cache: enabled, read cache: enabled, doesn't support DPO or FUA
[Thu Jul 27 10:15:32 2023]  sda: sda1 sda2
[Thu Jul 27 10:15:32 2023] sd 0:0:0:0: [sda] Attached SCSI disk
[Thu Jul 27 10:15:32 2023] usb 1-3: new full-speed USB device number 2 using xhci_hcd
[Thu Jul 27 10:15:32 2023] usb 1-3: New USB device found, idVendor=05ac, idProduct=8290, bcdDevice= 1.19
[Thu Jul 27 10:15:32 2023] usb 1-3: New USB device strings: Mfr=1, Product=2, SerialNumber=0
[Thu Jul 27 10:15:32 2023] usb 1-3: Product: Bluetooth USB Host Controller
[Thu Jul 27 10:15:32 2023] usb 1-3: Manufacturer: Broadcom Corp.
[Thu Jul 27 10:15:32 2023] hid: raw HID events driver (C) Jiri Kosina
[Thu Jul 27 10:15:32 2023] usb 1-5: new full-speed USB device number 3 using xhci_hcd
[Thu Jul 27 10:15:33 2023] usb 1-5: New USB device found, idVendor=05ac, idProduct=0273, bcdDevice= 6.22
[Thu Jul 27 10:15:33 2023] usb 1-5: New USB device strings: Mfr=1, Product=2, SerialNumber=3
[Thu Jul 27 10:15:33 2023] usb 1-5: Product: Apple Internal Keyboard / Trackpad
[Thu Jul 27 10:15:33 2023] usb 1-5: Manufacturer: Apple Inc.
[Thu Jul 27 10:15:33 2023] usb 1-5: SerialNumber: D3H52442T91FTV3AF1KS
[Thu Jul 27 10:15:33 2023] usbcore: registered new interface driver usbhid
[Thu Jul 27 10:15:33 2023] usbhid: USB HID core driver
[Thu Jul 27 10:15:33 2023] scsi 1:0:0:0: Direct-Access     APPLE    SD Card Reader   3.00 PQ: 0 ANSI: 6
[Thu Jul 27 10:15:33 2023] sd 1:0:0:0: Attached scsi generic sg1 type 0
[Thu Jul 27 10:15:33 2023] sd 1:0:0:0: [sdb] Media removed, stopped polling
[Thu Jul 27 10:15:33 2023] sd 1:0:0:0: [sdb] Attached SCSI removable disk
[Thu Jul 27 10:15:33 2023] Console: switching to colour frame buffer device 160x50
[Thu Jul 27 10:15:33 2023] i915 0000:00:02.0: [drm] fb0: i915drmfb frame buffer device
[Thu Jul 27 10:15:33 2023] usbcore: registered new interface driver uas
[Thu Jul 27 10:15:33 2023] input: Broadcom Corp. Bluetooth USB Host Controller as /devices/pci0000:00/0000:00:14.0/usb1/1-3/1-3:1.0/0003:05AC:8290.0001/input/input5
[Thu Jul 27 10:15:33 2023] hid-generic 0003:05AC:8290.0001: input,hidraw0: USB HID v1.11 Keyboard [Broadcom Corp. Bluetooth USB Host Controller] on usb-0000:00:14.0-3/input0
[Thu Jul 27 10:15:33 2023] input: Broadcom Corp. Bluetooth USB Host Controller as /devices/pci0000:00/0000:00:14.0/usb1/1-3/1-3:1.1/0003:05AC:8290.0002/input/input6
[Thu Jul 27 10:15:33 2023] hid-generic 0003:05AC:8290.0002: input,hidraw1: USB HID v1.11 Mouse [Broadcom Corp. Bluetooth USB Host Controller] on usb-0000:00:14.0-3/input1
[Thu Jul 27 10:15:33 2023] apple 0003:05AC:0273.0003: hiddev0,hidraw2: USB HID v1.10 Device [Apple Inc. Apple Internal Keyboard / Trackpad] on usb-0000:00:14.0-5/input0
[Thu Jul 27 10:15:33 2023] input: Apple Inc. Apple Internal Keyboard / Trackpad as /devices/pci0000:00/0000:00:14.0/usb1/1-5/1-5:1.1/0003:05AC:0273.0004/input/input7
[Thu Jul 27 10:15:33 2023] apple 0003:05AC:0273.0004: input,hiddev1,hidraw3: USB HID v1.10 Keyboard [Apple Inc. Apple Internal Keyboard / Trackpad] on usb-0000:00:14.0-5/input1
[Thu Jul 27 10:15:33 2023] apple 0003:05AC:0273.0005: hiddev2,hidraw4: USB HID v1.10 Device [Apple Inc. Apple Internal Keyboard / Trackpad] on usb-0000:00:14.0-5/input3
[Thu Jul 27 10:15:33 2023] apple 0003:05AC:0273.0006: hiddev3,hidraw5: USB HID v1.10 Device [Apple Inc. Apple Internal Keyboard / Trackpad] on usb-0000:00:14.0-5/input4
[Thu Jul 27 10:15:34 2023] raid6: avx2x4   gen() 29328 MB/s
[Thu Jul 27 10:15:34 2023] raid6: avx2x4   xor() 11362 MB/s
[Thu Jul 27 10:15:34 2023] raid6: avx2x2   gen() 27821 MB/s
[Thu Jul 27 10:15:34 2023] raid6: avx2x2   xor() 17630 MB/s
[Thu Jul 27 10:15:34 2023] raid6: avx2x1   gen() 26082 MB/s
[Thu Jul 27 10:15:34 2023] raid6: avx2x1   xor() 15505 MB/s
[Thu Jul 27 10:15:34 2023] raid6: sse2x4   gen() 16456 MB/s
[Thu Jul 27 10:15:34 2023] raid6: sse2x4   xor()  9110 MB/s
[Thu Jul 27 10:15:34 2023] raid6: sse2x2   gen() 15995 MB/s
[Thu Jul 27 10:15:34 2023] raid6: sse2x2   xor() 10207 MB/s
[Thu Jul 27 10:15:35 2023] raid6: sse2x1   gen() 13806 MB/s
[Thu Jul 27 10:15:35 2023] raid6: sse2x1   xor()  9134 MB/s
[Thu Jul 27 10:15:35 2023] raid6: using algorithm avx2x4 gen() 29328 MB/s
[Thu Jul 27 10:15:35 2023] raid6: .... xor() 11362 MB/s, rmw enabled
[Thu Jul 27 10:15:35 2023] raid6: using avx2x2 recovery algorithm
[Thu Jul 27 10:15:35 2023] xor: automatically using best checksumming function   avx       
[Thu Jul 27 10:15:35 2023] Btrfs loaded, crc32c=crc32c-intel, zoned=yes, fsverity=yes
[Thu Jul 27 10:15:35 2023] EXT4-fs (sda2): mounted filesystem with ordered data mode. Opts: (null). Quota mode: none.
[Thu Jul 27 10:15:35 2023] systemd[1]: Inserted module 'autofs4'
[Thu Jul 27 10:15:35 2023] systemd[1]: systemd 249.11-0ubuntu3.9 running in system mode (+PAM +AUDIT +SELINUX +APPARMOR +IMA +SMACK +SECCOMP +GCRYPT +GNUTLS +OPENSSL +ACL +BLKID +CURL +ELFUTILS +FIDO2 +IDN2 -IDN +IPTC +KMOD +LIBCRYPTSETUP +LIBFDISK +PCRE2 -PWQUALITY -P11KIT -QRENCODE +BZIP2 +LZ4 +XZ +ZLIB +ZSTD -XKBCOMMON +UTMP +SYSVINIT default-hierarchy=unified)
[Thu Jul 27 10:15:35 2023] systemd[1]: Detected architecture x86-64.
[Thu Jul 27 10:15:35 2023] systemd[1]: Queued start job for default target Graphical Interface.
[Thu Jul 27 10:15:35 2023] systemd[1]: Created slice Slice /system/modprobe.
[Thu Jul 27 10:15:35 2023] systemd[1]: Created slice Slice /system/systemd-fsck.
[Thu Jul 27 10:15:35 2023] systemd[1]: Created slice User and Session Slice.
[Thu Jul 27 10:15:35 2023] systemd[1]: Started Forward Password Requests to Wall Directory Watch.
[Thu Jul 27 10:15:35 2023] systemd[1]: Set up automount Arbitrary Executable File Formats File System Automount Point.
[Thu Jul 27 10:15:35 2023] systemd[1]: Reached target User and Group Name Lookups.
[Thu Jul 27 10:15:35 2023] systemd[1]: Reached target Remote File Systems.
[Thu Jul 27 10:15:35 2023] systemd[1]: Reached target Slice Units.
[Thu Jul 27 10:15:35 2023] systemd[1]: Reached target Local Verity Protected Volumes.
[Thu Jul 27 10:15:35 2023] systemd[1]: Listening on Device-mapper event daemon FIFOs.
[Thu Jul 27 10:15:35 2023] systemd[1]: Listening on LVM2 poll daemon socket.
[Thu Jul 27 10:15:35 2023] systemd[1]: Listening on Syslog Socket.
[Thu Jul 27 10:15:35 2023] systemd[1]: Listening on Process Core Dump Socket.
[Thu Jul 27 10:15:35 2023] systemd[1]: Listening on fsck to fsckd communication Socket.
[Thu Jul 27 10:15:35 2023] systemd[1]: Listening on initctl Compatibility Named Pipe.
[Thu Jul 27 10:15:35 2023] systemd[1]: Listening on Journal Audit Socket.
[Thu Jul 27 10:15:35 2023] systemd[1]: Listening on Journal Socket (/dev/log).
[Thu Jul 27 10:15:35 2023] systemd[1]: Listening on Journal Socket.
[Thu Jul 27 10:15:35 2023] systemd[1]: Listening on udev Control Socket.
[Thu Jul 27 10:15:35 2023] systemd[1]: Listening on udev Kernel Socket.
[Thu Jul 27 10:15:35 2023] systemd[1]: Mounting Huge Pages File System...
[Thu Jul 27 10:15:35 2023] systemd[1]: Mounting POSIX Message Queue File System...
[Thu Jul 27 10:15:35 2023] systemd[1]: Mounting Kernel Debug File System...
[Thu Jul 27 10:15:35 2023] systemd[1]: Mounting Kernel Trace File System...
[Thu Jul 27 10:15:36 2023] systemd[1]: Starting Journal Service...
[Thu Jul 27 10:15:36 2023] systemd[1]: Finished Availability of block devices.
[Thu Jul 27 10:15:36 2023] systemd[1]: Starting Set the console keyboard layout...
[Thu Jul 27 10:15:36 2023] systemd[1]: Starting Create List of Static Device Nodes...
[Thu Jul 27 10:15:36 2023] systemd[1]: Starting Monitoring of LVM2 mirrors, snapshots etc. using dmeventd or progress polling...
[Thu Jul 27 10:15:36 2023] systemd[1]: Starting Load Kernel Module chromeos_pstore...
[Thu Jul 27 10:15:36 2023] systemd[1]: Starting Load Kernel Module configfs...
[Thu Jul 27 10:15:36 2023] systemd[1]: Starting Load Kernel Module drm...
[Thu Jul 27 10:15:36 2023] systemd[1]: Starting Load Kernel Module efi_pstore...
[Thu Jul 27 10:15:36 2023] systemd[1]: Starting Load Kernel Module fuse...
[Thu Jul 27 10:15:36 2023] systemd[1]: Starting Load Kernel Module pstore_blk...
[Thu Jul 27 10:15:36 2023] systemd[1]: Starting Load Kernel Module pstore_zone...
[Thu Jul 27 10:15:36 2023] systemd[1]: Starting Load Kernel Module ramoops...
[Thu Jul 27 10:15:36 2023] systemd[1]: Condition check resulted in File System Check on Root Device being skipped.
[Thu Jul 27 10:15:36 2023] systemd[1]: Starting Load Kernel Modules...
[Thu Jul 27 10:15:36 2023] systemd[1]: Starting Remount Root and Kernel File Systems...
[Thu Jul 27 10:15:36 2023] systemd[1]: Starting Coldplug All udev Devices...
[Thu Jul 27 10:15:36 2023] systemd[1]: Mounted Huge Pages File System.
[Thu Jul 27 10:15:36 2023] systemd[1]: Mounted POSIX Message Queue File System.
[Thu Jul 27 10:15:36 2023] systemd[1]: Mounted Kernel Debug File System.
[Thu Jul 27 10:15:36 2023] systemd[1]: Mounted Kernel Trace File System.
[Thu Jul 27 10:15:36 2023] systemd[1]: Finished Create List of Static Device Nodes.
[Thu Jul 27 10:15:36 2023] systemd[1]: modprobe@configfs.service: Deactivated successfully.
[Thu Jul 27 10:15:36 2023] systemd[1]: Finished Load Kernel Module configfs.
[Thu Jul 27 10:15:36 2023] systemd[1]: modprobe@drm.service: Deactivated successfully.
[Thu Jul 27 10:15:36 2023] systemd[1]: Finished Load Kernel Module drm.
[Thu Jul 27 10:15:36 2023] systemd[1]: modprobe@fuse.service: Deactivated successfully.
[Thu Jul 27 10:15:36 2023] systemd[1]: Finished Load Kernel Module fuse.
[Thu Jul 27 10:15:36 2023] systemd[1]: modprobe@pstore_blk.service: Deactivated successfully.
[Thu Jul 27 10:15:36 2023] EXT4-fs (sda2): re-mounted. Opts: errors=remount-ro. Quota mode: none.
[Thu Jul 27 10:15:36 2023] lp: driver loaded but no devices found
[Thu Jul 27 10:15:36 2023] systemd[1]: Finished Load Kernel Module pstore_blk.
[Thu Jul 27 10:15:36 2023] ppdev: user-space parallel port driver
[Thu Jul 27 10:15:36 2023] systemd[1]: modprobe@chromeos_pstore.service: Deactivated successfully.
[Thu Jul 27 10:15:36 2023] systemd[1]: Finished Load Kernel Module chromeos_pstore.
[Thu Jul 27 10:15:36 2023] systemd[1]: modprobe@pstore_zone.service: Deactivated successfully.
[Thu Jul 27 10:15:36 2023] systemd[1]: Finished Load Kernel Module pstore_zone.
[Thu Jul 27 10:15:36 2023] systemd[1]: Finished Remount Root and Kernel File Systems.
[Thu Jul 27 10:15:36 2023] systemd[1]: Activating swap /swapfile...
[Thu Jul 27 10:15:36 2023] systemd[1]: Mounting FUSE Control File System...
[Thu Jul 27 10:15:36 2023] systemd[1]: Mounting Kernel Configuration File System...
[Thu Jul 27 10:15:36 2023] systemd[1]: Starting Load/Save Random Seed...
[Thu Jul 27 10:15:36 2023] systemd[1]: Starting Create System Users...
[Thu Jul 27 10:15:36 2023] Adding 2097148k swap on /swapfile.  Priority:-2 extents:6 across:88211456k SSFS
[Thu Jul 27 10:15:36 2023] systemd[1]: Finished Monitoring of LVM2 mirrors, snapshots etc. using dmeventd or progress polling.
[Thu Jul 27 10:15:36 2023] systemd[1]: Activated swap /swapfile.
[Thu Jul 27 10:15:36 2023] systemd[1]: modprobe@ramoops.service: Deactivated successfully.
[Thu Jul 27 10:15:36 2023] systemd[1]: Finished Load Kernel Module ramoops.
[Thu Jul 27 10:15:36 2023] systemd[1]: Finished Load Kernel Modules.
[Thu Jul 27 10:15:36 2023] systemd[1]: Mounted FUSE Control File System.
[Thu Jul 27 10:15:36 2023] systemd[1]: Mounted Kernel Configuration File System.
[Thu Jul 27 10:15:36 2023] systemd[1]: Reached target Swaps.
[Thu Jul 27 10:15:36 2023] systemd[1]: Starting Apply Kernel Variables...
[Thu Jul 27 10:15:36 2023] systemd[1]: Finished Set the console keyboard layout.
[Thu Jul 27 10:15:36 2023] systemd[1]: Finished Load/Save Random Seed.
[Thu Jul 27 10:15:36 2023] systemd[1]: Condition check resulted in First Boot Complete being skipped.
[Thu Jul 27 10:15:36 2023] systemd[1]: Finished Create System Users.
[Thu Jul 27 10:15:36 2023] systemd[1]: Starting Create Static Device Nodes in /dev...
[Thu Jul 27 10:15:36 2023] systemd[1]: Finished Apply Kernel Variables.
[Thu Jul 27 10:15:36 2023] pstore: Using crash dump compression: deflate
[Thu Jul 27 10:15:36 2023] pstore: Registered efi as persistent store backend
[Thu Jul 27 10:15:36 2023] systemd[1]: modprobe@efi_pstore.service: Deactivated successfully.
[Thu Jul 27 10:15:36 2023] systemd[1]: Finished Load Kernel Module efi_pstore.
[Thu Jul 27 10:15:36 2023] systemd[1]: Condition check resulted in Platform Persistent Storage Archival being skipped.
[Thu Jul 27 10:15:36 2023] systemd[1]: Finished Create Static Device Nodes in /dev.
[Thu Jul 27 10:15:36 2023] systemd[1]: Reached target Preparation for Local File Systems.
[Thu Jul 27 10:15:36 2023] systemd[1]: Starting Rule-based Manager for Device Events and Files...
[Thu Jul 27 10:15:36 2023] systemd[1]: Started Journal Service.
[Thu Jul 27 10:15:36 2023] systemd-journald[364]: Received client request to flush runtime journal.
[Thu Jul 27 10:15:36 2023] systemd-journald[364]: File /var/log/journal/b0d275fb46fa48c6820be57edaa22cf5/system.journal corrupted or uncleanly shut down, renaming and replacing.
[Thu Jul 27 10:15:36 2023] smbus_hc ACPI0001:00: SBS HC: offset = 0x20, query_bit = 0x10
[Thu Jul 27 10:15:36 2023] dw_dmac_pci 0000:00:15.0: DesignWare DMA Controller, 8 channels
[Thu Jul 27 10:15:36 2023] usbcore: registered new device driver apple-mfi-fastcharge
[Thu Jul 27 10:15:36 2023] cfg80211: Loading compiled-in X.509 certificates for regulatory database
[Thu Jul 27 10:15:36 2023] cfg80211: Loaded X.509 cert 'sforshee: 00b28ddf47aef9cea7'
[Thu Jul 27 10:15:36 2023] usbcore: registered new interface driver brcmfmac
[Thu Jul 27 10:15:36 2023] input: bcm5974 as /devices/pci0000:00/0000:00:14.0/usb1/1-5/1-5:1.2/input/input8
[Thu Jul 27 10:15:36 2023] usbcore: registered new interface driver bcm5974
[Thu Jul 27 10:15:36 2023] ACPI: Smart Battery System [SBS0]: Battery Slot [BAT0] (battery present)
[Thu Jul 27 10:15:36 2023] brcmfmac: brcmf_fw_alloc_request: using brcm/brcmfmac43602-pcie for chip BCM43602/1
[Thu Jul 27 10:15:36 2023] brcmfmac 0000:03:00.0: Direct firmware load for brcm/brcmfmac43602-pcie.Apple Inc.-MacBookPro12,1.bin failed with error -2
[Thu Jul 27 10:15:36 2023] Bluetooth: Core ver 2.22
[Thu Jul 27 10:15:36 2023] NET: Registered PF_BLUETOOTH protocol family
[Thu Jul 27 10:15:36 2023] Bluetooth: HCI device and connection manager initialized
[Thu Jul 27 10:15:36 2023] Bluetooth: HCI socket layer initialized
[Thu Jul 27 10:15:36 2023] Bluetooth: L2CAP socket layer initialized
[Thu Jul 27 10:15:36 2023] Bluetooth: SCO socket layer initialized
[Thu Jul 27 10:15:36 2023] brcmfmac 0000:03:00.0: Direct firmware load for brcm/brcmfmac43602-pcie.Apple Inc.-MacBookPro12,1.txt failed with error -2
[Thu Jul 27 10:15:36 2023] brcmfmac 0000:03:00.0: Direct firmware load for brcm/brcmfmac43602-pcie.txt failed with error -2
[Thu Jul 27 10:15:36 2023] usbcore: registered new interface driver btusb
[Thu Jul 27 10:15:36 2023] snd_hda_intel 0000:00:03.0: bound 0000:00:02.0 (ops i915_audio_component_bind_ops [i915])
[Thu Jul 27 10:15:36 2023] snd_hda_codec_cirrus hdaudioC1D0: autoconfig for CS4208: line_outs=2 (0x12/0x13/0x0/0x0/0x0) type:speaker
[Thu Jul 27 10:15:36 2023] snd_hda_codec_cirrus hdaudioC1D0:    speaker_outs=0 (0x0/0x0/0x0/0x0/0x0)
[Thu Jul 27 10:15:36 2023] snd_hda_codec_cirrus hdaudioC1D0:    hp_outs=1 (0x10/0x0/0x0/0x0/0x0)
[Thu Jul 27 10:15:36 2023] snd_hda_codec_cirrus hdaudioC1D0:    mono: mono_out=0x0
[Thu Jul 27 10:15:36 2023] snd_hda_codec_cirrus hdaudioC1D0:    dig-out=0x21/0x0
[Thu Jul 27 10:15:36 2023] snd_hda_codec_cirrus hdaudioC1D0:    inputs:
[Thu Jul 27 10:15:36 2023] snd_hda_codec_cirrus hdaudioC1D0:      Internal Mic=0x1c
[Thu Jul 27 10:15:36 2023] snd_hda_codec_cirrus hdaudioC1D0:      Mic=0x18
[Thu Jul 27 10:15:36 2023] RAPL PMU: API unit is 2^-32 Joules, 4 fixed counters, 655360 ms ovfl timer
[Thu Jul 27 10:15:36 2023] RAPL PMU: hw unit of domain pp0-core 2^-14 Joules
[Thu Jul 27 10:15:36 2023] RAPL PMU: hw unit of domain package 2^-14 Joules
[Thu Jul 27 10:15:36 2023] RAPL PMU: hw unit of domain dram 2^-14 Joules
[Thu Jul 27 10:15:36 2023] RAPL PMU: hw unit of domain pp1-gpu 2^-14 Joules
[Thu Jul 27 10:15:36 2023] Bluetooth: hci0: BCM: chip id 102 build 0537
[Thu Jul 27 10:15:36 2023] Bluetooth: hci0: BCM: product 05ac:8290
[Thu Jul 27 10:15:36 2023] Bluetooth: hci0: BCM: features 0x2f
[Thu Jul 27 10:15:37 2023] Bluetooth: hci0: BCM20703A1 Generic USB UHE Apple 20Mhz fcbga_X87
[Thu Jul 27 10:15:37 2023] input: HDA Intel HDMI HDMI/DP,pcm=3 as /devices/pci0000:00/0000:00:03.0/sound/card0/input9
[Thu Jul 27 10:15:37 2023] input: HDA Intel PCH Mic as /devices/pci0000:00/0000:00:1b.0/sound/card1/input14
[Thu Jul 27 10:15:37 2023] input: HDA Intel HDMI HDMI/DP,pcm=7 as /devices/pci0000:00/0000:00:03.0/sound/card0/input10
[Thu Jul 27 10:15:37 2023] input: HDA Intel PCH Headphone as /devices/pci0000:00/0000:00:1b.0/sound/card1/input15
[Thu Jul 27 10:15:37 2023] input: HDA Intel PCH SPDIF as /devices/pci0000:00/0000:00:1b.0/sound/card1/input16
[Thu Jul 27 10:15:37 2023] input: HDA Intel HDMI HDMI/DP,pcm=8 as /devices/pci0000:00/0000:00:03.0/sound/card0/input11
[Thu Jul 27 10:15:37 2023] input: HDA Intel HDMI HDMI/DP,pcm=9 as /devices/pci0000:00/0000:00:03.0/sound/card0/input12
[Thu Jul 27 10:15:37 2023] input: HDA Intel HDMI HDMI/DP,pcm=10 as /devices/pci0000:00/0000:00:03.0/sound/card0/input13
[Thu Jul 27 10:15:37 2023] brcmfmac: brcmf_fw_alloc_request: using brcm/brcmfmac43602-pcie for chip BCM43602/1
[Thu Jul 27 10:15:37 2023] brcmfmac: brcmf_c_process_clm_blob: no clm_blob available (err=-2), device may have limited channels available
[Thu Jul 27 10:15:37 2023] brcmfmac: brcmf_c_preinit_dcmds: Firmware: BCM43602/1 wl0: Nov 10 2015 06:38:10 version 7.35.177.61 (r598657) FWID 01-ea662a8c
[Thu Jul 27 10:15:37 2023] applesmc: key=670 fan=1 temp=35 index=34 acc=0 lux=2 kbd=1
[Thu Jul 27 10:15:37 2023] applesmc applesmc.768: hwmon_device_register() is deprecated. Please convert the driver to use hwmon_device_register_with_info().
[Thu Jul 27 10:15:37 2023] brcmfmac 0000:03:00.0 wlp3s0: renamed from wlan0
[Thu Jul 27 10:15:37 2023] intel_rapl_common: Found RAPL domain package
[Thu Jul 27 10:15:37 2023] intel_rapl_common: Found RAPL domain core
[Thu Jul 27 10:15:37 2023] intel_rapl_common: Found RAPL domain uncore
[Thu Jul 27 10:15:37 2023] intel_rapl_common: Found RAPL domain dram
[Thu Jul 27 10:15:38 2023] spl: loading out-of-tree module taints kernel.
[Thu Jul 27 10:15:38 2023] znvpair: module license 'CDDL' taints kernel.
[Thu Jul 27 10:15:38 2023] Disabling lock debugging due to kernel taint
[Thu Jul 27 10:15:38 2023] ZFS: Loaded module v2.1.5-1ubuntu6~22.04.1, ZFS pool version 5000, ZFS filesystem version 5
[Thu Jul 27 10:15:38 2023] audit: type=1400 audit(1690173455.925:2): apparmor="STATUS" operation="profile_load" profile="unconfined" name="lsb_release" pid=673 comm="apparmor_parser"
[Thu Jul 27 10:15:38 2023] audit: type=1400 audit(1690173455.925:3): apparmor="STATUS" operation="profile_load" profile="unconfined" name="nvidia_modprobe" pid=674 comm="apparmor_parser"
[Thu Jul 27 10:15:38 2023] audit: type=1400 audit(1690173455.925:4): apparmor="STATUS" operation="profile_load" profile="unconfined" name="nvidia_modprobe//kmod" pid=674 comm="apparmor_parser"
[Thu Jul 27 10:15:38 2023] audit: type=1400 audit(1690173455.929:5): apparmor="STATUS" operation="profile_load" profile="unconfined" name="/usr/bin/man" pid=676 comm="apparmor_parser"
[Thu Jul 27 10:15:38 2023] audit: type=1400 audit(1690173455.929:6): apparmor="STATUS" operation="profile_load" profile="unconfined" name="man_filter" pid=676 comm="apparmor_parser"
[Thu Jul 27 10:15:38 2023] audit: type=1400 audit(1690173455.929:7): apparmor="STATUS" operation="profile_load" profile="unconfined" name="man_groff" pid=676 comm="apparmor_parser"
[Thu Jul 27 10:15:38 2023] audit: type=1400 audit(1690173455.933:8): apparmor="STATUS" operation="profile_load" profile="unconfined" name="/usr/bin/redshift" pid=677 comm="apparmor_parser"
[Thu Jul 27 10:15:38 2023] audit: type=1400 audit(1690173455.933:9): apparmor="STATUS" operation="profile_load" profile="unconfined" name="/usr/lib/NetworkManager/nm-dhcp-client.action" pid=675 comm="apparmor_parser"
[Thu Jul 27 10:15:38 2023] audit: type=1400 audit(1690173455.933:10): apparmor="STATUS" operation="profile_load" profile="unconfined" name="/usr/lib/NetworkManager/nm-dhcp-helper" pid=675 comm="apparmor_parser"
[Thu Jul 27 10:15:38 2023] audit: type=1400 audit(1690173455.933:11): apparmor="STATUS" operation="profile_load" profile="unconfined" name="/usr/lib/connman/scripts/dhclient-script" pid=675 comm="apparmor_parser"
[Thu Jul 27 10:15:40 2023] systemd-journald[364]: File /var/log/journal/b0d275fb46fa48c6820be57edaa22cf5/user-1000.journal corrupted or uncleanly shut down, renaming and replacing.
[Thu Jul 27 10:15:46 2023] IPv6: ADDRCONF(NETDEV_CHANGE): wlp3s0: link becomes ready
[Thu Jul 27 10:15:46 2023] ieee80211 phy0: brcmf_inetaddr_changed: fail to get arp ip table err:-52
[Thu Jul 27 10:15:46 2023] kauditd_printk_skb: 14 callbacks suppressed
[Thu Jul 27 10:15:46 2023] audit: type=1400 audit(1690173463.701:26): apparmor="DENIED" operation="capable" profile="/usr/sbin/cups-browsed" pid=1504 comm="cups-browsed" capability=23  capname="sys_nice"
[Thu Jul 27 10:16:06 2023] ieee80211 phy0: brcmf_inetaddr_changed: fail to get arp ip table err:-52
[Thu Jul 27 11:04:00 2023] IPv6: ADDRCONF(NETDEV_CHANGE): wlp3s0: link becomes ready
[Thu Jul 27 11:04:00 2023] ieee80211 phy0: brcmf_inetaddr_changed: fail to get arp ip table err:-52
[Thu Jul 27 11:05:09 2023] ieee80211 phy0: brcmf_inetaddr_changed: fail to get arp ip table err:-52
[Thu Jul 27 11:06:28 2023] PM: suspend entry (deep)
[Thu Jul 27 11:06:28 2023] Filesystems sync: 0.034 seconds
[Thu Jul 27 11:06:28 2023] Freezing user space processes ... (elapsed 0.014 seconds) done.
[Thu Jul 27 11:06:28 2023] OOM killer disabled.
[Thu Jul 27 11:06:28 2023] Freezing remaining freezable tasks ... (elapsed 0.001 seconds) done.
[Thu Jul 27 11:06:28 2023] printk: Suspending console(s) (use no_console_suspend to debug)
[Thu Jul 27 11:06:28 2023] sd 0:0:0:0: [sda] Synchronizing SCSI cache
[Thu Jul 27 11:06:28 2023] sd 0:0:0:0: [sda] Stopping disk
[Thu Jul 27 11:06:28 2023] ACPI: EC: interrupt blocked
[Thu Jul 27 11:06:28 2023] ACPI: PM: Preparing to enter system sleep state S3
[Thu Jul 27 11:06:28 2023] ACPI: EC: event blocked
[Thu Jul 27 11:06:28 2023] ACPI: EC: EC stopped
[Thu Jul 27 11:06:28 2023] ACPI: PM: Saving platform NVS memory
[Thu Jul 27 11:06:28 2023] Disabling non-boot CPUs ...
[Thu Jul 27 11:06:28 2023] smpboot: CPU 1 is now offline
[Thu Jul 27 11:06:28 2023] smpboot: CPU 2 is now offline
[Thu Jul 27 11:06:28 2023] smpboot: CPU 3 is now offline
[Thu Jul 27 11:06:28 2023] ACPI: PM: Low-level resume complete
[Thu Jul 27 11:06:28 2023] ACPI: EC: EC started
[Thu Jul 27 11:06:28 2023] ACPI: PM: Restoring platform NVS memory
[Thu Jul 27 11:06:28 2023] Enabling non-boot CPUs ...
[Thu Jul 27 11:06:28 2023] x86: Booting SMP configuration:
[Thu Jul 27 11:06:28 2023] smpboot: Booting Node 0 Processor 1 APIC 0x2
[Thu Jul 27 11:06:29 2023] CPU1 is up
[Thu Jul 27 11:06:29 2023] smpboot: Booting Node 0 Processor 2 APIC 0x1
[Thu Jul 27 11:06:29 2023] CPU2 is up
[Thu Jul 27 11:06:29 2023] smpboot: Booting Node 0 Processor 3 APIC 0x3
[Thu Jul 27 11:06:29 2023] CPU3 is up
[Thu Jul 27 11:06:29 2023] ACPI: PM: Waking up from system sleep state S3
[Thu Jul 27 11:06:29 2023] ACPI: EC: interrupt unblocked
[Thu Jul 27 11:06:30 2023] ACPI: EC: event unblocked
[Thu Jul 27 11:06:30 2023] sd 0:0:0:0: [sda] Starting disk
[Thu Jul 27 11:06:30 2023] brcmfmac: brcmf_fw_alloc_request: using brcm/brcmfmac43602-pcie for chip BCM43602/1
[Thu Jul 27 11:06:30 2023] brcmfmac 0000:03:00.0: Direct firmware load for brcm/brcmfmac43602-pcie.Apple Inc.-MacBookPro12,1.bin failed with error -2
[Thu Jul 27 11:06:30 2023] brcmfmac 0000:03:00.0: Direct firmware load for brcm/brcmfmac43602-pcie.Apple Inc.-MacBookPro12,1.txt failed with error -2
[Thu Jul 27 11:06:30 2023] brcmfmac 0000:03:00.0: Direct firmware load for brcm/brcmfmac43602-pcie.txt failed with error -2
[Thu Jul 27 11:06:30 2023] ata1: SATA link up 6.0 Gbps (SStatus 133 SControl 300)
[Thu Jul 27 11:06:30 2023] ata1.00: unexpected _GTF length (8)
[Thu Jul 27 11:06:30 2023] ata1.00: unexpected _GTF length (8)
[Thu Jul 27 11:06:30 2023] ata1.00: configured for UDMA/133
[Thu Jul 27 11:06:31 2023] brcmfmac: brcmf_fw_alloc_request: using brcm/brcmfmac43602-pcie for chip BCM43602/1
[Thu Jul 27 11:06:31 2023] brcmfmac: brcmf_c_process_clm_blob: no clm_blob available (err=-2), device may have limited channels available
[Thu Jul 27 11:06:31 2023] brcmfmac: brcmf_c_preinit_dcmds: Firmware: BCM43602/1 wl0: Nov 10 2015 06:38:10 version 7.35.177.61 (r598657) FWID 01-ea662a8c
[Thu Jul 27 11:06:33 2023] OOM killer enabled.
[Thu Jul 27 11:06:33 2023] Restarting tasks ... 
[Thu Jul 27 11:06:33 2023] usb 2-3: USB disconnect, device number 2
[Thu Jul 27 11:06:33 2023] done.
[Thu Jul 27 11:06:34 2023] PM: suspend exit
[Thu Jul 27 11:06:34 2023] brcmfmac 0000:03:00.0 wlp3s0: renamed from wlan0
[Thu Jul 27 12:06:07 2023] IPv6: ADDRCONF(NETDEV_CHANGE): wlp3s0: link becomes ready
[Thu Jul 27 12:06:07 2023] ieee80211 phy1: brcmf_inetaddr_changed: fail to get arp ip table err:-52
[Thu Jul 27 12:27:26 2023] ieee80211 phy1: brcmf_inetaddr_changed: fail to get arp ip table err:-52
[Thu Jul 27 12:29:54 2023] PM: suspend entry (deep)
[Thu Jul 27 12:29:54 2023] Filesystems sync: 0.050 seconds
[Thu Jul 27 12:29:54 2023] Freezing user space processes ... (elapsed 0.001 seconds) done.
[Thu Jul 27 12:29:54 2023] OOM killer disabled.
[Thu Jul 27 12:29:54 2023] Freezing remaining freezable tasks ... (elapsed 0.000 seconds) done.
[Thu Jul 27 12:29:54 2023] printk: Suspending console(s) (use no_console_suspend to debug)
[Thu Jul 27 12:29:54 2023] sd 0:0:0:0: [sda] Synchronizing SCSI cache
[Thu Jul 27 12:29:54 2023] sd 0:0:0:0: [sda] Stopping disk
[Thu Jul 27 12:29:55 2023] ACPI: EC: interrupt blocked
[Thu Jul 27 12:29:55 2023] ACPI: PM: Preparing to enter system sleep state S3
[Thu Jul 27 12:29:55 2023] ACPI: EC: event blocked
[Thu Jul 27 12:29:55 2023] ACPI: EC: EC stopped
[Thu Jul 27 12:29:55 2023] ACPI: PM: Saving platform NVS memory
[Thu Jul 27 12:29:55 2023] Disabling non-boot CPUs ...
[Thu Jul 27 12:29:55 2023] smpboot: CPU 1 is now offline
[Thu Jul 27 12:29:55 2023] smpboot: CPU 2 is now offline
[Thu Jul 27 12:29:55 2023] smpboot: CPU 3 is now offline
[Thu Jul 27 12:29:55 2023] ACPI: PM: Low-level resume complete
[Thu Jul 27 12:29:55 2023] ACPI: EC: EC started
[Thu Jul 27 12:29:55 2023] ACPI: PM: Restoring platform NVS memory
[Thu Jul 27 12:29:55 2023] Enabling non-boot CPUs ...
[Thu Jul 27 12:29:55 2023] x86: Booting SMP configuration:
[Thu Jul 27 12:29:55 2023] smpboot: Booting Node 0 Processor 1 APIC 0x2
[Thu Jul 27 12:29:55 2023] CPU1 is up
[Thu Jul 27 12:29:55 2023] smpboot: Booting Node 0 Processor 2 APIC 0x1
[Thu Jul 27 12:29:55 2023] CPU2 is up
[Thu Jul 27 12:29:55 2023] smpboot: Booting Node 0 Processor 3 APIC 0x3
[Thu Jul 27 12:29:56 2023] CPU3 is up
[Thu Jul 27 12:29:56 2023] ACPI: PM: Waking up from system sleep state S3
[Thu Jul 27 12:29:56 2023] ACPI: EC: interrupt unblocked
[Thu Jul 27 12:29:57 2023] ACPI: EC: event unblocked
[Thu Jul 27 12:29:57 2023] sd 0:0:0:0: [sda] Starting disk
[Thu Jul 27 12:29:57 2023] brcmfmac: brcmf_fw_alloc_request: using brcm/brcmfmac43602-pcie for chip BCM43602/1
[Thu Jul 27 12:29:57 2023] brcmfmac 0000:03:00.0: Direct firmware load for brcm/brcmfmac43602-pcie.Apple Inc.-MacBookPro12,1.bin failed with error -2
[Thu Jul 27 12:29:57 2023] brcmfmac 0000:03:00.0: Direct firmware load for brcm/brcmfmac43602-pcie.Apple Inc.-MacBookPro12,1.txt failed with error -2
[Thu Jul 27 12:29:57 2023] brcmfmac 0000:03:00.0: Direct firmware load for brcm/brcmfmac43602-pcie.txt failed with error -2
[Thu Jul 27 12:29:57 2023] OOM killer enabled.
[Thu Jul 27 12:29:57 2023] Restarting tasks ... done.
[Thu Jul 27 12:29:57 2023] PM: suspend exit
[Thu Jul 27 12:29:57 2023] ata1: SATA link up 6.0 Gbps (SStatus 133 SControl 300)
[Thu Jul 27 12:29:57 2023] ata1.00: unexpected _GTF length (8)
[Thu Jul 27 12:29:57 2023] ata1.00: unexpected _GTF length (8)
[Thu Jul 27 12:29:57 2023] ata1.00: configured for UDMA/133
[Thu Jul 27 12:29:57 2023] brcmfmac: brcmf_fw_alloc_request: using brcm/brcmfmac43602-pcie for chip BCM43602/1
[Thu Jul 27 12:29:57 2023] brcmfmac: brcmf_c_process_clm_blob: no clm_blob available (err=-2), device may have limited channels available
[Thu Jul 27 12:29:57 2023] brcmfmac: brcmf_c_preinit_dcmds: Firmware: BCM43602/1 wl0: Nov 10 2015 06:38:10 version 7.35.177.61 (r598657) FWID 01-ea662a8c
[Thu Jul 27 12:29:57 2023] brcmfmac 0000:03:00.0 wlp3s0: renamed from wlan0
[Thu Jul 27 12:30:02 2023] usb usb2-port3: Cannot enable. Maybe the USB cable is bad?
[Thu Jul 27 12:39:39 2023] PM: suspend entry (deep)
[Thu Jul 27 12:39:39 2023] Filesystems sync: 0.018 seconds
[Thu Jul 27 12:39:39 2023] Freezing user space processes ... (elapsed 0.014 seconds) done.
[Thu Jul 27 12:39:39 2023] OOM killer disabled.
[Thu Jul 27 12:39:39 2023] Freezing remaining freezable tasks ... (elapsed 0.001 seconds) done.
[Thu Jul 27 12:39:39 2023] printk: Suspending console(s) (use no_console_suspend to debug)
[Thu Jul 27 12:39:39 2023] sd 0:0:0:0: [sda] Synchronizing SCSI cache
[Thu Jul 27 12:39:39 2023] sd 0:0:0:0: [sda] Stopping disk
[Thu Jul 27 12:39:39 2023] ACPI: EC: interrupt blocked
